Component: ARM Compiler 5.06 update 6 (build 750) Tool: armlink [4d35ed]

==============================================================================

Section Cross References

    system_stm32f4xx.o(.text) refers to system_stm32f4xx.o(.data) for .data
    dm9162.o(.text) refers to stm32f4xx_rcc.o(.text) for RCC_AHB1PeriphClockCmd
    dm9162.o(.text) refers to stm32f4x7_eth.o(.text) for ETH_DeInit
    dm9162.o(.text) refers to stm32f4xx_syscfg.o(.text) for SYSCFG_ETH_MediaInterfaceConfig
    dm9162.o(.text) refers to stm32f4xx_gpio.o(.text) for GPIO_Init
    dm9162.o(.text) refers to bsp_timer.o(.text) for Delay_ms
    dm9162.o(.text) refers to memcpya.o(.text) for __aeabi_memcpy
    dm9162.o(.text) refers to dm9162.o(.data) for .data
    dm9162.o(.text) refers to stm32f4x7_eth.o(.bss) for Tx_Buff
    dm9162.o(.text) refers to stm32f4x7_eth.o(.bss) for DMATxDscrTab
    dm9162.o(.text) refers to stm32f4x7_eth.o(.bss) for Rx_Buff
    dm9162.o(.text) refers to stm32f4x7_eth.o(.bss) for DMARxDscrTab
    dm9162.o(.text) refers to stm32f4x7_eth.o(.data) for DMARxDescToGet
    dm9162.o(.text) refers to dm9000.o(.data) for receiveLen
    dm9162.o(.text) refers to dm9000.o(.bss) for receiveBuffer
    dm9000.o(.text) refers to bsp_timer.o(.text) for Delay_ms
    dm9000.o(.text) refers to stm32f4xx_gpio.o(.text) for GPIO_ResetBits
    dm9000.o(.text) refers to stm32f4xx_fsmc.o(.text) for FSMC_NORSRAMInit
    dm9000.o(.text) refers to stm32f4xx_rcc.o(.text) for RCC_AHB3PeriphClockCmd
    dm9000.o(.text) refers to dm9000.o(.data) for .data
    dm9000.o(.text) refers to memcpya.o(.text) for __aeabi_memcpy
    dm9000.o(.text) refers to dm9000.o(.bss) for .bss
    sram.o(.text) refers to stm32f4xx_rcc.o(.text) for RCC_AHB1PeriphClockCmd
    sram.o(.text) refers to stm32f4xx_gpio.o(.text) for GPIO_Init
    sram.o(.text) refers to stm32f4xx_fsmc.o(.text) for FSMC_NORSRAMInit
    rtc.o(.text) refers to stm32f4xx_rtc.o(.text) for RTC_SetTime
    rtc.o(.text) refers to stm32f4xx_rcc.o(.text) for RCC_APB1PeriphClockCmd
    rtc.o(.text) refers to stm32f4xx_pwr.o(.text) for PWR_BackupAccessCmd
    rtc.o(.text) refers to bsp_timer.o(.text) for Delay_ms
    rtc.o(.text) refers to stm32f4xx_exti.o(.text) for EXTI_ClearITPendingBit
    rtc.o(.text) refers to misc.o(.text) for NVIC_Init
    rtc.o(.text) refers to rtc.o(.data) for .data
    bsp_timer.o(.text) refers to stm32f4xx_tim.o(.text) for TIM_GetCounter
    bsp_timer.o(.text) refers to stm32f4xx_rcc.o(.text) for RCC_APB1PeriphClockCmd
    bsp_timer.o(.text) refers to system_stm32f4xx.o(.data) for SystemCoreClock
    bsp_timer.o(.text) refers to stm32f4xx_it.o(.data) for g_iRunTime
    bsp.o(.text) refers to stm32f4xx_rcc.o(.text) for RCC_AHB1PeriphClockCmd
    bsp.o(.text) refers to stm32f4xx_gpio.o(.text) for GPIO_Init
    ethercat_master.o(.text) refers to bsp.o(.text) for bsp_Init
    ethercat_master.o(.text) refers to misc.o(.text) for NVIC_PriorityGroupConfig
    ethercat_master.o(.text) refers to system_stm32f4xx.o(.text) for SystemCoreClockUpdate
    ethercat_master.o(.text) refers to usart.o(.text) for uart_init
    ethercat_master.o(.text) refers to stm32f4xx_rcc.o(.text) for RCC_GetClocksFreq
    ethercat_master.o(.text) refers to bsp_timer.o(.text) for TIM2_Int_Init
    ethercat_master.o(.text) refers to stm32f4xx_tim.o(.text) for TIM_TimeBaseInit
    ethercat_master.o(.text) refers to printf8.o(i.__0printf$8) for __2printf
    ethercat_master.o(.text) refers to dm9000.o(.text) for dm9k_ReadID
    ethercat_master.o(.text) refers to dm9162.o(.text) for DM9162_Init
    ethercat_master.o(.text) refers to stm32f4x7_eth.o(.text) for ETH_ReadPHYRegister
    ethercat_master.o(.text) refers to ethercatmain.o(.text) for ec_init
    ethercat_master.o(.text) refers to ethercatconfig.o(.text) for ec_config_init
    ethercat_master.o(.text) refers to ethercatdc.o(.text) for ec_configdc
    ethercat_master.o(.text) refers to ethercat_master.o(.bss) for .bss
    ethercat_master.o(.text) refers to ethercatmain.o(.bss) for ec_slave
    ethercat_master.o(.text) refers to ethercat_master.o(.data) for .data
    ethercat_master.o(.text) refers to ethercatmain.o(.data) for ec_slavecount
    ethercat_master.o(.text) refers to ethercat_master.o(.conststring) for .conststring
    ethercatbase.o(.text) refers to nicdrv.o(.text) for ecx_getindex
    ethercatbase.o(.text) refers to memcpya.o(.text) for __aeabi_memcpy
    ethercatbase.o(.text) refers to memseta.o(.text) for __aeabi_memclr
    ethercatbase.o(.text) refers to ethercatmain.o(.bss) for ecx_port
    ethercatcoe.o(.text) refers to ethercatmain.o(.text) for ecx_pusherror
    ethercatcoe.o(.text) refers to memcpya.o(.text) for __aeabi_memcpy
    ethercatcoe.o(.text) refers to ethercatmain.o(.data) for ecx_context
    ethercatconfig.o(.text) refers to memseta.o(.text) for __aeabi_memclr4
    ethercatconfig.o(.text) refers to ethercatmain.o(.text) for ecx_siigetbyte
    ethercatconfig.o(.text) refers to ethercatbase.o(.text) for ecx_BWR
[...]
    .bss                                     0x2001a708   Section       12  stm32f4x7_eth.o(.bss)
    .bss                                     0x2001a714   Section      200  usart.o(.bss)
    STACK                                    0x2001a7e0   Section    16384  startup_stm32f40_41xxx.o(STACK)

    Global Symbols

    Symbol Name                              Value     Ov Type        Size  Object(Section)

    BuildAttributes$$THM_ISAv4$E$P$D$K$B$S$7EM$VFPi3$EXTD16$VFPS$VFMA$PE$A:L22UL41UL21$X:L11$S22US41US21$IEEE1$IW$USESV6$~STKCKD$USESV7$~SHL$OSPACE$ROPI$EBA8$MICROLIB$REQ8$PRES8$EABIv2 0x00000000   Number         0  anon$$obj.o ABSOLUTE
    __ARM_use_no_argv                        0x00000000   Number         0  ethercat_master.o ABSOLUTE
    __use_no_errno                           0x00000000   Number         0  useno.o ABSOLUTE
    __use_no_exception_handling              0x00000000   Number         0  useno.o ABSOLUTE
    __use_no_fp                              0x00000000   Number         0  useno.o ABSOLUTE
    __use_no_heap                            0x00000000   Number         0  useno.o ABSOLUTE
    __use_no_heap_region                     0x00000000   Number         0  useno.o ABSOLUTE
    __use_no_semihosting                     0x00000000   Number         0  useno.o ABSOLUTE
    __use_no_semihosting_swi                 0x00000000   Number         0  useno.o ABSOLUTE
    __use_no_signal_handling                 0x00000000   Number         0  useno.o ABSOLUTE
    _printf_a                                0x00000000   Number         0  stubs.o ABSOLUTE
    _printf_c                                0x00000000   Number         0  stubs.o ABSOLUTE
    _printf_charcount                        0x00000000   Number         0  stubs.o ABSOLUTE
    _printf_d                                0x00000000   Number         0  stubs.o ABSOLUTE
    _printf_e                                0x00000000   Number         0  stubs.o ABSOLUTE
    _printf_f                                0x00000000   Number         0  stubs.o ABSOLUTE
    _printf_flags                            0x00000000   Number         0  stubs.o ABSOLUTE
    _printf_fp_dec                           0x00000000   Number         0  stubs.o ABSOLUTE
    _printf_fp_hex                           0x00000000   Number         0  stubs.o ABSOLUTE
    _printf_g                                0x00000000   Number         0  stubs.o ABSOLUTE
    _printf_i                                0x00000000   Number         0  stubs.o ABSOLUTE
    _printf_int_dec                          0x00000000   Number         0  stubs.o ABSOLUTE
    _printf_l                                0x00000000   Number         0  stubs.o ABSOLUTE
    _printf_lc                               0x00000000   Number         0  stubs.o ABSOLUTE
    _printf_ll                               0x00000000   Number         0  stubs.o ABSOLUTE
    _printf_lld                              0x00000000   Number         0  stubs.o ABSOLUTE
    _printf_lli                              0x00000000   Number         0  stubs.o ABSOLUTE
    _printf_llo                              0x00000000   Number         0  stubs.o ABSOLUTE
    _printf_llu                              0x00000000   Number         0  stubs.o ABSOLUTE
    _printf_llx                              0x00000000   Number         0  stubs.o ABSOLUTE
    _printf_longlong_dec                     0x00000000   Number         0  stubs.o ABSOLUTE
    _printf_longlong_hex                     0x00000000   Number         0  stubs.o ABSOLUTE
    _printf_longlong_oct                     0x00000000   Number         0  stubs.o ABSOLUTE
    _printf_ls                               0x00000000   Number         0  stubs.o ABSOLUTE
    _printf_mbtowc                           0x00000000   Number         0  stubs.o ABSOLUTE
    _printf_n                                0x00000000   Number         0  stubs.o ABSOLUTE
    _printf_o                                0x00000000   Number         0  stubs.o ABSOLUTE
    _printf_p                                0x00000000   Number         0  stubs.o ABSOLUTE
    _printf_percent                          0x00000000   Number         0  stubs.o ABSOLUTE
    _printf_pre_padding                      0x00000000   Number         0  stubs.o ABSOLUTE
    _printf_return_value                     0x00000000   Number         0  stubs.o ABSOLUTE
    _printf_s                                0x00000000   Number         0  stubs.o ABSOLUTE
    _printf_sizespec                         0x00000000   Number         0  stubs.o ABSOLUTE
    _printf_str                              0x00000000   Number         0  stubs.o ABSOLUTE
    _printf_truncate_signed                  0x00000000   Number         0  stubs.o ABSOLUTE
    _printf_truncate_unsigned                0x00000000   Number         0  stubs.o ABSOLUTE
    _printf_u                                0x00000000   Number         0  stubs.o ABSOLUTE
    _printf_wc                               0x00000000   Number         0  stubs.o ABSOLUTE
    _printf_wctomb                           0x00000000   Number         0  stubs.o ABSOLUTE
    _printf_widthprec                        0x00000000   Number         0  stubs.o ABSOLUTE
    _printf_x                                0x00000000   Number         0  stubs.o ABSOLUTE
    __cpp_initialize__aeabi_                  - Undefined Weak Reference
    __cxa_finalize                            - Undefined Weak Reference
    __decompress                              - Undefined Weak Reference
    _clock_init                               - Undefined Weak Reference
    _microlib_exit                            - Undefined Weak Reference
    __Vectors_Size                           0x00000188   Number         0  startup_stm32f40_41xxx.o ABSOLUTE
    __Vectors                                0x08000000   Data           4  startup_stm32f40_41xxx.o(RESET)
    __Vectors_End                            0x08000188   Data           0  startup_stm32f40_41xxx.o(RESET)
    __main                                   0x08000189   Thumb Code     0  entry.o(.ARM.Collect$$$$00000000)
    _main_stk                                0x08000189   Thumb Code     0  entry2.o(.ARM.Collect$$$$00000001)
    _main_scatterload                        0x0800018d   Thumb Code     0  entry5.o(.ARM.Collect$$$$00000004)
    __main_after_scatterload                 0x08000191   Thumb Code     0  entry5.o(.ARM.Collect$$$$00000004)
    _main_clock                              0x08000191   Thumb Code     0  entry7b.o(.ARM.Collect$$$$00000008)
    _main_cpp_init                           0x08000191   Thumb Code     0  entry8b.o(.ARM.Collect$$$$0000000A)
    _main_init                               0x08000191   Thumb Code     0  entry9a.o(.ARM.Collect$$$$0000000B)
    __rt_final_cpp                           0x08000199   Thumb Code     0  entry10a.o(.ARM.Collect$$$$0000000D)
    __rt_final_exit                          0x08000199   Thumb Code     0  entry11a.o(.ARM.Collect$$$$0000000F)
    NMI_Handler                              0x0800019d   Thumb Code     2  stm32f4xx_it.o(.text)
    HardFault_Handler                        0x0800019f   Thumb Code     2  stm32f4xx_it.o(.text)
    MemManage_Handler                        0x080001a1   Thumb Code     2  stm32f4xx_it.o(.text)
    BusFault_Handler                         0x080001a3   Thumb Code     2  stm32f4xx_it.o(.text)
    UsageFault_Handler                       0x080001a5   Thumb Code     2  stm32f4xx_it.o(.text)
    SVC_Handler                              0x080001a7   Thumb Code     2  stm32f4xx_it.o(.text)
    DebugMon_Handler                         0x080001a9   Thumb Code     2  stm32f4xx_it.o(.text)
    PendSV_Handler                           0x080001ab   Thumb Code     2  stm32f4xx_it.o(.text)
    SysTick_Handler                          0x080001ad   Thumb Code     2  stm32f4xx_it.o(.text)
    SystemInit                               0x08000253   Thumb Code    74  system_stm32f4xx.o(.text)
    SystemCoreClockUpdate                    0x0800029d   Thumb Code   108  system_stm32f4xx.o(.text)
    ETH_MACDMA_Config                        0x08000331   Thumb Code   122  dm9162.o(.text)
    DM9162_Init                              0x080004a5   Thumb Code    44  dm9162.o(.text)
    MAC_Init                                 0x080004d1   Thumb Code    64  dm9162.o(.text)
    ETH_Rx_Packet                            0x08000511   Thumb Code    44  dm9162.o(.text)
    ETH_Tx_Packet                            0x0800053d   Thumb Code    60  dm9162.o(.text)
    ETH_GetCurrentTxBuffer                   0x08000579   Thumb Code     8  dm9162.o(.text)
    lwip_pkt_handle                          0x08000581   Thumb Code    80  dm9162.o(.text)
    Eth_Link_PHYITConfig                     0x080005d1   Thumb Code    30  dm9162.o(.text)
    dm9k_WriteReg                            0x0800062d   Thumb Code    10  dm9000.o(.text)
    dm9k_hash_table                          0x08000637   Thumb Code    50  dm9000.o(.text)
    dm9k_ReadReg                             0x08000669   Thumb Code    12  dm9000.o(.text)
    dm9k_phy_write                           0x08000675   Thumb Code    64  dm9000.o(.text)
    dm9k_reset                               0x080006b5   Thumb Code   188  dm9000.o(.text)
    DM9000_Initnic                           0x08000771   Thumb Code    74  dm9000.o(.text)
    DM9000_Init                              0x08000995   Thumb Code    24  dm9000.o(.text)
    dm9k_err_reset                           0x080009ad   Thumb Code   124  dm9000.o(.text)
    dm9k_receive_packet                      0x08000a29   Thumb Code   252  dm9000.o(.text)
    dm9k_send_packet                         0x08000b25   Thumb Code   114  dm9000.o(.text)
    dm9k_interrupt                           0x08000b97   Thumb Code    34  dm9000.o(.text)
    dm9k_ReadID                              0x08000bb9   Thumb Code    64  dm9000.o(.text)
    RTC_Set_Time                             0x08000c09   Thumb Code    28  rtc.o(.text)
    RTC_Set_Date                             0x08000c25   Thumb Code    28  rtc.o(.text)
    My_RTC_Init                              0x08000c41   Thumb Code   136  rtc.o(.text)
    RTC_Set_AlarmA                           0x08000cc9   Thumb Code   146  rtc.o(.text)
    RTC_Set_WakeUp                           0x08000d5b   Thumb Code   102  rtc.o(.text)
    RTC_Alarm_IRQHandler                     0x08000dc1   Thumb Code    34  rtc.o(.text)
    RTC_WKUP_IRQHandler                      0x08000de3   Thumb Code    52  rtc.o(.text)
    bsp_InitTimer                            0x08000e21   Thumb Code    42  bsp_timer.o(.text)
    bsp_GetTickCount                         0x08000e4b   Thumb Code    18  bsp_timer.o(.text)
    TIM2_Int_Init                            0x08000e5d   Thumb Code    52  bsp_timer.o(.text)
    Delay_us                                 0x08000e91   Thumb Code    14  bsp_timer.o(.text)
    Delay_ms                                 0x08000e9f   Thumb Code    18  bsp_timer.o(.text)
    delay                                    0x08000eb1   Thumb Code    16  bsp_timer.o(.text)
    ST_A1                                    0x08000ed1   Thumb Code    16  bsp.o(.text)
    ST_A2                                    0x08000ee1   Thumb Code    16  bsp.o(.text)
    Get_Syn_cmd                              0x08000ef1   Thumb Code    16  bsp.o(.text)
    Set_Syn_answer                           0x08000f01   Thumb Code    16  bsp.o(.text)
    bsp_LedOff                               0x08000f11   Thumb Code    24  bsp.o(.text)
    bsp_InitLed                              0x08000f29   Thumb Code   286  bsp.o(.text)
    bsp_Init                                 0x08001047   Thumb Code     2  bsp.o(.text)
    bsp_LedOn                                0x08001049   Thumb Code    24  bsp.o(.text)
    bsp_LedToggle                            0x08001061   Thumb Code    30  bsp.o(.text)
    bsp_IsLedOn                              0x0800107f   Thumb Code    18  bsp.o(.text)
    bsp_HWDT_service                         0x08001091   Thumb Code    14  bsp.o(.text)
    main                                     0x080010bd   Thumb Code   942  ethercat_master.o(.text)
    TIM3_IRQHandler                          0x0800146b   Thumb Code   738  ethercat_master.o(.text)
    ecx_setupdatagram                        0x0800174d   Thumb Code    86  ethercatbase.o(.text)
    ecx_adddatagram                          0x080017a3   Thumb Code   124  ethercatbase.o(.text)
    ecx_BWR                                  0x0800181f   Thumb Code    84  ethercatbase.o(.text)
    ecx_BRD                                  0x08001873   Thumb Code    98  ethercatbase.o(.text)
    ecx_APRD                                 0x080018d5   Thumb Code    98  ethercatbase.o(.text)
    ecx_ARMW                                 0x08001937   Thumb Code    98  ethercatbase.o(.text)
    ecx_FRMW                                 0x08001999   Thumb Code    98  ethercatbase.o(.text)
    ecx_APRDw                                0x080019fb   Thumb Code    26  ethercatbase.o(.text)
    ecx_FPRD                                 0x08001a15   Thumb Code    98  ethercatbase.o(.text)
    ecx_FPRDw                                0x08001a77   Thumb Code    26  ethercatbase.o(.text)
    ecx_APWR                                 0x08001a91   Thumb Code    80  ethercatbase.o(.text)
    ecx_APWRw                                0x08001ae1   Thumb Code    22  ethercatbase.o(.text)
    ecx_FPWR                                 0x08001af7   Thumb Code    80  ethercatbase.o(.text)
    ecx_FPWRw                                0x08001b47   Thumb Code    20  ethercatbase.o(.text)
    ecx_LRW                                  0x08001b5b   Thumb Code   106  ethercatbase.o(.text)
    ecx_LRD                                  0x08001bc5   Thumb Code   106  ethercatbase.o(.text)
    ecx_LWR                                  0x08001c2f   Thumb Code    88  ethercatbase.o(.text)
    ecx_LRWDC                                0x08001c87   Thumb Code   184  ethercatbase.o(.text)
    ec_setupdatagram                         0x08001d3f   Thumb Code    42  ethercatbase.o(.text)
    ec_adddatagram                           0x08001d69   Thumb Code    44  ethercatbase.o(.text)
    ec_BWR                                   0x08001d95   Thumb Code    24  ethercatbase.o(.text)
    ec_BRD                                   0x08001dad   Thumb Code    24  ethercatbase.o(.text)
    ec_APRD                                  0x08001dc5   Thumb Code    24  ethercatbase.o(.text)
    ec_ARMW                                  0x08001ddd   Thumb Code    24  ethercatbase.o(.text)
    ec_FRMW                                  0x08001df5   Thumb Code    24  ethercatbase.o(.text)
    ec_APRDw                                 0x08001e0d   Thumb Code    24  ethercatbase.o(.text)
    ec_FPRD                                  0x08001e25   Thumb Code    24  ethercatbase.o(.text)
    ec_FPRDw                                 0x08001e3d   Thumb Code    24  ethercatbase.o(.text)
    ec_APWR                                  0x08001e55   Thumb Code    24  ethercatbase.o(.text)
    ec_APWRw                                 0x08001e6d   Thumb Code    18  ethercatbase.o(.text)
    ec_FPWR                                  0x08001e7f   Thumb Code    24  ethercatbase.o(.text)
    ec_FPWRw                                 0x08001e97   Thumb Code    16  ethercatbase.o(.text)
    ec_LRW                                   0x08001ea7   Thumb Code    18  ethercatbase.o(.text)
    ec_LRD                                   0x08001eb9   Thumb Code    18  ethercatbase.o(.text)
    ec_LWR                                   0x08001ecb   Thumb Code    18  ethercatbase.o(.text)
    ec_LRWDC                                 0x08001edd   Thumb Code    30  ethercatbase.o(.text)
    ec_findconfig                            0x08001f29   Thumb Code    46  ethercatconfig.o(.text)
    ecx_init_context                         0x08001f57   Thumb Code    80  ethercatconfig.o(.text)
    ecx_detect_slaves                        0x08001fa7   Thumb Code   134  ethercatconfig.o(.text)
    ecx_config_init                          0x080023f3   Thumb Code  1830  ethercatconfig.o(.text)
    ecx_recover_slave                        0x08002f31   Thumb Code   380  ethercatconfig.o(.text)
    ec_config_init                           0x080030ad   Thumb Code     8  ethercatconfig.o(.text)
    ecx_config_map_group                     0x080030b5   Thumb Code  2676  ethercatconfig.o(.text)
    ec_config_map_group                      0x08003b29   Thumb Code    10  ethercatconfig.o(.text)
    ec_config_map                            0x08003b33   Thumb Code     4  ethercatconfig.o(.text)
    ec_config                                0x08003b37   Thumb Code    22  ethercatconfig.o(.text)
    ec_recover_slave                         0x08003b4d   Thumb Code    10  ethercatconfig.o(.text)
    ecat_loop                                0x08003b57   Thumb Code    54  ethercatconfig.o(.text)
    ecx_pusherror                            0x08003bb9   Thumb Code    92  ethercatmain.o(.text)
    ecx_poperror                             0x08003c15   Thumb Code    80  ethercatmain.o(.text)
    ecx_packeterror                          0x08003c65   Thumb Code    50  ethercatmain.o(.text)
    ecx_init                                 0x08003c97   Thumb Code     8  ethercatmain.o(.text)
    ecx_init_redundant                       0x08003c9f   Thumb Code    98  ethercatmain.o(.text)
    ecx_eeprom_waitnotbusyFP                 0x08003d01   Thumb Code   102  ethercatmain.o(.text)
    ecx_readeepromFP                         0x08003d67   Thumb Code   278  ethercatmain.o(.text)
    ecx_eeprom2master                        0x08003e7d   Thumb Code   136  ethercatmain.o(.text)
    ecx_siigetbyte                           0x08003f05   Thumb Code   206  ethercatmain.o(.text)
    ecx_eeprom2pdi                           0x08003fd3   Thumb Code    92  ethercatmain.o(.text)
    ecx_siifind                              0x0800402f   Thumb Code   166  ethercatmain.o(.text)
    ecx_siistring                            0x080040d5   Thumb Code   178  ethercatmain.o(.text)
    ecx_siiFMMU                              0x08004187   Thumb Code   186  ethercatmain.o(.text)
    ecx_siiSM                                0x08004241   Thumb Code   240  ethercatmain.o(.text)
    ecx_siiSMnext                            0x08004331   Thumb Code   208  ethercatmain.o(.text)
    ecx_siiPDO                               0x08004401   Thumb Code   406  ethercatmain.o(.text)
    ecx_statecheck                           0x08004597   Thumb Code   202  ethercatmain.o(.text)
    ec_nextmbxcnt                            0x08004661   Thumb Code    12  ethercatmain.o(.text)
    ec_clearmbx                              0x0800466d   Thumb Code     8  ethercatmain.o(.text)
    ecx_mbxempty                             0x08004675   Thumb Code   136  ethercatmain.o(.text)
    ecx_mbxsend                              0x080046fd   Thumb Code    94  ethercatmain.o(.text)
    ecx_mbxreceive                           0x0800475b   Thumb Code   576  ethercatmain.o(.text)
    ecx_readeeprom                           0x0800499b   Thumb Code    48  ethercatmain.o(.text)
    ecx_writeeepromFP                        0x080049cb   Thumb Code   232  ethercatmain.o(.text)
    ecx_writeeeprom                          0x08004ab3   Thumb Code    52  ethercatmain.o(.text)
    ecx_eeprom_waitnotbusyAP                 0x08004ae7   Thumb Code   100  ethercatmain.o(.text)
    ecx_readeepromAP                         0x08004b4b   Thumb Code   276  ethercatmain.o(.text)
    ecx_writeeepromAP                        0x08004c5f   Thumb Code   230  ethercatmain.o(.text)
    ecx_readeeprom1                          0x08004d75   Thumb Code   156  ethercatmain.o(.text)
    ecx_readeeprom2                          0x08004e11   Thumb Code    94  ethercatmain.o(.text)
    ec_init                                  0x08004e6f   Thumb Code    36  ethercatmain.o(.text)
    ec_statecheck                            0x08004e93   Thumb Code    12  ethercatmain.o(.text)
    ecx_FPRD_multi                           0x08004e9f   Thumb Code   278  ethercatmain.o(.text)
    ecx_readstate                            0x08004fb5   Thumb Code   386  ethercatmain.o(.text)
    ec_readstate                             0x08005137   Thumb Code     4  ethercatmain.o(.text)
    ecx_receive_processdata_group            0x0800513b   Thumb Code   268  ethercatmain.o(.text)
    ecx_writestate                           0x08005247   Thumb Code    78  ethercatmain.o(.text)
    ec_writestate                            0x08005295   Thumb Code     6  ethercatmain.o(.text)
    ecx_send_processdata_group               0x0800529b   Thumb Code   864  ethercatmain.o(.text)
    ec_send_processdata_group                0x080055fb   Thumb Code     6  ethercatmain.o(.text)
    ec_receive_processdata_group             0x08005601   Thumb Code     8  ethercatmain.o(.text)
    ec_send_processdata                      0x08005609   Thumb Code     4  ethercatmain.o(.text)
    ec_receive_processdata                   0x0800560d   Thumb Code     6  ethercatmain.o(.text)
    ecx_dcsync0                              0x08005631   Thumb Code   260  ethercatdc.o(.text)
    ecx_dcsync01                             0x08005735   Thumb Code   290  ethercatdc.o(.text)
    ecx_configdc                             0x08005947   Thumb Code  1046  ethercatdc.o(.text)
    ec_dcsync0                               0x08005d5d   Thumb Code    26  ethercatdc.o(.text)
    ec_dcsync01                              0x08005d77   Thumb Code    24  ethercatdc.o(.text)
    ec_configdc                              0x08005d8f   Thumb Code     4  ethercatdc.o(.text)
    MAC_Send                                 0x08005d99   Thumb Code    28  nicdrv.o(.text)
    ec_setupheader                           0x08005db5   Thumb Code    28  nicdrv.o(.text)
    ecx_setupnic                             0x08005dd1   Thumb Code   204  nicdrv.o(.text)
    ecx_getindex                             0x08005e9d   Thumb Code    92  nicdrv.o(.text)
    ecx_setbufstat                           0x08005ef9   Thumb Code    40  nicdrv.o(.text)
    ecx_outframe                             0x08005f21   Thumb Code    72  nicdrv.o(.text)
    ecx_outframe_red                         0x08005f69   Thumb Code   110  nicdrv.o(.text)
    ecx_inframe                              0x08005fd7   Thumb Code   314  nicdrv.o(.text)
    ecx_waitinframe_red                      0x08006111   Thumb Code   412  nicdrv.o(.text)
    ecx_waitinframe                          0x080062ad   Thumb Code    28  nicdrv.o(.text)
    ec_setbufstat                            0x080062c9   Thumb Code     8  nicdrv.o(.text)
    ecx_srconfirm                            0x080062d1   Thumb Code   118  nicdrv.o(.text)
    ec_getindex                              0x08006347   Thumb Code     4  nicdrv.o(.text)
    ec_outframe                              0x0800634b   Thumb Code     8  nicdrv.o(.text)
    ec_outframe_red                          0x08006353   Thumb Code     6  nicdrv.o(.text)
    ec_inframe                               0x08006359   Thumb Code     8  nicdrv.o(.text)
    ec_srconfirm                             0x08006361   Thumb Code     8  nicdrv.o(.text)
    Reset_Handler                            0x08006381   Thumb Code     8  startup_stm32f40_41xxx.o(.text)
    ADC_IRQHandler                           0x0800639b   Thumb Code     0  startup_stm32f40_41xxx.o(.text)
    CAN1_RX0_IRQHandler                      0x0800639b   Thumb Code     0  startup_stm32f40_41xxx.o(.text)
    CAN1_RX1_IRQHandler                      0x0800639b   Thumb Code     0  startup_stm32f40_41xxx.o(.text)
    CAN1_SCE_IRQHandler                      0x0800639b   Thumb Code     0  startup_stm32f40_41xxx.o(.text)
    CAN1_TX_IRQHandler                       0x0800639b   Thumb Code     0  startup_stm32f40_41xxx.o(.text)
    CAN2_RX0_IRQHandler                      0x0800639b   Thumb Code     0  startup_stm32f40_41xxx.o(.text)
    CAN2_RX1_IRQHandler                      0x0800639b   Thumb Code     0  startup_stm32f40_41xxx.o(.text)
    CAN2_SCE_IRQHandler                      0x0800639b   Thumb Code     0  startup_stm32f40_41xxx.o(.text)
    CAN2_TX_IRQHandler                       0x0800639b   Thumb Code     0  startup_stm32f40_41xxx.o(.text)
    CRYP_IRQHandler                          0x0800639b   Thumb Code     0  startup_stm32f40_41xxx.o(.text)
    DCMI_IRQHandler                          0x0800639b   Thumb Code     0  startup_stm32f40_41xxx.o(.text)
    DMA1_Stream0_IRQHandler                  0x0800639b   Thumb Code     0  startup_stm32f40_41xxx.o(.text)
    DMA1_Stream1_IRQHandler                  0x0800639b   Thumb Code     0  startup_stm32f40_41xxx.o(.text)
    DMA1_Stream2_IRQHandler                  0x0800639b   Thumb Code     0  startup_stm32f40_41xxx.o(.text)
    DMA1_Stream3_IRQHandler                  0x0800639b   Thumb Code     0  startup_stm32f40_41xxx.o(.text)
    DMA1_Stream4_IRQHandler                  0x0800639b   Thumb Code     0  startup_stm32f40_41xxx.o(.text)
    DMA1_Stream5_IRQHandler                  0x0800639b   Thumb Code     0  startup_stm32f40_41xxx.o(.text)
    DMA1_Stream6_IRQHandler                  0x0800639b   Thumb Code     0  startup_stm32f40_41xxx.o(.text)
    DMA1_Stream7_IRQHandler                  0x0800639b   Thumb Code     0  startup_stm32f40_41xxx.o(.text)
    DMA2_Stream0_IRQHandler                  0x0800639b   Thumb Code     0  startup_stm32f40_41xxx.o(.text)
    DMA2_Stream1_IRQHandler                  0x0800639b   Thumb Code     0  startup_stm32f40_41xxx.o(.text)
    DMA2_Stream2_IRQHandler                  0x0800639b   Thumb Code     0  startup_stm32f40_41xxx.o(.text)
    DMA2_Stream3_IRQHandler                  0x0800639b   Thumb Code     0  startup_stm32f40_41xxx.o(.text)
    DMA2_Stream4_IRQHandler                  0x0800639b   Thumb Code     0  startup_stm32f40_41xxx.o(.text)
    DMA2_Stream5_IRQHandler                  0x0800639b   Thumb Code     0  startup_stm32f40_41xxx.o(.text)
    DMA2_Stream6_IRQHandler                  0x0800639b   Thumb Code     0  startup_stm32f40_41xxx.o(.text)
    DMA2_Stream7_IRQHandler                  0x0800639b   Thumb Code     0  startup_stm32f40_41xxx.o(.text)
    ETH_IRQHandler                           0x0800639b   Thumb Code     0  startup_stm32f40_41xxx.o(.text)
    ETH_WKUP_IRQHandler                      0x0800639b   Thumb Code     0  startup_stm32f40_41xxx.o(.text)
    EXTI0_IRQHandler                         0x0800639b   Thumb Code     0  startup_stm32f40_41xxx.o(.text)
    EXTI15_10_IRQHandler                     0x0800639b   Thumb Code     0  startup_stm32f40_41xxx.o(.text)
    EXTI1_IRQHandler                         0x0800639b   Thumb Code     0  startup_stm32f40_41xxx.o(.text)
    EXTI2_IRQHandler                         0x0800639b   Thumb Code     0  startup_stm32f40_41xxx.o(.text)
    EXTI3_IRQHandler                         0x0800639b   Thumb Code     0  startup_stm32f40_41xxx.o(.text)
    EXTI4_IRQHandler                         0x0800639b   Thumb Code     0  startup_stm32f40_41xxx.o(.text)
    EXTI9_5_IRQHandler                       0x0800639b   Thumb Code     0  startup_stm32f40_41xxx.o(.text)
    FLASH_IRQHandler                         0x0800639b   Thumb Code     0  startup_stm32f40_41xxx.o(.text)
    FPU_IRQHandler                           0x0800639b   Thumb Code     0  startup_stm32f40_41xxx.o(.text)
    FSMC_IRQHandler                          0x0800639b   Thumb Code     0  startup_stm32f40_41xxx.o(.text)
    HASH_RNG_IRQHandler                      0x0800639b   Thumb Code     0  startup_stm32f40_41xxx.o(.text)
    I2C1_ER_IRQHandler                       0x0800639b   Thumb Code     0  startup_stm32f40_41xxx.o(.text)
    I2C1_EV_IRQHandler                       0x0800639b   Thumb Code     0  startup_stm32f40_41xxx.o(.text)
    I2C2_ER_IRQHandler                       0x0800639b   Thumb Code     0  startup_stm32f40_41xxx.o(.text)
    I2C2_EV_IRQHandler                       0x0800639b   Thumb Code     0  startup_stm32f40_41xxx.o(.text)
    I2C3_ER_IRQHandler                       0x0800639b   Thumb Code     0  startup_stm32f40_41xxx.o(.text)
    I2C3_EV_IRQHandler                       0x0800639b   Thumb Code     0  startup_stm32f40_41xxx.o(.text)
    OTG_FS_IRQHandler                        0x0800639b   Thumb Code     0  startup_stm32f40_41xxx.o(.text)
    OTG_FS_WKUP_IRQHandler                   0x0800639b   Thumb Code     0  startup_stm32f40_41xxx.o(.text)
    OTG_HS_EP1_IN_IRQHandler                 0x0800639b   Thumb Code     0  startup_stm32f40_41xxx.o(.text)
    OTG_HS_EP1_OUT_IRQHandler                0x0800639b   Thumb Code     0  startup_stm32f40_41xxx.o(.text)
    OTG_HS_IRQHandler                        0x0800639b   Thumb Code     0  startup_stm32f40_41xxx.o(.text)
    OTG_HS_WKUP_IRQHandler                   0x0800639b   Thumb Code     0  startup_stm32f40_41xxx.o(.text)
    PVD_IRQHandler                           0x0800639b   Thumb Code     0  startup_stm32f40_41xxx.o(.text)
    RCC_IRQHandler                           0x0800639b   Thumb Code     0  startup_stm32f40_41xxx.o(.text)
    SDIO_IRQHandler                          0x0800639b   Thumb Code     0  startup_stm32f40_41xxx.o(.text)
    SPI1_IRQHandler                          0x0800639b   Thumb Code     0  startup_stm32f40_41xxx.o(.text)
    SPI2_IRQHandler                          0x0800639b   Thumb Code     0  startup_stm32f40_41xxx.o(.text)
    SPI3_IRQHandler                          0x0800639b   Thumb Code     0  startup_stm32f40_41xxx.o(.text)
    TAMP_STAMP_IRQHandler                    0x0800639b   Thumb Code     0  startup_stm32f40_41xxx.o(.text)
    TIM1_BRK_TIM9_IRQHandler                 0x0800639b   Thumb Code     0  startup_stm32f40_41xxx.o(.text)
    TIM1_CC_IRQHandler                       0x0800639b   Thumb Code     0  startup_stm32f40_41xxx.o(.text)
    TIM1_TRG_COM_TIM11_IRQHandler            0x0800639b   Thumb Code     0  startup_stm32f40_41xxx.o(.text)
    TIM1_UP_TIM10_IRQHandler                 0x0800639b   Thumb Code     0  startup_stm32f40_41xxx.o(.text)
    TIM2_IRQHandler                          0x0800639b   Thumb Code     0  startup_stm32f40_41xxx.o(.text)
    TIM4_IRQHandler                          0x0800639b   Thumb Code     0  startup_stm32f40_41xxx.o(.text)
    TIM5_IRQHandler                          0x0800639b   Thumb Code     0  startup_stm32f40_41xxx.o(.text)
    TIM6_DAC_IRQHandler                      0x0800639b   Thumb Code     0  startup_stm32f40_41xxx.o(.text)
    TIM7_IRQHandler                          0x0800639b   Thumb Code     0  startup_stm32f40_41xxx.o(.text)
    TIM8_BRK_TIM12_IRQHandler                0x0800639b   Thumb Code     0  startup_stm32f40_41xxx.o(.text)
    TIM8_CC_IRQHandler                       0x0800639b   Thumb Code     0  startup_stm32f40_41xxx.o(.text)
    TIM8_TRG_COM_TIM14_IRQHandler            0x0800639b   Thumb Code     0  startup_stm32f40_41xxx.o(.text)
    TIM8_UP_TIM13_IRQHandler                 0x0800639b   Thumb Code     0  startup_stm32f40_41xxx.o(.text)
    UART4_IRQHandler                         0x0800639b   Thumb Code     0  startup_stm32f40_41xxx.o(.text)
    UART5_IRQHandler                         0x0800639b   Thumb Code     0  startup_stm32f40_41xxx.o(.text)
    USART2_IRQHandler                        0x0800639b   Thumb Code     0  startup_stm32f40_41xxx.o(.text)
    USART3_IRQHandler                        0x0800639b   Thumb Code     0  startup_stm32f40_41xxx.o(.text)
    USART6_IRQHandler                        0x0800639b   Thumb Code     0  startup_stm32f40_41xxx.o(.text)
    WWDG_IRQHandler                          0x0800639b   Thumb Code     0  startup_stm32f40_41xxx.o(.text)
    NVIC_PriorityGroupConfig                 0x080063a5   Thumb Code    10  misc.o(.text)
    NVIC_Init                                0x080063af   Thumb Code    96  misc.o(.text)
    NVIC_SetVectorTable                      0x0800640f   Thumb Code    14  misc.o(.text)
    NVIC_SystemLPConfig                      0x0800641d   Thumb Code    20  misc.o(.text)
    SysTick_CLKSourceConfig                  0x08006431   Thumb Code    24  misc.o(.text)
    GPIO_DeInit                              0x08006455   Thumb Code   216  stm32f4xx_gpio.o(.text)
    GPIO_Init                                0x0800652d   Thumb Code   120  stm32f4xx_gpio.o(.text)
    GPIO_StructInit                          0x080065a5   Thumb Code    18  stm32f4xx_gpio.o(.text)
    GPIO_PinLockConfig                       0x080065b7   Thumb Code    24  stm32f4xx_gpio.o(.text)
    GPIO_ReadInputDataBit                    0x080065cf   Thumb Code    14  stm32f4xx_gpio.o(.text)
    GPIO_ReadInputData                       0x080065dd   Thumb Code     6  stm32f4xx_gpio.o(.text)
    GPIO_ReadOutputDataBit                   0x080065e3   Thumb Code    14  stm32f4xx_gpio.o(.text)
    GPIO_ReadOutputData                      0x080065f1   Thumb Code     6  stm32f4xx_gpio.o(.text)
    GPIO_SetBits                             0x080065f7   Thumb Code     4  stm32f4xx_gpio.o(.text)
    GPIO_ResetBits                           0x080065fb   Thumb Code     4  stm32f4xx_gpio.o(.text)
    GPIO_WriteBit                            0x080065ff   Thumb Code    10  stm32f4xx_gpio.o(.text)
    GPIO_Write                               0x08006609   Thumb Code     4  stm32f4xx_gpio.o(.text)
    GPIO_ToggleBits                          0x0800660d   Thumb Code     8  stm32f4xx_gpio.o(.text)
    GPIO_PinAFConfig                         0x08006615   Thumb Code    32  stm32f4xx_gpio.o(.text)
    RCC_DeInit                               0x08006661   Thumb Code    68  stm32f4xx_rcc.o(.text)
    RCC_HSEConfig                            0x080066a5   Thumb Code    12  stm32f4xx_rcc.o(.text)
    RCC_GetFlagStatus                        0x080066b1   Thumb Code    46  stm32f4xx_rcc.o(.text)
    RCC_WaitForHSEStartUp                    0x080066df   Thumb Code    44  stm32f4xx_rcc.o(.text)
    RCC_AdjustHSICalibrationValue            0x0800670b   Thumb Code    16  stm32f4xx_rcc.o(.text)
    RCC_HSICmd                               0x0800671b   Thumb Code     6  stm32f4xx_rcc.o(.text)
    RCC_LSEConfig                            0x08006721   Thumb Code    24  stm32f4xx_rcc.o(.text)
    RCC_LSICmd                               0x08006739   Thumb Code     6  stm32f4xx_rcc.o(.text)
    RCC_PLLConfig                            0x0800673f   Thumb Code    32  stm32f4xx_rcc.o(.text)
    RCC_PLLCmd                               0x0800675f   Thumb Code     6  stm32f4xx_rcc.o(.text)
    RCC_PLLI2SConfig                         0x08006765   Thumb Code    14  stm32f4xx_rcc.o(.text)
    RCC_PLLI2SCmd                            0x08006773   Thumb Code     6  stm32f4xx_rcc.o(.text)
    RCC_PLLSAIConfig                         0x08006779   Thumb Code    18  stm32f4xx_rcc.o(.text)
    RCC_PLLSAICmd                            0x0800678b   Thumb Code     6  stm32f4xx_rcc.o(.text)
    RCC_ClockSecuritySystemCmd               0x08006791   Thumb Code     6  stm32f4xx_rcc.o(.text)
    RCC_MCO1Config                           0x08006797   Thumb Code    18  stm32f4xx_rcc.o(.text)
    RCC_MCO2Config                           0x080067a9   Thumb Code    18  stm32f4xx_rcc.o(.text)
    RCC_SYSCLKConfig                         0x080067bb   Thumb Code    16  stm32f4xx_rcc.o(.text)
    RCC_GetSYSCLKSource                      0x080067cb   Thumb Code    12  stm32f4xx_rcc.o(.text)
    RCC_HCLKConfig                           0x080067d7   Thumb Code    16  stm32f4xx_rcc.o(.text)
    RCC_PCLK1Config                          0x080067e7   Thumb Code    16  stm32f4xx_rcc.o(.text)
    RCC_PCLK2Config                          0x080067f7   Thumb Code    18  stm32f4xx_rcc.o(.text)
    RCC_GetClocksFreq                        0x08006809   Thumb Code   134  stm32f4xx_rcc.o(.text)
    RCC_RTCCLKConfig                         0x0800688f   Thumb Code    42  stm32f4xx_rcc.o(.text)
    RCC_RTCCLKCmd                            0x080068b9   Thumb Code     8  stm32f4xx_rcc.o(.text)
    RCC_BackupResetCmd                       0x080068c1   Thumb Code     8  stm32f4xx_rcc.o(.text)
    RCC_I2SCLKConfig                         0x080068c9   Thumb Code     8  stm32f4xx_rcc.o(.text)
    RCC_SAIPLLI2SClkDivConfig                0x080068d1   Thumb Code    18  stm32f4xx_rcc.o(.text)
    RCC_SAIPLLSAIClkDivConfig                0x080068e3   Thumb Code    24  stm32f4xx_rcc.o(.text)
    RCC_SAIBlockACLKConfig                   0x080068fb   Thumb Code    16  stm32f4xx_rcc.o(.text)
    RCC_SAIBlockBCLKConfig                   0x0800690b   Thumb Code    16  stm32f4xx_rcc.o(.text)
    RCC_LTDCCLKDivConfig                     0x0800691b   Thumb Code    16  stm32f4xx_rcc.o(.text)
    RCC_TIMCLKPresConfig                     0x0800692b   Thumb Code     8  stm32f4xx_rcc.o(.text)
    RCC_AHB1PeriphClockCmd                   0x08006933   Thumb Code    20  stm32f4xx_rcc.o(.text)
    RCC_AHB2PeriphClockCmd                   0x08006947   Thumb Code    20  stm32f4xx_rcc.o(.text)
    RCC_AHB3PeriphClockCmd                   0x0800695b   Thumb Code    20  stm32f4xx_rcc.o(.text)
    RCC_APB1PeriphClockCmd                   0x0800696f   Thumb Code    20  stm32f4xx_rcc.o(.text)
    RCC_APB2PeriphClockCmd                   0x08006983   Thumb Code    20  stm32f4xx_rcc.o(.text)
    RCC_AHB1PeriphResetCmd                   0x08006997   Thumb Code    20  stm32f4xx_rcc.o(.text)
    RCC_AHB2PeriphResetCmd                   0x080069ab   Thumb Code    20  stm32f4xx_rcc.o(.text)
    RCC_AHB3PeriphResetCmd                   0x080069bf   Thumb Code    20  stm32f4xx_rcc.o(.text)
    RCC_APB1PeriphResetCmd                   0x080069d3   Thumb Code    20  stm32f4xx_rcc.o(.text)
    RCC_APB2PeriphResetCmd                   0x080069e7   Thumb Code    20  stm32f4xx_rcc.o(.text)
    RCC_AHB1PeriphClockLPModeCmd             0x080069fb   Thumb Code    20  stm32f4xx_rcc.o(.text)
    RCC_AHB2PeriphClockLPModeCmd             0x08006a0f   Thumb Code    20  stm32f4xx_rcc.o(.text)
    RCC_AHB3PeriphClockLPModeCmd             0x08006a23   Thumb Code    20  stm32f4xx_rcc.o(.text)
    RCC_APB1PeriphClockLPModeCmd             0x08006a37   Thumb Code    68  stm32f4xx_rcc.o(.text)
    RCC_APB2PeriphClockLPModeCmd             0x08006a7b   Thumb Code    18  stm32f4xx_rcc.o(.text)
    RCC_ITConfig                             0x08006a8d   Thumb Code    20  stm32f4xx_rcc.o(.text)
    RCC_ClearFlag                            0x08006aa1   Thumb Code    14  stm32f4xx_rcc.o(.text)
    RCC_GetITStatus                          0x08006aaf   Thumb Code    18  stm32f4xx_rcc.o(.text)
    RCC_ClearITPendingBit                    0x08006ac1   Thumb Code     8  stm32f4xx_rcc.o(.text)
    SYSCFG_DeInit                            0x08006acd   Thumb Code    24  stm32f4xx_syscfg.o(.text)
    SYSCFG_MemoryRemapConfig                 0x08006ae5   Thumb Code     6  stm32f4xx_syscfg.o(.text)
    SYSCFG_MemorySwappingBank                0x08006aeb   Thumb Code     6  stm32f4xx_syscfg.o(.text)
    SYSCFG_EXTILineConfig                    0x08006af1   Thumb Code    42  stm32f4xx_syscfg.o(.text)
    SYSCFG_ETH_MediaInterfaceConfig          0x08006b1b   Thumb Code     8  stm32f4xx_syscfg.o(.text)
    SYSCFG_CompensationCellCmd               0x08006b23   Thumb Code     6  stm32f4xx_syscfg.o(.text)
    SYSCFG_GetCompensationCellStatus         0x08006b29   Thumb Code    16  stm32f4xx_syscfg.o(.text)
    TIM_DeInit                               0x08006b49   Thumb Code   284  stm32f4xx_tim.o(.text)
    TIM_TimeBaseInit                         0x08006c65   Thumb Code    96  stm32f4xx_tim.o(.text)
    TIM_TimeBaseStructInit                   0x08006cc5   Thumb Code    18  stm32f4xx_tim.o(.text)
    TIM_PrescalerConfig                      0x08006cd7   Thumb Code     6  stm32f4xx_tim.o(.text)
    TIM_CounterModeConfig                    0x08006cdd   Thumb Code    12  stm32f4xx_tim.o(.text)
    TIM_SetCounter                           0x08006ce9   Thumb Code     4  stm32f4xx_tim.o(.text)
    TIM_SetAutoreload                        0x08006ced   Thumb Code     4  stm32f4xx_tim.o(.text)
    TIM_GetCounter                           0x08006cf1   Thumb Code     4  stm32f4xx_tim.o(.text)
    TIM_GetPrescaler                         0x08006cf5   Thumb Code     4  stm32f4xx_tim.o(.text)
    TIM_UpdateDisableConfig                  0x08006cf9   Thumb Code    20  stm32f4xx_tim.o(.text)
    TIM_UpdateRequestConfig                  0x08006d0d   Thumb Code    20  stm32f4xx_tim.o(.text)
    TIM_ARRPreloadConfig                     0x08006d21   Thumb Code    20  stm32f4xx_tim.o(.text)
    TIM_SelectOnePulseMode                   0x08006d35   Thumb Code    16  stm32f4xx_tim.o(.text)
    TIM_SetClockDivision                     0x08006d45   Thumb Code    16  stm32f4xx_tim.o(.text)
    TIM_Cmd                                  0x08006d55   Thumb Code    20  stm32f4xx_tim.o(.text)
    TIM_OC1Init                              0x08006d69   Thumb Code    88  stm32f4xx_tim.o(.text)
    TIM_OC2Init                              0x08006dc1   Thumb Code   120  stm32f4xx_tim.o(.text)
    TIM_OC3Init                              0x08006e39   Thumb Code   116  stm32f4xx_tim.o(.text)
    TIM_OC4Init                              0x08006ead   Thumb Code    88  stm32f4xx_tim.o(.text)
    TIM_OCStructInit                         0x08006f05   Thumb Code    20  stm32f4xx_tim.o(.text)
    TIM_SelectOCxM                           0x08006f19   Thumb Code   130  stm32f4xx_tim.o(.text)
    TIM_SetCompare1                          0x08006f9b   Thumb Code     4  stm32f4xx_tim.o(.text)
    TIM_SetCompare2                          0x08006f9f   Thumb Code     4  stm32f4xx_tim.o(.text)
    TIM_SetCompare3                          0x08006fa3   Thumb Code     4  stm32f4xx_tim.o(.text)
    TIM_SetCompare4                          0x08006fa7   Thumb Code     4  stm32f4xx_tim.o(.text)
    TIM_ForcedOC1Config                      0x08006fab   Thumb Code    12  stm32f4xx_tim.o(.text)
    TIM_ForcedOC2Config                      0x08006fb7   Thumb Code    20  stm32f4xx_tim.o(.text)
    TIM_ForcedOC3Config                      0x08006fcb   Thumb Code    12  stm32f4xx_tim.o(.text)
    TIM_ForcedOC4Config                      0x08006fd7   Thumb Code    20  stm32f4xx_tim.o(.text)
    TIM_OC1PreloadConfig                     0x08006feb   Thumb Code    12  stm32f4xx_tim.o(.text)
    TIM_OC2PreloadConfig                     0x08006ff7   Thumb Code    20  stm32f4xx_tim.o(.text)
    TIM_OC3PreloadConfig                     0x0800700b   Thumb Code    12  stm32f4xx_tim.o(.text)
    TIM_OC4PreloadConfig                     0x08007017   Thumb Code    20  stm32f4xx_tim.o(.text)
    TIM_OC1FastConfig                        0x0800702b   Thumb Code    12  stm32f4xx_tim.o(.text)
    TIM_OC2FastConfig                        0x08007037   Thumb Code    20  stm32f4xx_tim.o(.text)
    TIM_OC3FastConfig                        0x0800704b   Thumb Code    12  stm32f4xx_tim.o(.text)
    TIM_OC4FastConfig                        0x08007057   Thumb Code    20  stm32f4xx_tim.o(.text)
    TIM_ClearOC1Ref                          0x0800706b   Thumb Code    12  stm32f4xx_tim.o(.text)
    TIM_ClearOC2Ref                          0x08007077   Thumb Code    20  stm32f4xx_tim.o(.text)
    TIM_ClearOC3Ref                          0x0800708b   Thumb Code    12  stm32f4xx_tim.o(.text)
    TIM_ClearOC4Ref                          0x08007097   Thumb Code    20  stm32f4xx_tim.o(.text)
    TIM_OC1PolarityConfig                    0x080070ab   Thumb Code    12  stm32f4xx_tim.o(.text)
    TIM_OC1NPolarityConfig                   0x080070b7   Thumb Code    12  stm32f4xx_tim.o(.text)
    TIM_OC2PolarityConfig                    0x080070c3   Thumb Code    20  stm32f4xx_tim.o(.text)
    TIM_OC2NPolarityConfig                   0x080070d7   Thumb Code    20  stm32f4xx_tim.o(.text)
    TIM_OC3PolarityConfig                    0x080070eb   Thumb Code    20  stm32f4xx_tim.o(.text)
    TIM_OC3NPolarityConfig                   0x080070ff   Thumb Code    20  stm32f4xx_tim.o(.text)
    TIM_OC4PolarityConfig                    0x08007113   Thumb Code    20  stm32f4xx_tim.o(.text)
    TIM_CCxCmd                               0x08007127   Thumb Code    22  stm32f4xx_tim.o(.text)
    TIM_CCxNCmd                              0x0800713d   Thumb Code    22  stm32f4xx_tim.o(.text)
    TIM_SetIC4Prescaler                      0x08007153   Thumb Code    24  stm32f4xx_tim.o(.text)
    TIM_SetIC3Prescaler                      0x0800716b   Thumb Code    16  stm32f4xx_tim.o(.text)
    TIM_SetIC2Prescaler                      0x0800717b   Thumb Code    24  stm32f4xx_tim.o(.text)
    TIM_SetIC1Prescaler                      0x080071c9   Thumb Code    16  stm32f4xx_tim.o(.text)
    TIM_ICInit                               0x080071d9   Thumb Code   164  stm32f4xx_tim.o(.text)
    TIM_ICStructInit                         0x0800727d   Thumb Code    16  stm32f4xx_tim.o(.text)
    TIM_PWMIConfig                           0x0800728d   Thumb Code   104  stm32f4xx_tim.o(.text)
    TIM_GetCapture1                          0x080072f5   Thumb Code     4  stm32f4xx_tim.o(.text)
    TIM_GetCapture2                          0x080072f9   Thumb Code     4  stm32f4xx_tim.o(.text)
    TIM_GetCapture3                          0x080072fd   Thumb Code     4  stm32f4xx_tim.o(.text)
    TIM_GetCapture4                          0x08007301   Thumb Code     4  stm32f4xx_tim.o(.text)
    TIM_BDTRConfig                           0x08007305   Thumb Code    34  stm32f4xx_tim.o(.text)
    TIM_BDTRStructInit                       0x08007327   Thumb Code    18  stm32f4xx_tim.o(.text)
    TIM_CtrlPWMOutputs                       0x08007339   Thumb Code    22  stm32f4xx_tim.o(.text)
    TIM_SelectCOM                            0x0800734f   Thumb Code    20  stm32f4xx_tim.o(.text)
    TIM_CCPreloadControl                     0x08007363   Thumb Code    20  stm32f4xx_tim.o(.text)
    TIM_ITConfig                             0x08007377   Thumb Code    16  stm32f4xx_tim.o(.text)
    TIM_GenerateEvent                        0x08007387   Thumb Code     4  stm32f4xx_tim.o(.text)
    TIM_GetFlagStatus                        0x0800738b   Thumb Code    14  stm32f4xx_tim.o(.text)
    TIM_ClearFlag                            0x08007399   Thumb Code     6  stm32f4xx_tim.o(.text)
    TIM_GetITStatus                          0x0800739f   Thumb Code    24  stm32f4xx_tim.o(.text)
    TIM_ClearITPendingBit                    0x080073b7   Thumb Code     6  stm32f4xx_tim.o(.text)
    TIM_DMAConfig                            0x080073bd   Thumb Code     8  stm32f4xx_tim.o(.text)
    TIM_DMACmd                               0x080073c5   Thumb Code    16  stm32f4xx_tim.o(.text)
    TIM_SelectCCDMA                          0x080073d5   Thumb Code    20  stm32f4xx_tim.o(.text)
    TIM_InternalClockConfig                  0x080073e9   Thumb Code    10  stm32f4xx_tim.o(.text)
    TIM_SelectInputTrigger                   0x080073f3   Thumb Code    12  stm32f4xx_tim.o(.text)
    TIM_ITRxExternalClockConfig              0x080073ff   Thumb Code    18  stm32f4xx_tim.o(.text)
    TIM_TIxExternalClockConfig               0x08007411   Thumb Code    46  stm32f4xx_tim.o(.text)
    TIM_ETRConfig                            0x0800743f   Thumb Code    24  stm32f4xx_tim.o(.text)
    TIM_ETRClockMode1Config                  0x08007457   Thumb Code    18  stm32f4xx_tim.o(.text)
    TIM_ETRClockMode2Config                  0x08007469   Thumb Code    18  stm32f4xx_tim.o(.text)
    TIM_SelectOutputTrigger                  0x0800747b   Thumb Code    16  stm32f4xx_tim.o(.text)
    TIM_SelectSlaveMode                      0x0800748b   Thumb Code    16  stm32f4xx_tim.o(.text)
    TIM_SelectMasterSlaveMode                0x0800749b   Thumb Code    16  stm32f4xx_tim.o(.text)
    TIM_EncoderInterfaceConfig               0x080074ab   Thumb Code    50  stm32f4xx_tim.o(.text)
    TIM_SelectHallSensor                     0x080074dd   Thumb Code    20  stm32f4xx_tim.o(.text)
    TIM_RemapConfig                          0x080074f1   Thumb Code     6  stm32f4xx_tim.o(.text)
    USART_DeInit                             0x08007525   Thumb Code   138  stm32f4xx_usart.o(.text)
    USART_Init                               0x080075af   Thumb Code   164  stm32f4xx_usart.o(.text)
    USART_StructInit                         0x08007653   Thumb Code    22  stm32f4xx_usart.o(.text)
    USART_ClockInit                          0x08007669   Thumb Code    28  stm32f4xx_usart.o(.text)
    USART_ClockStructInit                    0x08007685   Thumb Code    12  stm32f4xx_usart.o(.text)
    USART_Cmd                                0x08007691   Thumb Code    20  stm32f4xx_usart.o(.text)
    USART_SetPrescaler                       0x080076a5   Thumb Code    16  stm32f4xx_usart.o(.text)
    USART_OverSampling8Cmd                   0x080076b5   Thumb Code    20  stm32f4xx_usart.o(.text)
    USART_OneBitMethodCmd                    0x080076c9   Thumb Code    20  stm32f4xx_usart.o(.text)
    USART_SendData                           0x080076dd   Thumb Code     8  stm32f4xx_usart.o(.text)
    USART_ReceiveData                        0x080076e5   Thumb Code     8  stm32f4xx_usart.o(.text)
    USART_SetAddress                         0x080076ed   Thumb Code    16  stm32f4xx_usart.o(.text)
    USART_ReceiverWakeUpCmd                  0x080076fd   Thumb Code    20  stm32f4xx_usart.o(.text)
    USART_WakeUpConfig                       0x08007711   Thumb Code    16  stm32f4xx_usart.o(.text)
    USART_LINBreakDetectLengthConfig         0x08007721   Thumb Code    16  stm32f4xx_usart.o(.text)
    USART_LINCmd                             0x08007731   Thumb Code    20  stm32f4xx_usart.o(.text)
    USART_SendBreak                          0x08007745   Thumb Code    10  stm32f4xx_usart.o(.text)
    USART_HalfDuplexCmd                      0x0800774f   Thumb Code    20  stm32f4xx_usart.o(.text)
    USART_SetGuardTime                       0x08007763   Thumb Code    16  stm32f4xx_usart.o(.text)
    USART_SmartCardCmd                       0x08007773   Thumb Code    20  stm32f4xx_usart.o(.text)
    USART_SmartCardNACKCmd                   0x08007787   Thumb Code    20  stm32f4xx_usart.o(.text)
    USART_IrDAConfig                         0x0800779b   Thumb Code    16  stm32f4xx_usart.o(.text)
    USART_IrDACmd                            0x080077ab   Thumb Code    20  stm32f4xx_usart.o(.text)
    USART_DMACmd                             0x080077bf   Thumb Code    16  stm32f4xx_usart.o(.text)
    USART_ITConfig                           0x080077cf   Thumb Code    48  stm32f4xx_usart.o(.text)
    USART_GetFlagStatus                      0x080077ff   Thumb Code    14  stm32f4xx_usart.o(.text)
    USART_ClearFlag                          0x0800780d   Thumb Code     6  stm32f4xx_usart.o(.text)
    USART_GetITStatus                        0x08007813   Thumb Code    62  stm32f4xx_usart.o(.text)
    USART_ClearITPendingBit                  0x08007851   Thumb Code    12  stm32f4xx_usart.o(.text)
    ETH_DeInit                               0x0800787d   Thumb Code    24  stm32f4x7_eth.o(.text)
    ETH_StructInit                           0x08007895   Thumb Code   136  stm32f4x7_eth.o(.text)
    ETH_WritePHYRegister                     0x0800791d   Thumb Code    76  stm32f4x7_eth.o(.text)
    ETH_ReadPHYRegister                      0x08007969   Thumb Code    80  stm32f4x7_eth.o(.text)
    ETH_Init                                 0x080079b9   Thumb Code   524  stm32f4x7_eth.o(.text)
    ETH_DMAReceptionCmd                      0x08007bc5   Thumb Code    22  stm32f4x7_eth.o(.text)
    ETH_DMATransmissionCmd                   0x08007bdb   Thumb Code    22  stm32f4x7_eth.o(.text)
    ETH_MACReceptionCmd                      0x08007bf1   Thumb Code    22  stm32f4x7_eth.o(.text)
    ETH_FlushTransmitFIFO                    0x08007c07   Thumb Code    12  stm32f4x7_eth.o(.text)
    ETH_MACTransmissionCmd                   0x08007c13   Thumb Code    22  stm32f4x7_eth.o(.text)
    ETH_Start                                0x08007c29   Thumb Code    32  stm32f4x7_eth.o(.text)
    ETH_GetFlowControlBusyStatus             0x08007c49   Thumb Code    14  stm32f4x7_eth.o(.text)
    ETH_InitiatePauseControlFrame            0x08007c57   Thumb Code    12  stm32f4x7_eth.o(.text)
    ETH_BackPressureActivationCmd            0x08007c63   Thumb Code    22  stm32f4x7_eth.o(.text)
    ETH_GetMACFlagStatus                     0x08007c79   Thumb Code    16  stm32f4x7_eth.o(.text)
    ETH_GetMACITStatus                       0x08007c89   Thumb Code    16  stm32f4x7_eth.o(.text)
    ETH_MACITConfig                          0x08007c99   Thumb Code    18  stm32f4x7_eth.o(.text)
    ETH_MACAddressConfig                     0x08007cab   Thumb Code    22  stm32f4x7_eth.o(.text)
    ETH_GetMACAddress                        0x08007cc1   Thumb Code    30  stm32f4x7_eth.o(.text)
    ETH_MACAddressPerfectFilterCmd           0x08007cdf   Thumb Code    24  stm32f4x7_eth.o(.text)
    ETH_MACAddressFilterConfig               0x08007cf7   Thumb Code    82  stm32f4x7_eth.o(.text)
    ETH_MACAddressMaskBytesFilterConfig      0x08007d49   Thumb Code    20  stm32f4x7_eth.o(.text)
    ETH_Get_Received_Frame                   0x08007d5d   Thumb Code    62  stm32f4x7_eth.o(.text)
    ETH_Get_Received_Frame_interrupt         0x08007d9b   Thumb Code   134  stm32f4x7_eth.o(.text)
    ETH_Prepare_Transmit_Descriptors         0x08007e21   Thumb Code   168  stm32f4x7_eth.o(.text)
    ETH_DMARxDescChainInit                   0x08007ec9   Thumb Code    74  stm32f4x7_eth.o(.text)
    ETH_CheckFrameReceived                   0x08007f13   Thumb Code    96  stm32f4x7_eth.o(.text)
    ETH_DMATxDescChainInit                   0x08007f73   Thumb Code    62  stm32f4x7_eth.o(.text)
    ETH_GetDMATxDescFlagStatus               0x08007fb1   Thumb Code    14  stm32f4x7_eth.o(.text)
    ETH_GetDMATxDescCollisionCount           0x08007fbf   Thumb Code     8  stm32f4x7_eth.o(.text)
    ETH_SetDMATxDescOwnBit                   0x08007fc7   Thumb Code    10  stm32f4x7_eth.o(.text)
    ETH_DMATxDescTransmitITConfig            0x08007fd1   Thumb Code    20  stm32f4x7_eth.o(.text)
    ETH_DMATxDescFrameSegmentConfig          0x08007fe5   Thumb Code     8  stm32f4x7_eth.o(.text)
    ETH_DMATxDescChecksumInsertionConfig     0x08007fed   Thumb Code     8  stm32f4x7_eth.o(.text)
    ETH_DMATxDescCRCCmd                      0x08007ff5   Thumb Code    20  stm32f4x7_eth.o(.text)
    ETH_DMATxDescSecondAddressChainedCmd     0x08008009   Thumb Code    20  stm32f4x7_eth.o(.text)
    ETH_DMATxDescShortFramePaddingCmd        0x0800801d   Thumb Code    20  stm32f4x7_eth.o(.text)
    ETH_DMATxDescBufferSizeConfig            0x08008031   Thumb Code    12  stm32f4x7_eth.o(.text)
    ETH_GetDMARxDescFlagStatus               0x0800803d   Thumb Code    14  stm32f4x7_eth.o(.text)
    ETH_GetDMAPTPRxDescExtendedFlagStatus    0x0800804b   Thumb Code    14  stm32f4x7_eth.o(.text)
    ETH_SetDMARxDescOwnBit                   0x08008059   Thumb Code    10  stm32f4x7_eth.o(.text)
    ETH_GetDMARxDescFrameLength              0x08008063   Thumb Code     8  stm32f4x7_eth.o(.text)
    ETH_DMARxDescReceiveITConfig             0x0800806b   Thumb Code    18  stm32f4x7_eth.o(.text)
    ETH_GetDMARxDescBufferSize               0x0800807d   Thumb Code    16  stm32f4x7_eth.o(.text)
    ETH_GetRxPktSize                         0x0800808d   Thumb Code    30  stm32f4x7_eth.o(.text)
    ETH_EnhancedDescriptorCmd                0x080080ab   Thumb Code    22  stm32f4x7_eth.o(.text)
    ETH_SoftwareReset                        0x080080c1   Thumb Code    12  stm32f4x7_eth.o(.text)
    ETH_GetSoftwareResetStatus               0x080080cd   Thumb Code    14  stm32f4x7_eth.o(.text)
    ETH_GetDMAFlagStatus                     0x080080db   Thumb Code    16  stm32f4x7_eth.o(.text)
    ETH_DMAClearFlag                         0x080080eb   Thumb Code     6  stm32f4x7_eth.o(.text)
    ETH_DMAITConfig                          0x080080f1   Thumb Code    18  stm32f4x7_eth.o(.text)
    ETH_GetDMAITStatus                       0x08008103   Thumb Code    16  stm32f4x7_eth.o(.text)
    ETH_DMAClearITPendingBit                 0x08008113   Thumb Code     6  stm32f4x7_eth.o(.text)
    ETH_GetTransmitProcessState              0x08008119   Thumb Code    10  stm32f4x7_eth.o(.text)
    ETH_GetReceiveProcessState               0x08008123   Thumb Code    26  stm32f4x7_eth.o(.text)
    ETH_GetFlushTransmitFIFOStatus           0x0800813d   Thumb Code    14  stm32f4x7_eth.o(.text)
    ETH_GetDMAOverflowStatus                 0x0800814b   Thumb Code    16  stm32f4x7_eth.o(.text)
    ETH_GetRxOverflowMissedFrameCounter      0x0800815b   Thumb Code    10  stm32f4x7_eth.o(.text)
    ETH_GetBufferUnavailableMissedFrameCounter 0x08008165   Thumb Code     8  stm32f4x7_eth.o(.text)
    ETH_GetCurrentTxDescStartAddress         0x0800816d   Thumb Code     6  stm32f4x7_eth.o(.text)
    ETH_GetCurrentRxDescStartAddress         0x08008173   Thumb Code     6  stm32f4x7_eth.o(.text)
    ETH_GetCurrentTxBufferAddress            0x08008179   Thumb Code     6  stm32f4x7_eth.o(.text)
    ETH_GetCurrentRxBufferAddress            0x0800817f   Thumb Code     6  stm32f4x7_eth.o(.text)
    ETH_ResumeDMATransmission                0x08008185   Thumb Code     8  stm32f4x7_eth.o(.text)
    ETH_ResumeDMAReception                   0x0800818d   Thumb Code     8  stm32f4x7_eth.o(.text)
    ETH_SetReceiveWatchdogTimer              0x08008195   Thumb Code     6  stm32f4x7_eth.o(.text)
    ETH_PHYLoopBackCmd                       0x0800819b   Thumb Code    40  stm32f4x7_eth.o(.text)
    ETH_ResetWakeUpFrameFilterRegisterPointer 0x080081c3   Thumb Code    12  stm32f4x7_eth.o(.text)
    ETH_SetWakeUpFrameFilterRegister         0x080081cf   Thumb Code    18  stm32f4x7_eth.o(.text)
    ETH_GlobalUnicastWakeUpCmd               0x080081e1   Thumb Code    22  stm32f4x7_eth.o(.text)
    ETH_GetPMTFlagStatus                     0x080081f7   Thumb Code    16  stm32f4x7_eth.o(.text)
    ETH_WakeUpFrameDetectionCmd              0x08008207   Thumb Code    22  stm32f4x7_eth.o(.text)
    ETH_MagicPacketDetectionCmd              0x0800821d   Thumb Code    22  stm32f4x7_eth.o(.text)
    ETH_PowerDownCmd                         0x08008233   Thumb Code    22  stm32f4x7_eth.o(.text)
    ETH_MMCCounterFullPreset                 0x08008249   Thumb Code    16  stm32f4x7_eth.o(.text)
    ETH_MMCCounterHalfPreset                 0x08008259   Thumb Code    28  stm32f4x7_eth.o(.text)
    ETH_MMCCounterFreezeCmd                  0x08008275   Thumb Code    26  stm32f4x7_eth.o(.text)
    ETH_MMCResetOnReadCmd                    0x0800828f   Thumb Code    26  stm32f4x7_eth.o(.text)
    ETH_MMCCounterRolloverCmd                0x080082a9   Thumb Code    26  stm32f4x7_eth.o(.text)
    ETH_MMCCountersReset                     0x080082c3   Thumb Code    16  stm32f4x7_eth.o(.text)
    ETH_MMCITConfig                          0x080082d3   Thumb Code    50  stm32f4x7_eth.o(.text)
    ETH_GetMMCITStatus                       0x08008305   Thumb Code    36  stm32f4x7_eth.o(.text)
    ETH_GetMMCRegister                       0x08008329   Thumb Code     6  stm32f4x7_eth.o(.text)
    FSMC_NORSRAMDeInit                       0x08008349   Thumb Code    38  stm32f4xx_fsmc.o(.text)
    FSMC_NORSRAMInit                         0x0800836f   Thumb Code   200  stm32f4xx_fsmc.o(.text)
    FSMC_NORSRAMStructInit                   0x08008437   Thumb Code    42  stm32f4xx_fsmc.o(.text)
    FSMC_NORSRAMCmd                          0x08008461   Thumb Code    26  stm32f4xx_fsmc.o(.text)
    FSMC_NANDDeInit                          0x0800847b   Thumb Code    40  stm32f4xx_fsmc.o(.text)
    FSMC_NANDInit                            0x080084a3   Thumb Code   104  stm32f4xx_fsmc.o(.text)
    FSMC_NANDStructInit                      0x0800850b   Thumb Code    54  stm32f4xx_fsmc.o(.text)
    FSMC_NANDCmd                             0x08008541   Thumb Code    54  stm32f4xx_fsmc.o(.text)
    FSMC_NANDECCCmd                          0x08008577   Thumb Code    54  stm32f4xx_fsmc.o(.text)
    FSMC_GetECC                              0x080085ad   Thumb Code    18  stm32f4xx_fsmc.o(.text)
    FSMC_PCCARDDeInit                        0x080085bf   Thumb Code    26  stm32f4xx_fsmc.o(.text)
    FSMC_PCCARDInit                          0x080085d9   Thumb Code   102  stm32f4xx_fsmc.o(.text)
    FSMC_PCCARDStructInit                    0x0800863f   Thumb Code    60  stm32f4xx_fsmc.o(.text)
    FSMC_PCCARDCmd                           0x0800867b   Thumb Code    28  stm32f4xx_fsmc.o(.text)
    FSMC_ITConfig                            0x08008697   Thumb Code    72  stm32f4xx_fsmc.o(.text)
    FSMC_GetFlagStatus                       0x080086df   Thumb Code    40  stm32f4xx_fsmc.o(.text)
    FSMC_ClearFlag                           0x08008707   Thumb Code    38  stm32f4xx_fsmc.o(.text)
    FSMC_GetITStatus                         0x0800872d   Thumb Code    48  stm32f4xx_fsmc.o(.text)
    FSMC_ClearITPendingBit                   0x0800875d   Thumb Code    42  stm32f4xx_fsmc.o(.text)
    RTC_WaitForSynchro                       0x08008791   Thumb Code    70  stm32f4xx_rtc.o(.text)
    RTC_EnterInitMode                        0x080087d7   Thumb Code    58  stm32f4xx_rtc.o(.text)
    RTC_DeInit                               0x08008811   Thumb Code   168  stm32f4xx_rtc.o(.text)
    RTC_ExitInitMode                         0x080088b9   Thumb Code    14  stm32f4xx_rtc.o(.text)
    RTC_Init                                 0x080088c7   Thumb Code    74  stm32f4xx_rtc.o(.text)
    RTC_StructInit                           0x08008911   Thumb Code    14  stm32f4xx_rtc.o(.text)
    RTC_WriteProtectionCmd                   0x0800891f   Thumb Code    18  stm32f4xx_rtc.o(.text)
    RTC_RefClockCmd                          0x08008931   Thumb Code    56  stm32f4xx_rtc.o(.text)
    RTC_BypassShadowCmd                      0x08008969   Thumb Code    38  stm32f4xx_rtc.o(.text)
    RTC_SetTime                              0x0800898f   Thumb Code   148  stm32f4xx_rtc.o(.text)
    RTC_TimeStructInit                       0x08008a23   Thumb Code    12  stm32f4xx_rtc.o(.text)
    RTC_GetTime                              0x08008a2f   Thumb Code    70  stm32f4xx_rtc.o(.text)
    RTC_GetSubSecond                         0x08008a75   Thumb Code    14  stm32f4xx_rtc.o(.text)
    RTC_SetDate                              0x08008a83   Thumb Code   142  stm32f4xx_rtc.o(.text)
    RTC_DateStructInit                       0x08008b11   Thumb Code    14  stm32f4xx_rtc.o(.text)
    RTC_GetDate                              0x08008b1f   Thumb Code    66  stm32f4xx_rtc.o(.text)
    RTC_SetAlarm                             0x08008b61   Thumb Code   184  stm32f4xx_rtc.o(.text)
    RTC_AlarmStructInit                      0x08008c19   Thumb Code    20  stm32f4xx_rtc.o(.text)
    RTC_GetAlarm                             0x08008c2d   Thumb Code   104  stm32f4xx_rtc.o(.text)
    RTC_AlarmCmd                             0x08008c95   Thumb Code    78  stm32f4xx_rtc.o(.text)
    RTC_AlarmSubSecondConfig                 0x08008ce3   Thumb Code    38  stm32f4xx_rtc.o(.text)
    RTC_GetAlarmSubSecond                    0x08008d09   Thumb Code    24  stm32f4xx_rtc.o(.text)
    RTC_WakeUpClockConfig                    0x08008d21   Thumb Code    34  stm32f4xx_rtc.o(.text)
    RTC_SetWakeUpCounter                     0x08008d43   Thumb Code    22  stm32f4xx_rtc.o(.text)
    RTC_GetWakeUpCounter                     0x08008d59   Thumb Code    10  stm32f4xx_rtc.o(.text)
    RTC_WakeUpCmd                            0x08008d63   Thumb Code    84  stm32f4xx_rtc.o(.text)
    RTC_DayLightSavingConfig                 0x08008db7   Thumb Code    38  stm32f4xx_rtc.o(.text)
    RTC_GetStoreOperation                    0x08008ddd   Thumb Code    12  stm32f4xx_rtc.o(.text)
    RTC_OutputConfig                         0x08008de9   Thumb Code    38  stm32f4xx_rtc.o(.text)
    RTC_CoarseCalibConfig                    0x08008e0f   Thumb Code    46  stm32f4xx_rtc.o(.text)
    RTC_CoarseCalibCmd                       0x08008e3d   Thumb Code    56  stm32f4xx_rtc.o(.text)
    RTC_CalibOutputCmd                       0x08008e75   Thumb Code    38  stm32f4xx_rtc.o(.text)
    RTC_CalibOutputConfig                    0x08008e9b   Thumb Code    34  stm32f4xx_rtc.o(.text)
    RTC_SmoothCalibConfig                    0x08008ebd   Thumb Code    70  stm32f4xx_rtc.o(.text)
    RTC_TimeStampCmd                         0x08008f03   Thumb Code    42  stm32f4xx_rtc.o(.text)
    RTC_GetTimeStamp                         0x08008f2d   Thumb Code   130  stm32f4xx_rtc.o(.text)
    RTC_GetTimeStampSubSecond                0x08008faf   Thumb Code     8  stm32f4xx_rtc.o(.text)
    RTC_TamperTriggerConfig                  0x08008fb7   Thumb Code    24  stm32f4xx_rtc.o(.text)
    RTC_TamperCmd                            0x08008fcf   Thumb Code    28  stm32f4xx_rtc.o(.text)
    RTC_TamperFilterConfig                   0x08008feb   Thumb Code    18  stm32f4xx_rtc.o(.text)
    RTC_TamperSamplingFreqConfig             0x08008ffd   Thumb Code    18  stm32f4xx_rtc.o(.text)
    RTC_TamperPinsPrechargeDuration          0x0800900f   Thumb Code    18  stm32f4xx_rtc.o(.text)
    RTC_TimeStampOnTamperDetectionCmd        0x08009021   Thumb Code    22  stm32f4xx_rtc.o(.text)
    RTC_TamperPullUpCmd                      0x08009037   Thumb Code    22  stm32f4xx_rtc.o(.text)
    RTC_WriteBackupRegister                  0x0800904d   Thumb Code    16  stm32f4xx_rtc.o(.text)
    RTC_ReadBackupRegister                   0x0800905d   Thumb Code    16  stm32f4xx_rtc.o(.text)
    RTC_TamperPinSelection                   0x0800906d   Thumb Code    18  stm32f4xx_rtc.o(.text)
    RTC_TimeStampPinSelection                0x0800907f   Thumb Code    18  stm32f4xx_rtc.o(.text)
    RTC_OutputTypeConfig                     0x08009091   Thumb Code    18  stm32f4xx_rtc.o(.text)
    RTC_SynchroShiftConfig                   0x080090a3   Thumb Code    84  stm32f4xx_rtc.o(.text)
    RTC_ITConfig                             0x080090f7   Thumb Code    60  stm32f4xx_rtc.o(.text)
    RTC_GetFlagStatus                        0x08009133   Thumb Code    22  stm32f4xx_rtc.o(.text)
    RTC_ClearFlag                            0x08009149   Thumb Code    24  stm32f4xx_rtc.o(.text)
    RTC_GetITStatus                          0x08009161   Thumb Code    46  stm32f4xx_rtc.o(.text)
    RTC_ClearITPendingBit                    0x0800918f   Thumb Code    24  stm32f4xx_rtc.o(.text)
    EXTI_DeInit                              0x080091dd   Thumb Code    28  stm32f4xx_exti.o(.text)
    EXTI_Init                                0x080091f9   Thumb Code   108  stm32f4xx_exti.o(.text)
    EXTI_StructInit                          0x08009265   Thumb Code    14  stm32f4xx_exti.o(.text)
    EXTI_GenerateSWInterrupt                 0x08009273   Thumb Code    12  stm32f4xx_exti.o(.text)
    EXTI_GetFlagStatus                       0x0800927f   Thumb Code    18  stm32f4xx_exti.o(.text)
    EXTI_ClearFlag                           0x08009291   Thumb Code     8  stm32f4xx_exti.o(.text)
    EXTI_GetITStatus                         0x08009299   Thumb Code    18  stm32f4xx_exti.o(.text)
    EXTI_ClearITPendingBit                   0x080092ab   Thumb Code     8  stm32f4xx_exti.o(.text)
    PWR_DeInit                               0x080092bd   Thumb Code    24  stm32f4xx_pwr.o(.text)
    PWR_BackupAccessCmd                      0x080092d5   Thumb Code     6  stm32f4xx_pwr.o(.text)
    PWR_PVDLevelConfig                       0x080092db   Thumb Code    14  stm32f4xx_pwr.o(.text)
    PWR_PVDCmd                               0x080092e9   Thumb Code     6  stm32f4xx_pwr.o(.text)
    PWR_WakeUpPinCmd                         0x080092ef   Thumb Code     8  stm32f4xx_pwr.o(.text)
    PWR_BackupRegulatorCmd                   0x080092f7   Thumb Code     8  stm32f4xx_pwr.o(.text)
    PWR_MainRegulatorModeConfig              0x080092ff   Thumb Code    14  stm32f4xx_pwr.o(.text)
    PWR_OverDriveCmd                         0x0800930d   Thumb Code     6  stm32f4xx_pwr.o(.text)
    PWR_OverDriveSWCmd                       0x08009313   Thumb Code     6  stm32f4xx_pwr.o(.text)
    PWR_UnderDriveCmd                        0x08009319   Thumb Code    22  stm32f4xx_pwr.o(.text)
    PWR_MainRegulatorLowVoltageCmd           0x0800932f   Thumb Code    10  stm32f4xx_pwr.o(.text)
    PWR_LowRegulatorLowVoltageCmd            0x08009339   Thumb Code    10  stm32f4xx_pwr.o(.text)
    PWR_FlashPowerDownCmd                    0x08009343   Thumb Code     6  stm32f4xx_pwr.o(.text)
    PWR_EnterSTOPMode                        0x08009349   Thumb Code    46  stm32f4xx_pwr.o(.text)
    PWR_EnterUnderDriveSTOPMode              0x08009377   Thumb Code    46  stm32f4xx_pwr.o(.text)
    PWR_EnterSTANDBYMode                     0x080093a5   Thumb Code    24  stm32f4xx_pwr.o(.text)
    PWR_GetFlagStatus                        0x080093bd   Thumb Code    16  stm32f4xx_pwr.o(.text)
    PWR_ClearFlag                            0x080093cd   Thumb Code    12  stm32f4xx_pwr.o(.text)
    _sys_exit                                0x080093e5   Thumb Code     2  usart.o(.text)
    fputc                                    0x080093e7   Thumb Code    14  usart.o(.text)
    uart_init                                0x080093f5   Thumb Code   164  usart.o(.text)
    USART1_IRQHandler                        0x08009499   Thumb Code    88  usart.o(.text)
    __aeabi_ldivmod                          0x08009501   Thumb Code    98  ldiv.o(.text)
    __aeabi_memcpy                           0x08009563   Thumb Code    36  memcpya.o(.text)
    __aeabi_memcpy4                          0x08009563   Thumb Code     0  memcpya.o(.text)
    __aeabi_memcpy8                          0x08009563   Thumb Code     0  memcpya.o(.text)
    __aeabi_memset                           0x08009587   Thumb Code    14  memseta.o(.text)
    __aeabi_memset4                          0x08009587   Thumb Code     0  memseta.o(.text)
    __aeabi_memset8                          0x08009587   Thumb Code     0  memseta.o(.text)
    __aeabi_memclr                           0x08009595   Thumb Code     4  memseta.o(.text)
    __aeabi_memclr4                          0x08009595   Thumb Code     0  memseta.o(.text)
    __aeabi_memclr8                          0x08009595   Thumb Code     0  memseta.o(.text)
    _memset$wrapper                          0x08009599   Thumb Code    18  memseta.o(.text)
    strcpy                                   0x080095ab   Thumb Code    18  strcpy.o(.text)
    __aeabi_uldivmod                         0x080095bd   Thumb Code    98  uldiv.o(.text)
    __scatterload                            0x08009621   Thumb Code    28  init.o(.text)
    __scatterload_rt2                        0x08009621   Thumb Code     0  init.o(.text)
    __aeabi_llsl                             0x08009645   Thumb Code    30  llshl.o(.text)
    _ll_shift_l                              0x08009645   Thumb Code     0  llshl.o(.text)
    __aeabi_llsr                             0x08009663   Thumb Code    32  llushr.o(.text)
    _ll_ushift_r                             0x08009663   Thumb Code     0  llushr.o(.text)
    __0printf$8                              0x08009685   Thumb Code    22  printf8.o(i.__0printf$8)
    __1printf$8                              0x08009685   Thumb Code     0  printf8.o(i.__0printf$8)
    __2printf                                0x08009685   Thumb Code     0  printf8.o(i.__0printf$8)
    __0sprintf$8                             0x080096a5   Thumb Code    34  printf8.o(i.__0sprintf$8)
    __1sprintf$8                             0x080096a5   Thumb Code     0  printf8.o(i.__0sprintf$8)
    __2sprintf                               0x080096a5   Thumb Code     0  printf8.o(i.__0sprintf$8)
    __scatterload_copy                       0x080096cd   Thumb Code    14  handlers.o(i.__scatterload_copy)
    __scatterload_null                       0x080096db   Thumb Code     2  handlers.o(i.__scatterload_null)
    __scatterload_zeroinit                   0x080096dd   Thumb Code    14  handlers.o(i.__scatterload_zeroinit)
    ec_configlist                            0x08009b58   Data         156  ethercatconfig.o(.constdata)
    secMAC                                   0x08009bf4   Data           6  nicdrv.o(.constdata)
    FSMC_DefaultTimingStruct                 0x08009bfc   Data          28  stm32f4xx_fsmc.o(.constdata)
    Region$$Table$$Base                      0x08009d04   Number         0  anon$$obj.o(Region$$Table)
    Region$$Table$$Limit                     0x08009d24   Number         0  anon$$obj.o(Region$$Table)
    g_iRunTime                               0x20000000   Data           4  stm32f4xx_it.o(.data)
    SystemCoreClock                          0x20000004   Data           4  system_stm32f4xx.o(.data)
    AHBPrescTable                            0x20000008   Data          16  system_stm32f4xx.o(.data)
    EthStatus                                0x20000018   Data           4  dm9162.o(.data)
    MyMacAddr                                0x2000001c   Data           6  dm9162.o(.data)
    SendPackOk                               0x20000022   Data           1  dm9000.o(.data)
    s_FSMC_Init_Ok                           0x20000023   Data           1  dm9000.o(.data)
    receiveLen_DM9000                        0x20000024   Data           2  dm9000.o(.data)
    receiveLen                               0x2000002c   Data           2  dm9000.o(.data)
    NVIC_InitStructure                       0x2000002e   Data           4  rtc.o(.data)
    all_slave_op                             0x20000034   Data           1  ethercat_master.o(.data)
    restart_waittime                         0x20000035   Data           1  ethercat_master.o(.data)
    socket_mode                              0x20000036   Data           1  ethercat_master.o(.data)
    DM9000_Status                            0x20000037   Data           1  ethercat_master.o(.data)
    DM9162_Status                            0x20000038   Data           1  ethercat_master.o(.data)
    times_cnt                                0x2000003a   Data           2  ethercat_master.o(.data)
    time_cnt                                 0x2000003c   Data           2  ethercat_master.o(.data)
    vid                                      0x20000040   Data           4  ethercat_master.o(.data)
    pdoTimeFlag                              0x20000044   Data           4  ethercat_master.o(.data)
    outputs1                                 0x20000048   Data           4  ethercat_master.o(.data)
    inputs1                                  0x2000004c   Data           4  ethercat_master.o(.data)
    EcatError                                0x20000050   Data           1  ethercatmain.o(.data)
    ecx_context                              0x20000054   Data          80  ethercatmain.o(.data)
    ec_slavecount                            0x200000a4   Data           4  ethercatmain.o(.data)
    ec_DCtime                                0x200000b0   Data           8  ethercatmain.o(.data)
    DM9000_LINK_OK                           0x200000b8   Data           1  nicdrv.o(.data)
    DM9161_LINK_OK                           0x200000b9   Data           1  nicdrv.o(.data)
    DMATxDescToSet                           0x200000cc   Data           4  stm32f4x7_eth.o(.data)
    DMARxDescToGet                           0x200000d0   Data           4  stm32f4x7_eth.o(.data)
    DMA_RX_FRAME_infos                       0x200000d4   Data           4  stm32f4x7_eth.o(.data)
    sdfdfsf                                  0x200000d8   Data           4  stm32f4x7_eth.o(.data)
    dkf_addr                                 0x200000dc   Data           4  stm32f4x7_eth.o(.data)
    USART_RX_STA                             0x200000e0   Data           2  usart.o(.data)
    __stdout                                 0x200000e4   Data           4  usart.o(.data)
    receiveBuffer_DM9000                     0x200000e8   Data         200  dm9000.o(.bss)
    receiveBuffer                            0x200001b0   Data         200  dm9000.o(.bss)
    IOmap                                    0x20000278   Data         512  ethercat_master.o(.bss)
    ClockInfo                                0x20000478   Data          16  ethercat_master.o(.bss)
    ec_slave                                 0x20000488   Data        5840  ethercatmain.o(.bss)
    ec_group                                 0x20001b58   Data         592  ethercatmain.o(.bss)
    ecx_port                                 0x20003a4c   Data       51852  ethercatmain.o(.bss)
    ecx_redport                              0x200104d8   Data       25960  ethercatmain.o(.bss)
    DMARxDscrTab                             0x20016a40   Data         160  stm32f4x7_eth.o(.bss)
    DMATxDscrTab                             0x20016ae0   Data         160  stm32f4x7_eth.o(.bss)
    Rx_Buff                                  0x20016b80   Data        7620  stm32f4x7_eth.o(.bss)
    Tx_Buff                                  0x20018944   Data        7620  stm32f4x7_eth.o(.bss)
    RX_Frame_Descriptor                      0x2001a708   Data          12  stm32f4x7_eth.o(.bss)
    USART_RX_BUF                             0x2001a714   Data         200  usart.o(.bss)
    __initial_sp                             0x2001e7e0   Data           0  startup_stm32f40_41xxx.o(STACK)



==============================================================================

Memory Map of the image

  Image Entry point : 0x08000189

  Load Region LR_IROM1 (Base: 0x08000000, Size: 0x00009e0c, Max: 0x00080000, ABSOLUTE)

    Execution Region ER_IROM1 (Exec base: 0x08000000, Load base: 0x08000000, Size: 0x00009d24, Max: 0x00080000, ABSOLUTE)

    Exec Addr    Load Addr    Size         Type   Attr      Idx    E Section Name        Object

    0x08000000   0x08000000   0x00000188   Data   RO          625    RESET               startup_stm32f40_41xxx.o
    0x08000188   0x08000188   0x00000000   Code   RO          945  * .ARM.Collect$$$$00000000  mc_w.l(entry.o)
    0x08000188   0x08000188   0x00000004   Code   RO         1219    .ARM.Collect$$$$00000001  mc_w.l(entry2.o)
    0x0800018c   0x0800018c   0x00000004   Code   RO         1222    .ARM.Collect$$$$00000004  mc_w.l(entry5.o)
    0x08000190   0x08000190   0x00000000   Code   RO         1224    .ARM.Collect$$$$00000008  mc_w.l(entry7b.o)
    0x08000190   0x08000190   0x00000000   Code   RO         1226    .ARM.Collect$$$$0000000A  mc_w.l(entry8b.o)
    0x08000190   0x08000190   0x00000008   Code   RO         1227    .ARM.Collect$$$$0000000B  mc_w.l(entry9a.o)
    0x08000198   0x08000198   0x00000000   Code   RO         1229    .ARM.Collect$$$$0000000D  mc_w.l(entry10a.o)
    0x08000198   0x08000198   0x00000000   Code   RO         1231    .ARM.Collect$$$$0000000F  mc_w.l(entry11a.o)
    0x08000198   0x08000198   0x00000004   Code   RO         1220    .ARM.Collect$$$$00002712  mc_w.l(entry2.o)
    0x0800019c   0x0800019c   0x00000012   Code   RO            3    .text               stm32f4xx_it.o
    0x080001ae   0x080001ae   0x00000002   PAD
    0x080001b0   0x080001b0   0x00000180   Code   RO          137    .text               system_stm32f4xx.o
    0x08000330   0x08000330   0x000002fc   Code   RO          163    .text               dm9162.o
    0x0800062c   0x0800062c   0x000005dc   Code   RO          253    .text               dm9000.o
    0x08000c08   0x08000c08   0x00000218   Code   RO          306    .text               rtc.o
    0x08000e20   0x08000e20   0x000000b0   Code   RO          336    .text               bsp_timer.o
    0x08000ed0   0x08000ed0   0x000001ec   Code   RO          361    .text               bsp.o
    0x080010bc   0x080010bc   0x00000690   Code   RO          382    .text               ethercat_master.o
    0x0800174c   0x0800174c   0x000007dc   Code   RO          446    .text               ethercatbase.o
    0x08001f28   0x08001f28   0x00001c90   Code   RO          473    .text               ethercatconfig.o
    0x08003bb8   0x08003bb8   0x00001a78   Code   RO          520    .text               ethercatmain.o
    0x08005630   0x08005630   0x00000768   Code   RO          565    .text               ethercatdc.o
    0x08005d98   0x08005d98   0x000005e8   Code   RO          595    .text               nicdrv.o
    0x08006380   0x08006380   0x00000024   Code   RO          626    .text               startup_stm32f40_41xxx.o
    0x080063a4   0x080063a4   0x000000b0   Code   RO          632    .text               misc.o
    0x08006454   0x08006454   0x0000020c   Code   RO          652    .text               stm32f4xx_gpio.o
    0x08006660   0x08006660   0x0000046c   Code   RO          672    .text               stm32f4xx_rcc.o
    0x08006acc   0x08006acc   0x0000007c   Code   RO          694    .text               stm32f4xx_syscfg.o
    0x08006b48   0x08006b48   0x000009dc   Code   RO          714    .text               stm32f4xx_tim.o
    0x08007524   0x08007524   0x00000358   Code   RO          735    .text               stm32f4xx_usart.o
    0x0800787c   0x0800787c   0x00000acc   Code   RO          755    .text               stm32f4x7_eth.o
    0x08008348   0x08008348   0x00000448   Code   RO          813    .text               stm32f4xx_fsmc.o
    0x08008790   0x08008790   0x00000a4c   Code   RO          836    .text               stm32f4xx_rtc.o
    0x080091dc   0x080091dc   0x000000e0   Code   RO          857    .text               stm32f4xx_exti.o
    0x080092bc   0x080092bc   0x00000128   Code   RO          877    .text               stm32f4xx_pwr.o
    0x080093e4   0x080093e4   0x0000011c   Code   RO          915    .text               usart.o
    0x08009500   0x08009500   0x00000062   Code   RO          948    .text               mc_w.l(ldiv.o)
    0x08009562   0x08009562   0x00000024   Code   RO          950    .text               mc_w.l(memcpya.o)
    0x08009586   0x08009586   0x00000024   Code   RO          952    .text               mc_w.l(memseta.o)
    0x080095aa   0x080095aa   0x00000012   Code   RO          954    .text               mc_w.l(strcpy.o)
    0x080095bc   0x080095bc   0x00000062   Code   RO         1235    .text               mc_w.l(uldiv.o)
    0x0800961e   0x0800961e   0x00000002   PAD
    0x08009620   0x08009620   0x00000024   Code   RO         1248    .text               mc_w.l(init.o)
    0x08009644   0x08009644   0x0000001e   Code   RO         1250    .text               mc_w.l(llshl.o)
    0x08009662   0x08009662   0x00000020   Code   RO         1252    .text               mc_w.l(llushr.o)
    0x08009682   0x08009682   0x00000002   PAD
    0x08009684   0x08009684   0x00000020   Code   RO         1165    i.__0printf$8       mc_w.l(printf8.o)
    0x080096a4   0x080096a4   0x00000028   Code   RO         1167    i.__0sprintf$8      mc_w.l(printf8.o)
    0x080096cc   0x080096cc   0x0000000e   Code   RO         1260    i.__scatterload_copy  mc_w.l(handlers.o)
    0x080096da   0x080096da   0x00000002   Code   RO         1261    i.__scatterload_null  mc_w.l(handlers.o)
    0x080096dc   0x080096dc   0x0000000e   Code   RO         1262    i.__scatterload_zeroinit  mc_w.l(handlers.o)
    0x080096ea   0x080096ea   0x00000002   PAD
    0x080096ec   0x080096ec   0x00000410   Code   RO         1172    i._printf_core      mc_w.l(printf8.o)
    0x08009afc   0x08009afc   0x00000024   Code   RO         1173    i._printf_post_padding  mc_w.l(printf8.o)
    0x08009b20   0x08009b20   0x0000002e   Code   RO         1174    i._printf_pre_padding  mc_w.l(printf8.o)
    0x08009b4e   0x08009b4e   0x0000000a   Code   RO         1176    i._sputc            mc_w.l(printf8.o)
    0x08009b58   0x08009b58   0x0000009c   Data   RO          474    .constdata          ethercatconfig.o
    0x08009bf4   0x08009bf4   0x00000006   Data   RO          597    .constdata          nicdrv.o
    0x08009bfa   0x08009bfa   0x00000002   PAD
    0x08009bfc   0x08009bfc   0x0000001c   Data   RO          814    .constdata          stm32f4xx_fsmc.o
    0x08009c18   0x08009c18   0x000000a6   Data   RO          385    .conststring        ethercat_master.o
    0x08009cbe   0x08009cbe   0x00000002   PAD
    0x08009cc0   0x08009cc0   0x00000042   Data   RO          475    .conststring        ethercatconfig.o
    0x08009d02   0x08009d02   0x00000002   PAD
    0x08009d04   0x08009d04   0x00000020   Data   RO         1258    Region$$Table       anon$$obj.o


    Execution Region RW_IRAM1 (Exec base: 0x20000000, Load base: 0x08009d24, Size: 0x0001e7e0, Max: 0x00020000, ABSOLUTE)

    Exec Addr    Load Addr    Size         Type   Attr      Idx    E Section Name        Object

    0x20000000   0x08009d24   0x00000004   Data   RW            4    .data               stm32f4xx_it.o
    0x20000004   0x08009d28   0x00000014   Data   RW          138    .data               system_stm32f4xx.o
    0x20000018   0x08009d3c   0x0000000a   Data   RW          165    .data               dm9162.o
    0x20000022   0x08009d46   0x0000000a   Data   RW          256    .data               dm9000.o
    0x2000002c   0x08009d50   0x00000002   Data   RW          257    .data               dm9000.o
    0x2000002e   0x08009d52   0x00000004   Data   RW          307    .data               rtc.o
    0x20000032   0x08009d56   0x00000002   PAD
    0x20000034   0x08009d58   0x0000001c   Data   RW          386    .data               ethercat_master.o
    0x20000050   0x08009d74   0x00000001   Data   RW          533    .data               ethercatmain.o
    0x20000051   0x08009d75   0x00000003   PAD
    0x20000054   0x08009d78   0x00000050   Data   RW          534    .data               ethercatmain.o
    0x200000a4   0x08009dc8   0x00000004   Data   RW          535    .data               ethercatmain.o
    0x200000a8   0x08009dcc   0x00000008   Data   RW          536    .data               ethercatmain.o
    0x200000b0   0x08009dd4   0x00000008   Data   RW          537    .data               ethercatmain.o
    0x200000b8   0x08009ddc   0x00000002   Data   RW          598    .data               nicdrv.o
    0x200000ba   0x08009dde   0x00000010   Data   RW          673    .data               stm32f4xx_rcc.o
    0x200000ca   0x08009dee   0x00000002   PAD
    0x200000cc   0x08009df0   0x00000014   Data   RW          762    .data               stm32f4x7_eth.o
    0x200000e0   0x08009e04   0x00000002   Data   RW          917    .data               usart.o
    0x200000e2   0x08009e06   0x00000002   PAD
    0x200000e4   0x08009e08   0x00000004   Data   RW          918    .data               usart.o
    0x200000e8        -       0x000000c8   Zero   RW          254    .bss                dm9000.o
    0x200001b0        -       0x000000c8   Zero   RW          255    .bss                dm9000.o
    0x20000278        -       0x00000210   Zero   RW          383    .bss                ethercat_master.o
    0x20000488        -       0x000016d0   Zero   RW          521    .bss                ethercatmain.o
    0x20001b58        -       0x00000250   Zero   RW          522    .bss                ethercatmain.o
    0x20001da8        -       0x00001000   Zero   RW          523    .bss                ethercatmain.o
    0x20002da8        -       0x00000200   Zero   RW          524    .bss                ethercatmain.o
    0x20002fa8        -       0x00000414   Zero   RW          525    .bss                ethercatmain.o
    0x200033bc        -       0x00000074   Zero   RW          526    .bss                ethercatmain.o
    0x20003430        -       0x0000000a   Zero   RW          527    .bss                ethercatmain.o
    0x2000343a        -       0x00000202   Zero   RW          528    .bss                ethercatmain.o
    0x2000363c        -       0x00000404   Zero   RW          529    .bss                ethercatmain.o
    0x20003a40        -       0x0000000c   Zero   RW          530    .bss                ethercatmain.o
    0x20003a4c        -       0x0000ca8c   Zero   RW          531    .bss                ethercatmain.o
    0x200104d8        -       0x00006568   Zero   RW          532    .bss                ethercatmain.o
    0x20016a40        -       0x000000a0   Zero   RW          756    .bss                stm32f4x7_eth.o
    0x20016ae0        -       0x000000a0   Zero   RW          757    .bss                stm32f4x7_eth.o
    0x20016b80        -       0x00001dc4   Zero   RW          758    .bss                stm32f4x7_eth.o
    0x20018944        -       0x00001dc4   Zero   RW          759    .bss                stm32f4x7_eth.o
    0x2001a708        -       0x0000000c   Zero   RW          760    .bss                stm32f4x7_eth.o
    0x2001a714        -       0x000000c8   Zero   RW          916    .bss                usart.o
    0x2001a7dc   0x08009e0c   0x00000004   PAD
    0x2001a7e0        -       0x00004000   Zero   RW          623    STACK               startup_stm32f40_41xxx.o


==============================================================================

Image component sizes


      Code (inc. data)   RO Data    RW Data    ZI Data      Debug   Object Name

       492         30          0          0          0       2912   bsp.o
       176         16          0          0          0      28567   bsp_timer.o
      1500         44          0         12        400       6047   dm9000.o
       764         62          0         10          0     270893   dm9162.o
      1680        656        166         28        528      16686   ethercat_master.o
      2012          6          0          0          0      12638   ethercatbase.o
      7312        606        222          0          0      21898   ethercatconfig.o
      1896         10          0          0          0       5439   ethercatdc.o
      6776         32          0        101      91576      32955   ethercatmain.o
       176         12          0          0          0       2177   misc.o
      1512         32          6          2          0       8840   nicdrv.o
       536         10          0          4          0       3322   rtc.o
        36          8        392          0      16384        852   startup_stm32f40_41xxx.o
      2764         82          0         20      15572      21543   stm32f4x7_eth.o
       224         10          0          0          0       2627   stm32f4xx_exti.o
      1096         10         28          0          0       6378   stm32f4xx_fsmc.o
       524         44          0          0          0       4697   stm32f4xx_gpio.o
        18          0          0          4          0      77179   stm32f4xx_it.o
       296         12          0          0          0       3887   stm32f4xx_pwr.o
      1132         52          0         16          0      13438   stm32f4xx_rcc.o
      2636         48          0          0          0      16466   stm32f4xx_rtc.o
       124         16          0          0          0       1989   stm32f4xx_syscfg.o
      2524         52          0          0          0      24226   stm32f4xx_tim.o
       856         32          0          0          0       8512   stm32f4xx_usart.o
       384         40          0         20          0       2015   system_stm32f4xx.o
       284         16          0          6        200       3462   usart.o

    ----------------------------------------------------------------------
     37732       1938        852        232     124664     599645   Object Totals
         0          0         32          0          0          0   (incl. Generated)
         2          0          6          9          4          0   (incl. Padding)

    ----------------------------------------------------------------------

      Code (inc. data)   RO Data    RW Data    ZI Data      Debug   Library Member Name

         0          0          0          0          0          0   entry.o
         0          0          0          0          0          0   entry10a.o
         0          0          0          0          0          0   entry11a.o
         8          4          0          0          0          0   entry2.o
         4          0          0          0          0          0   entry5.o
         0          0          0          0          0          0   entry7b.o
         0          0          0          0          0          0   entry8b.o
         8          4          0          0          0          0   entry9a.o
        30          0          0          0          0          0   handlers.o
        36          8          0          0          0         68   init.o
        98          0          0          0          0         84   ldiv.o
        30          0          0          0          0         68   llshl.o
        32          0          0          0          0         68   llushr.o
        36          0          0          0          0         68   memcpya.o
        36          0          0          0          0        108   memseta.o
      1204         60          0          0          0        504   printf8.o
        18          0          0          0          0         68   strcpy.o
        98          0          0          0          0         92   uldiv.o

    ----------------------------------------------------------------------
      1644         76          0          0          0       1128   Library Totals
         6          0          0          0          0          0   (incl. Padding)

    ----------------------------------------------------------------------

      Code (inc. data)   RO Data    RW Data    ZI Data      Debug   Library Name

      1638         76          0          0          0       1128   mc_w.l

    ----------------------------------------------------------------------
      1644         76          0          0          0       1128   Library Totals

    ----------------------------------------------------------------------

==============================================================================


      Code (inc. data)   RO Data    RW Data    ZI Data      Debug   

     39376       2014        852        232     124664     593205   Grand Totals
     39376       2014        852        232     124664     593205   ELF Image Totals
     39376       2014        852        232          0          0   ROM Totals

==============================================================================

    Total RO  Size (Code + RO Data)                40228 (  39.29kB)
    Total RW  Size (RW Data + ZI Data)            124896 ( 121.97kB)
    Total ROM Size (Code + RO Data + RW Data)      40460 (  39.51kB)

==============================================================================

