<!doctype html public "-//w3c//dtd html 4.0 transitional//en">
<html><head>
<title>Static Call Graph - [..\OBJ\LWIP.axf]</title></head>
<body><HR>
<H1>Static Call Graph for image ..\OBJ\LWIP.axf</H1><HR>
<BR><P>#&#060CALLGRAPH&#062# ARM Linker, 5060750: Last Updated: Sat Apr 22 20:41:18 2023
<BR><P>
<H3>Maximum Stack Usage =       6968 bytes + Unknown(Cycles, Untraceable Function Pointers)</H3><H3>
Call chain for Maximum Stack Depth:</H3>
main &rArr; ec_config_map &rArr; ec_config_map_group &rArr; ecx_config_map_group &rArr; ecx_map_sii &rArr; ecx_siiPDO &rArr; ecx_siifind &rArr; ecx_siigetbyte &rArr; ecx_readeepromFP &rArr; ecx_eeprom_waitnotbusyFP &rArr; ecx_FPRD &rArr; ecx_srconfirm &rArr; ecx_waitinframe_red &rArr; ecx_inframe &rArr; dm9k_receive_packet &rArr; dm9k_err_reset
<P>
<H3>
Mutually Recursive functions
</H3> <LI><a href="#[2]">HardFault_Handler</a>&nbsp;&nbsp;&nbsp;&rArr;&nbsp;&nbsp;&nbsp;<a href="#[2]">HardFault_Handler</a><BR>
 <LI><a href="#[3]">MemManage_Handler</a>&nbsp;&nbsp;&nbsp;&rArr;&nbsp;&nbsp;&nbsp;<a href="#[3]">MemManage_Handler</a><BR>
 <LI><a href="#[4]">BusFault_Handler</a>&nbsp;&nbsp;&nbsp;&rArr;&nbsp;&nbsp;&nbsp;<a href="#[4]">BusFault_Handler</a><BR>
 <LI><a href="#[5]">UsageFault_Handler</a>&nbsp;&nbsp;&nbsp;&rArr;&nbsp;&nbsp;&nbsp;<a href="#[5]">UsageFault_Handler</a><BR>
 <LI><a href="#[1c]">ADC_IRQHandler</a>&nbsp;&nbsp;&nbsp;&rArr;&nbsp;&nbsp;&nbsp;<a href="#[1c]">ADC_IRQHandler</a><BR>
</UL>
<P>
<H3>
Function Pointers
</H3><UL>
 <LI><a href="#[1c]">ADC_IRQHandler</a> from startup_stm32f40_41xxx.o(.text) referenced from startup_stm32f40_41xxx.o(RESET)
 <LI><a href="#[4]">BusFault_Handler</a> from stm32f4xx_it.o(.text) referenced from startup_stm32f40_41xxx.o(RESET)
 <LI><a href="#[1e]">CAN1_RX0_IRQHandler</a> from startup_stm32f40_41xxx.o(.text) referenced from startup_stm32f40_41xxx.o(RESET)
 <LI><a href="#[1f]">CAN1_RX1_IRQHandler</a> from startup_stm32f40_41xxx.o(.text) referenced from startup_stm32f40_41xxx.o(RESET)
 <LI><a href="#[20]">CAN1_SCE_IRQHandler</a> from startup_stm32f40_41xxx.o(.text) referenced from startup_stm32f40_41xxx.o(RESET)
 <LI><a href="#[1d]">CAN1_TX_IRQHandler</a> from startup_stm32f40_41xxx.o(.text) referenced from startup_stm32f40_41xxx.o(RESET)
 <LI><a href="#[4a]">CAN2_RX0_IRQHandler</a> from startup_stm32f40_41xxx.o(.text) referenced from startup_stm32f40_41xxx.o(RESET)
 <LI><a href="#[4b]">CAN2_RX1_IRQHandler</a> from startup_stm32f40_41xxx.o(.text) referenced from startup_stm32f40_41xxx.o(RESET)
 <LI><a href="#[4c]">CAN2_SCE_IRQHandler</a> from startup_stm32f40_41xxx.o(.text) referenced from startup_stm32f40_41xxx.o(RESET)
 <LI><a href="#[49]">CAN2_TX_IRQHandler</a> from startup_stm32f40_41xxx.o(.text) referenced from startup_stm32f40_41xxx.o(RESET)
 <LI><a href="#[59]">CRYP_IRQHandler</a> from startup_stm32f40_41xxx.o(.text) referenced from startup_stm32f40_41xxx.o(RESET)
 <LI><a href="#[58]">DCMI_IRQHandler</a> from startup_stm32f40_41xxx.o(.text) referenced from startup_stm32f40_41xxx.o(RESET)
 <LI><a href="#[15]">DMA1_Stream0_IRQHandler</a> from startup_stm32f40_41xxx.o(.text) referenced from startup_stm32f40_41xxx.o(RESET)
 <LI><a href="#[16]">DMA1_Stream1_IRQHandler</a> from startup_stm32f40_41xxx.o(.text) referenced from startup_stm32f40_41xxx.o(RESET)
 <LI><a href="#[17]">DMA1_Stream2_IRQHandler</a> from startup_stm32f40_41xxx.o(.text) referenced from startup_stm32f40_41xxx.o(RESET)
 <LI><a href="#[18]">DMA1_Stream3_IRQHandler</a> from startup_stm32f40_41xxx.o(.text) referenced from startup_stm32f40_41xxx.o(RESET)
 <LI><a href="#[19]">DMA1_Stream4_IRQHandler</a> from startup_stm32f40_41xxx.o(.text) referenced from startup_stm32f40_41xxx.o(RESET)
 <LI><a href="#[1a]">DMA1_Stream5_IRQHandler</a> from startup_stm32f40_41xxx.o(.text) referenced from startup_stm32f40_41xxx.o(RESET)
 <LI><a href="#[1b]">DMA1_Stream6_IRQHandler</a> from startup_stm32f40_41xxx.o(.text) referenced from startup_stm32f40_41xxx.o(RESET)
 <LI><a href="#[39]">DMA1_Stream7_IRQHandler</a> from startup_stm32f40_41xxx.o(.text) referenced from startup_stm32f40_41xxx.o(RESET)
 <LI><a href="#[42]">DMA2_Stream0_IRQHandler</a> from startup_stm32f40_41xxx.o(.text) referenced from startup_stm32f40_41xxx.o(RESET)
 <LI><a href="#[43]">DMA2_Stream1_IRQHandler</a> from startup_stm32f40_41xxx.o(.text) referenced from startup_stm32f40_41xxx.o(RESET)
 <LI><a href="#[44]">DMA2_Stream2_IRQHandler</a> from startup_stm32f40_41xxx.o(.text) referenced from startup_stm32f40_41xxx.o(RESET)
 <LI><a href="#[45]">DMA2_Stream3_IRQHandler</a> from startup_stm32f40_41xxx.o(.text) referenced from startup_stm32f40_41xxx.o(RESET)
 <LI><a href="#[46]">DMA2_Stream4_IRQHandler</a> from startup_stm32f40_41xxx.o(.text) referenced from startup_stm32f40_41xxx.o(RESET)
 <LI><a href="#[4e]">DMA2_Stream5_IRQHandler</a> from startup_stm32f40_41xxx.o(.text) referenced from startup_stm32f40_41xxx.o(RESET)
 <LI><a href="#[4f]">DMA2_Stream6_IRQHandler</a> from startup_stm32f40_41xxx.o(.text) referenced from startup_stm32f40_41xxx.o(RESET)
 <LI><a href="#[50]">DMA2_Stream7_IRQHandler</a> from startup_stm32f40_41xxx.o(.text) referenced from startup_stm32f40_41xxx.o(RESET)
 <LI><a href="#[7]">DebugMon_Handler</a> from stm32f4xx_it.o(.text) referenced from startup_stm32f40_41xxx.o(RESET)
 <LI><a href="#[47]">ETH_IRQHandler</a> from startup_stm32f40_41xxx.o(.text) referenced from startup_stm32f40_41xxx.o(RESET)
 <LI><a href="#[48]">ETH_WKUP_IRQHandler</a> from startup_stm32f40_41xxx.o(.text) referenced from startup_stm32f40_41xxx.o(RESET)
 <LI><a href="#[10]">EXTI0_IRQHandler</a> from startup_stm32f40_41xxx.o(.text) referenced from startup_stm32f40_41xxx.o(RESET)
 <LI><a href="#[32]">EXTI15_10_IRQHandler</a> from startup_stm32f40_41xxx.o(.text) referenced from startup_stm32f40_41xxx.o(RESET)
 <LI><a href="#[11]">EXTI1_IRQHandler</a> from startup_stm32f40_41xxx.o(.text) referenced from startup_stm32f40_41xxx.o(RESET)
 <LI><a href="#[12]">EXTI2_IRQHandler</a> from startup_stm32f40_41xxx.o(.text) referenced from startup_stm32f40_41xxx.o(RESET)
 <LI><a href="#[13]">EXTI3_IRQHandler</a> from startup_stm32f40_41xxx.o(.text) referenced from startup_stm32f40_41xxx.o(RESET)
 <LI><a href="#[14]">EXTI4_IRQHandler</a> from startup_stm32f40_41xxx.o(.text) referenced from startup_stm32f40_41xxx.o(RESET)
 <LI><a href="#[21]">EXTI9_5_IRQHandler</a> from startup_stm32f40_41xxx.o(.text) referenced from startup_stm32f40_41xxx.o(RESET)
 <LI><a href="#[e]">FLASH_IRQHandler</a> from startup_stm32f40_41xxx.o(.text) referenced from startup_stm32f40_41xxx.o(RESET)
 <LI><a href="#[5b]">FPU_IRQHandler</a> from startup_stm32f40_41xxx.o(.text) referenced from startup_stm32f40_41xxx.o(RESET)
 <LI><a href="#[3a]">FSMC_IRQHandler</a> from startup_stm32f40_41xxx.o(.text) referenced from startup_stm32f40_41xxx.o(RESET)
 <LI><a href="#[5a]">HASH_RNG_IRQHandler</a> from startup_stm32f40_41xxx.o(.text) referenced from startup_stm32f40_41xxx.o(RESET)
 <LI><a href="#[2]">HardFault_Handler</a> from stm32f4xx_it.o(.text) referenced from startup_stm32f40_41xxx.o(RESET)
 <LI><a href="#[2a]">I2C1_ER_IRQHandler</a> from startup_stm32f40_41xxx.o(.text) referenced from startup_stm32f40_41xxx.o(RESET)
 <LI><a href="#[29]">I2C1_EV_IRQHandler</a> from startup_stm32f40_41xxx.o(.text) referenced from startup_stm32f40_41xxx.o(RESET)
 <LI><a href="#[2c]">I2C2_ER_IRQHandler</a> from startup_stm32f40_41xxx.o(.text) referenced from startup_stm32f40_41xxx.o(RESET)
 <LI><a href="#[2b]">I2C2_EV_IRQHandler</a> from startup_stm32f40_41xxx.o(.text) referenced from startup_stm32f40_41xxx.o(RESET)
 <LI><a href="#[53]">I2C3_ER_IRQHandler</a> from startup_stm32f40_41xxx.o(.text) referenced from startup_stm32f40_41xxx.o(RESET)
 <LI><a href="#[52]">I2C3_EV_IRQHandler</a> from startup_stm32f40_41xxx.o(.text) referenced from startup_stm32f40_41xxx.o(RESET)
 <LI><a href="#[3]">MemManage_Handler</a> from stm32f4xx_it.o(.text) referenced from startup_stm32f40_41xxx.o(RESET)
 <LI><a href="#[1]">NMI_Handler</a> from stm32f4xx_it.o(.text) referenced from startup_stm32f40_41xxx.o(RESET)
 <LI><a href="#[4d]">OTG_FS_IRQHandler</a> from startup_stm32f40_41xxx.o(.text) referenced from startup_stm32f40_41xxx.o(RESET)
 <LI><a href="#[34]">OTG_FS_WKUP_IRQHandler</a> from startup_stm32f40_41xxx.o(.text) referenced from startup_stm32f40_41xxx.o(RESET)
 <LI><a href="#[55]">OTG_HS_EP1_IN_IRQHandler</a> from startup_stm32f40_41xxx.o(.text) referenced from startup_stm32f40_41xxx.o(RESET)
 <LI><a href="#[54]">OTG_HS_EP1_OUT_IRQHandler</a> from startup_stm32f40_41xxx.o(.text) referenced from startup_stm32f40_41xxx.o(RESET)
 <LI><a href="#[57]">OTG_HS_IRQHandler</a> from startup_stm32f40_41xxx.o(.text) referenced from startup_stm32f40_41xxx.o(RESET)
 <LI><a href="#[56]">OTG_HS_WKUP_IRQHandler</a> from startup_stm32f40_41xxx.o(.text) referenced from startup_stm32f40_41xxx.o(RESET)
 <LI><a href="#[b]">PVD_IRQHandler</a> from startup_stm32f40_41xxx.o(.text) referenced from startup_stm32f40_41xxx.o(RESET)
 <LI><a href="#[8]">PendSV_Handler</a> from stm32f4xx_it.o(.text) referenced from startup_stm32f40_41xxx.o(RESET)
 <LI><a href="#[f]">RCC_IRQHandler</a> from startup_stm32f40_41xxx.o(.text) referenced from startup_stm32f40_41xxx.o(RESET)
 <LI><a href="#[33]">RTC_Alarm_IRQHandler</a> from rtc.o(.text) referenced from startup_stm32f40_41xxx.o(RESET)
 <LI><a href="#[d]">RTC_WKUP_IRQHandler</a> from rtc.o(.text) referenced from startup_stm32f40_41xxx.o(RESET)
 <LI><a href="#[0]">Reset_Handler</a> from startup_stm32f40_41xxx.o(.text) referenced from startup_stm32f40_41xxx.o(RESET)
 <LI><a href="#[3b]">SDIO_IRQHandler</a> from startup_stm32f40_41xxx.o(.text) referenced from startup_stm32f40_41xxx.o(RESET)
 <LI><a href="#[2d]">SPI1_IRQHandler</a> from startup_stm32f40_41xxx.o(.text) referenced from startup_stm32f40_41xxx.o(RESET)
 <LI><a href="#[2e]">SPI2_IRQHandler</a> from startup_stm32f40_41xxx.o(.text) referenced from startup_stm32f40_41xxx.o(RESET)
 <LI><a href="#[3d]">SPI3_IRQHandler</a> from startup_stm32f40_41xxx.o(.text) referenced from startup_stm32f40_41xxx.o(RESET)
 <LI><a href="#[6]">SVC_Handler</a> from stm32f4xx_it.o(.text) referenced from startup_stm32f40_41xxx.o(RESET)
 <LI><a href="#[9]">SysTick_Handler</a> from stm32f4xx_it.o(.text) referenced from startup_stm32f40_41xxx.o(RESET)
 <LI><a href="#[5d]">SystemInit</a> from system_stm32f4xx.o(.text) referenced from startup_stm32f40_41xxx.o(.text)
 <LI><a href="#[c]">TAMP_STAMP_IRQHandler</a> from startup_stm32f40_41xxx.o(.text) referenced from startup_stm32f40_41xxx.o(RESET)
 <LI><a href="#[22]">TIM1_BRK_TIM9_IRQHandler</a> from startup_stm32f40_41xxx.o(.text) referenced from startup_stm32f40_41xxx.o(RESET)
 <LI><a href="#[25]">TIM1_CC_IRQHandler</a> from startup_stm32f40_41xxx.o(.text) referenced from startup_stm32f40_41xxx.o(RESET)
 <LI><a href="#[24]">TIM1_TRG_COM_TIM11_IRQHandler</a> from startup_stm32f40_41xxx.o(.text) referenced from startup_stm32f40_41xxx.o(RESET)
 <LI><a href="#[23]">TIM1_UP_TIM10_IRQHandler</a> from startup_stm32f40_41xxx.o(.text) referenced from startup_stm32f40_41xxx.o(RESET)
 <LI><a href="#[26]">TIM2_IRQHandler</a> from startup_stm32f40_41xxx.o(.text) referenced from startup_stm32f40_41xxx.o(RESET)
 <LI><a href="#[27]">TIM3_IRQHandler</a> from ethercat_master.o(.text) referenced from startup_stm32f40_41xxx.o(RESET)
 <LI><a href="#[28]">TIM4_IRQHandler</a> from startup_stm32f40_41xxx.o(.text) referenced from startup_stm32f40_41xxx.o(RESET)
 <LI><a href="#[3c]">TIM5_IRQHandler</a> from startup_stm32f40_41xxx.o(.text) referenced from startup_stm32f40_41xxx.o(RESET)
 <LI><a href="#[40]">TIM6_DAC_IRQHandler</a> from startup_stm32f40_41xxx.o(.text) referenced from startup_stm32f40_41xxx.o(RESET)
 <LI><a href="#[41]">TIM7_IRQHandler</a> from startup_stm32f40_41xxx.o(.text) referenced from startup_stm32f40_41xxx.o(RESET)
 <LI><a href="#[35]">TIM8_BRK_TIM12_IRQHandler</a> from startup_stm32f40_41xxx.o(.text) referenced from startup_stm32f40_41xxx.o(RESET)
 <LI><a href="#[38]">TIM8_CC_IRQHandler</a> from startup_stm32f40_41xxx.o(.text) referenced from startup_stm32f40_41xxx.o(RESET)
 <LI><a href="#[37]">TIM8_TRG_COM_TIM14_IRQHandler</a> from startup_stm32f40_41xxx.o(.text) referenced from startup_stm32f40_41xxx.o(RESET)
 <LI><a href="#[36]">TIM8_UP_TIM13_IRQHandler</a> from startup_stm32f40_41xxx.o(.text) referenced from startup_stm32f40_41xxx.o(RESET)
 <LI><a href="#[3e]">UART4_IRQHandler</a> from startup_stm32f40_41xxx.o(.text) referenced from startup_stm32f40_41xxx.o(RESET)
 <LI><a href="#[3f]">UART5_IRQHandler</a> from startup_stm32f40_41xxx.o(.text) referenced from startup_stm32f40_41xxx.o(RESET)
 <LI><a href="#[2f]">USART1_IRQHandler</a> from usart.o(.text) referenced from startup_stm32f40_41xxx.o(RESET)
 <LI><a href="#[30]">USART2_IRQHandler</a> from startup_stm32f40_41xxx.o(.text) referenced from startup_stm32f40_41xxx.o(RESET)
 <LI><a href="#[31]">USART3_IRQHandler</a> from startup_stm32f40_41xxx.o(.text) referenced from startup_stm32f40_41xxx.o(RESET)
 <LI><a href="#[51]">USART6_IRQHandler</a> from startup_stm32f40_41xxx.o(.text) referenced from startup_stm32f40_41xxx.o(RESET)
 <LI><a href="#[5]">UsageFault_Handler</a> from stm32f4xx_it.o(.text) referenced from startup_stm32f40_41xxx.o(RESET)
 <LI><a href="#[a]">WWDG_IRQHandler</a> from startup_stm32f40_41xxx.o(.text) referenced from startup_stm32f40_41xxx.o(RESET)
 <LI><a href="#[5e]">__main</a> from entry.o(.ARM.Collect$$$$00000000) referenced from startup_stm32f40_41xxx.o(.text)
 <LI><a href="#[60]">_sputc</a> from printf8.o(i._sputc) referenced from printf8.o(i.__0sprintf$8)
 <LI><a href="#[5f]">fputc</a> from usart.o(.text) referenced from printf8.o(i.__0printf$8)
 <LI><a href="#[5c]">main</a> from ethercat_master.o(.text) referenced from entry9a.o(.ARM.Collect$$$$0000000B)
</UL>
<P>
<H3>
Global Symbols
</H3>
<P><STRONG><a name="[5e]"></a>__main</STRONG> (Thumb, 0 bytes, Stack size unknown bytes, entry.o(.ARM.Collect$$$$00000000))
<BR>[Address Reference Count : 1]<UL><LI> startup_stm32f40_41xxx.o(.text)
</UL>
<P><STRONG><a name="[181]"></a>_main_stk</STRONG> (Thumb, 0 bytes, Stack size unknown bytes, entry2.o(.ARM.Collect$$$$00000001))

<P><STRONG><a name="[61]"></a>_main_scatterload</STRONG> (Thumb, 0 bytes, Stack size unknown bytes, entry5.o(.ARM.Collect$$$$00000004))
<BR><BR>[Calls]<UL><LI><a href="#[62]">&gt;&gt;</a>&nbsp;&nbsp;&nbsp;__scatterload
</UL>

<P><STRONG><a name="[17b]"></a>__main_after_scatterload</STRONG> (Thumb, 0 bytes, Stack size unknown bytes, entry5.o(.ARM.Collect$$$$00000004))
<BR><BR>[Called By]<UL><LI><a href="#[62]">&gt;&gt;</a>&nbsp;&nbsp;&nbsp;__scatterload
</UL>

<P><STRONG><a name="[182]"></a>_main_clock</STRONG> (Thumb, 0 bytes, Stack size unknown bytes, entry7b.o(.ARM.Collect$$$$00000008))

<P><STRONG><a name="[183]"></a>_main_cpp_init</STRONG> (Thumb, 0 bytes, Stack size unknown bytes, entry8b.o(.ARM.Collect$$$$0000000A))

<P><STRONG><a name="[184]"></a>_main_init</STRONG> (Thumb, 0 bytes, Stack size unknown bytes, entry9a.o(.ARM.Collect$$$$0000000B))

<P><STRONG><a name="[185]"></a>__rt_final_cpp</STRONG> (Thumb, 0 bytes, Stack size unknown bytes, entry10a.o(.ARM.Collect$$$$0000000D))

<P><STRONG><a name="[186]"></a>__rt_final_exit</STRONG> (Thumb, 0 bytes, Stack size unknown bytes, entry11a.o(.ARM.Collect$$$$0000000F))

<P><STRONG><a name="[1]"></a>NMI_Handler</STRONG> (Thumb, 2 bytes, Stack size 0 bytes, stm32f4xx_it.o(.text))
<BR>[Address Reference Count : 1]<UL><LI> startup_stm32f40_41xxx.o(RESET)
</UL>
<P><STRONG><a name="[2]"></a>HardFault_Handler</STRONG> (Thumb, 2 bytes, Stack size 0 bytes, stm32f4xx_it.o(.text))
<BR><BR>[Calls]<UL><LI><a href="#[2]">&gt;&gt;</a>&nbsp;&nbsp;&nbsp;HardFault_Handler
</UL>
<BR>[Called By]<UL><LI><a href="#[2]">&gt;&gt;</a>&nbsp;&nbsp;&nbsp;HardFault_Handler
</UL>
<BR>[Address Reference Count : 1]<UL><LI> startup_stm32f40_41xxx.o(RESET)
</UL>
<P><STRONG><a name="[3]"></a>MemManage_Handler</STRONG> (Thumb, 2 bytes, Stack size 0 bytes, stm32f4xx_it.o(.text))
<BR><BR>[Calls]<UL><LI><a href="#[3]">&gt;&gt;</a>&nbsp;&nbsp;&nbsp;MemManage_Handler
</UL>
<BR>[Called By]<UL><LI><a href="#[3]">&gt;&gt;</a>&nbsp;&nbsp;&nbsp;MemManage_Handler
</UL>
<BR>[Address Reference Count : 1]<UL><LI> startup_stm32f40_41xxx.o(RESET)
</UL>
<P><STRONG><a name="[4]"></a>BusFault_Handler</STRONG> (Thumb, 2 bytes, Stack size 0 bytes, stm32f4xx_it.o(.text))
<BR><BR>[Calls]<UL><LI><a href="#[4]">&gt;&gt;</a>&nbsp;&nbsp;&nbsp;BusFault_Handler
</UL>
<BR>[Called By]<UL><LI><a href="#[4]">&gt;&gt;</a>&nbsp;&nbsp;&nbsp;BusFault_Handler
</UL>
<BR>[Address Reference Count : 1]<UL><LI> startup_stm32f40_41xxx.o(RESET)
</UL>
<P><STRONG><a name="[5]"></a>UsageFault_Handler</STRONG> (Thumb, 2 bytes, Stack size 0 bytes, stm32f4xx_it.o(.text))
<BR><BR>[Calls]<UL><LI><a href="#[5]">&gt;&gt;</a>&nbsp;&nbsp;&nbsp;UsageFault_Handler
</UL>
<BR>[Called By]<UL><LI><a href="#[5]">&gt;&gt;</a>&nbsp;&nbsp;&nbsp;UsageFault_Handler
</UL>
<BR>[Address Reference Count : 1]<UL><LI> startup_stm32f40_41xxx.o(RESET)
</UL>
<P><STRONG><a name="[6]"></a>SVC_Handler</STRONG> (Thumb, 2 bytes, Stack size 0 bytes, stm32f4xx_it.o(.text))
<BR>[Address Reference Count : 1]<UL><LI> startup_stm32f40_41xxx.o(RESET)
</UL>
<P><STRONG><a name="[7]"></a>DebugMon_Handler</STRONG> (Thumb, 2 bytes, Stack size 0 bytes, stm32f4xx_it.o(.text))
<BR>[Address Reference Count : 1]<UL><LI> startup_stm32f40_41xxx.o(RESET)
</UL>
<P><STRONG><a name="[8]"></a>PendSV_Handler</STRONG> (Thumb, 2 bytes, Stack size 0 bytes, stm32f4xx_it.o(.text))
<BR>[Address Reference Count : 1]<UL><LI> startup_stm32f40_41xxx.o(RESET)
</UL>
<P><STRONG><a name="[9]"></a>SysTick_Handler</STRONG> (Thumb, 2 bytes, Stack size 0 bytes, stm32f4xx_it.o(.text))
<BR>[Address Reference Count : 1]<UL><LI> startup_stm32f40_41xxx.o(RESET)
</UL>
<P><STRONG><a name="[5d]"></a>SystemInit</STRONG> (Thumb, 74 bytes, Stack size 8 bytes, system_stm32f4xx.o(.text))
<BR><BR>[Stack]<UL><LI>Max Depth = 20<LI>Call Chain = SystemInit &rArr; SetSysClock
</UL>
<BR>[Calls]<UL><LI><a href="#[63]">&gt;&gt;</a>&nbsp;&nbsp;&nbsp;SetSysClock
</UL>
<BR>[Address Reference Count : 1]<UL><LI> startup_stm32f40_41xxx.o(.text)
</UL>
<P><STRONG><a name="[b7]"></a>SystemCoreClockUpdate</STRONG> (Thumb, 108 bytes, Stack size 16 bytes, system_stm32f4xx.o(.text))
<BR><BR>[Stack]<UL><LI>Max Depth = 16<LI>Call Chain = SystemCoreClockUpdate
</UL>
<BR>[Called By]<UL><LI><a href="#[5c]">&gt;&gt;</a>&nbsp;&nbsp;&nbsp;main
</UL>

<P><STRONG><a name="[64]"></a>ETH_MACDMA_Config</STRONG> (Thumb, 122 bytes, Stack size 192 bytes, dm9162.o(.text))
<BR><BR>[Stack]<UL><LI>Max Depth = 256<LI>Call Chain = ETH_MACDMA_Config &rArr; ETH_Init &rArr; RCC_GetClocksFreq
</UL>
<BR>[Calls]<UL><LI><a href="#[65]">&gt;&gt;</a>&nbsp;&nbsp;&nbsp;RCC_AHB1PeriphClockCmd
<LI><a href="#[69]">&gt;&gt;</a>&nbsp;&nbsp;&nbsp;ETH_StructInit
<LI><a href="#[67]">&gt;&gt;</a>&nbsp;&nbsp;&nbsp;ETH_SoftwareReset
<LI><a href="#[6a]">&gt;&gt;</a>&nbsp;&nbsp;&nbsp;ETH_Init
<LI><a href="#[68]">&gt;&gt;</a>&nbsp;&nbsp;&nbsp;ETH_GetSoftwareResetStatus
<LI><a href="#[66]">&gt;&gt;</a>&nbsp;&nbsp;&nbsp;ETH_DeInit
</UL>
<BR>[Called By]<UL><LI><a href="#[73]">&gt;&gt;</a>&nbsp;&nbsp;&nbsp;DM9162_Init
</UL>

<P><STRONG><a name="[73]"></a>DM9162_Init</STRONG> (Thumb, 44 bytes, Stack size 8 bytes, dm9162.o(.text))
<BR><BR>[Stack]<UL><LI>Max Depth = 264<LI>Call Chain = DM9162_Init &rArr; ETH_MACDMA_Config &rArr; ETH_Init &rArr; RCC_GetClocksFreq
</UL>
<BR>[Calls]<UL><LI><a href="#[74]">&gt;&gt;</a>&nbsp;&nbsp;&nbsp;ETH_ReadPHYRegister
<LI><a href="#[64]">&gt;&gt;</a>&nbsp;&nbsp;&nbsp;ETH_MACDMA_Config
<LI><a href="#[6b]">&gt;&gt;</a>&nbsp;&nbsp;&nbsp;ETH_GPIO_Config_RMII
</UL>
<BR>[Called By]<UL><LI><a href="#[5c]">&gt;&gt;</a>&nbsp;&nbsp;&nbsp;main
</UL>

<P><STRONG><a name="[75]"></a>MAC_Init</STRONG> (Thumb, 64 bytes, Stack size 16 bytes, dm9162.o(.text))
<BR><BR>[Stack]<UL><LI>Max Depth = 36<LI>Call Chain = MAC_Init &rArr; ETH_DMATxDescChainInit
</UL>
<BR>[Calls]<UL><LI><a href="#[7a]">&gt;&gt;</a>&nbsp;&nbsp;&nbsp;ETH_Start
<LI><a href="#[76]">&gt;&gt;</a>&nbsp;&nbsp;&nbsp;ETH_MACAddressConfig
<LI><a href="#[79]">&gt;&gt;</a>&nbsp;&nbsp;&nbsp;ETH_DMATxDescChecksumInsertionConfig
<LI><a href="#[77]">&gt;&gt;</a>&nbsp;&nbsp;&nbsp;ETH_DMATxDescChainInit
<LI><a href="#[78]">&gt;&gt;</a>&nbsp;&nbsp;&nbsp;ETH_DMARxDescChainInit
</UL>
<BR>[Called By]<UL><LI><a href="#[5c]">&gt;&gt;</a>&nbsp;&nbsp;&nbsp;main
</UL>

<P><STRONG><a name="[187]"></a>ETH_Rx_Packet</STRONG> (Thumb, 44 bytes, Stack size 12 bytes, dm9162.o(.text), UNUSED)

<P><STRONG><a name="[188]"></a>ETH_Tx_Packet</STRONG> (Thumb, 60 bytes, Stack size 0 bytes, dm9162.o(.text), UNUSED)

<P><STRONG><a name="[189]"></a>ETH_GetCurrentTxBuffer</STRONG> (Thumb, 8 bytes, Stack size 0 bytes, dm9162.o(.text), UNUSED)

<P><STRONG><a name="[7b]"></a>lwip_pkt_handle</STRONG> (Thumb, 80 bytes, Stack size 24 bytes, dm9162.o(.text))
<BR><BR>[Stack]<UL><LI>Max Depth = 40<LI>Call Chain = lwip_pkt_handle &rArr; ETH_Get_Received_Frame
</UL>
<BR>[Calls]<UL><LI><a href="#[7c]">&gt;&gt;</a>&nbsp;&nbsp;&nbsp;ETH_Get_Received_Frame
<LI><a href="#[7d]">&gt;&gt;</a>&nbsp;&nbsp;&nbsp;__aeabi_memcpy
</UL>
<BR>[Called By]<UL><LI><a href="#[13c]">&gt;&gt;</a>&nbsp;&nbsp;&nbsp;ecx_inframe
</UL>

<P><STRONG><a name="[7e]"></a>Eth_Link_PHYITConfig</STRONG> (Thumb, 30 bytes, Stack size 8 bytes, dm9162.o(.text), UNUSED)
<BR><BR>[Calls]<UL><LI><a href="#[7f]">&gt;&gt;</a>&nbsp;&nbsp;&nbsp;ETH_WritePHYRegister
<LI><a href="#[74]">&gt;&gt;</a>&nbsp;&nbsp;&nbsp;ETH_ReadPHYRegister
</UL>

<P><STRONG><a name="[81]"></a>dm9k_WriteReg</STRONG> (Thumb, 10 bytes, Stack size 0 bytes, dm9000.o(.text))
<BR><BR>[Called By]<UL><LI><a href="#[91]">&gt;&gt;</a>&nbsp;&nbsp;&nbsp;dm9k_interrupt
<LI><a href="#[8f]">&gt;&gt;</a>&nbsp;&nbsp;&nbsp;dm9k_send_packet
<LI><a href="#[8e]">&gt;&gt;</a>&nbsp;&nbsp;&nbsp;dm9k_receive_packet
<LI><a href="#[8c]">&gt;&gt;</a>&nbsp;&nbsp;&nbsp;dm9k_err_reset
<LI><a href="#[85]">&gt;&gt;</a>&nbsp;&nbsp;&nbsp;DM9000_Initnic
<LI><a href="#[84]">&gt;&gt;</a>&nbsp;&nbsp;&nbsp;dm9k_reset
<LI><a href="#[82]">&gt;&gt;</a>&nbsp;&nbsp;&nbsp;dm9k_phy_write
<LI><a href="#[80]">&gt;&gt;</a>&nbsp;&nbsp;&nbsp;dm9k_hash_table
</UL>

<P><STRONG><a name="[80]"></a>dm9k_hash_table</STRONG> (Thumb, 50 bytes, Stack size 8 bytes, dm9000.o(.text))
<BR><BR>[Stack]<UL><LI>Max Depth = 8<LI>Call Chain = dm9k_hash_table
</UL>
<BR>[Calls]<UL><LI><a href="#[81]">&gt;&gt;</a>&nbsp;&nbsp;&nbsp;dm9k_WriteReg
</UL>
<BR>[Called By]<UL><LI><a href="#[85]">&gt;&gt;</a>&nbsp;&nbsp;&nbsp;DM9000_Initnic
</UL>

<P><STRONG><a name="[83]"></a>dm9k_ReadReg</STRONG> (Thumb, 12 bytes, Stack size 0 bytes, dm9000.o(.text))
<BR><BR>[Called By]<UL><LI><a href="#[d0]">&gt;&gt;</a>&nbsp;&nbsp;&nbsp;ecx_srconfirm
<LI><a href="#[5c]">&gt;&gt;</a>&nbsp;&nbsp;&nbsp;main
<LI><a href="#[92]">&gt;&gt;</a>&nbsp;&nbsp;&nbsp;dm9k_ReadID
<LI><a href="#[91]">&gt;&gt;</a>&nbsp;&nbsp;&nbsp;dm9k_interrupt
<LI><a href="#[8f]">&gt;&gt;</a>&nbsp;&nbsp;&nbsp;dm9k_send_packet
<LI><a href="#[8e]">&gt;&gt;</a>&nbsp;&nbsp;&nbsp;dm9k_receive_packet
<LI><a href="#[84]">&gt;&gt;</a>&nbsp;&nbsp;&nbsp;dm9k_reset
<LI><a href="#[82]">&gt;&gt;</a>&nbsp;&nbsp;&nbsp;dm9k_phy_write
</UL>

<P><STRONG><a name="[82]"></a>dm9k_phy_write</STRONG> (Thumb, 64 bytes, Stack size 8 bytes, dm9000.o(.text))
<BR><BR>[Stack]<UL><LI>Max Depth = 8<LI>Call Chain = dm9k_phy_write
</UL>
<BR>[Calls]<UL><LI><a href="#[83]">&gt;&gt;</a>&nbsp;&nbsp;&nbsp;dm9k_ReadReg
<LI><a href="#[81]">&gt;&gt;</a>&nbsp;&nbsp;&nbsp;dm9k_WriteReg
<LI><a href="#[71]">&gt;&gt;</a>&nbsp;&nbsp;&nbsp;Delay_ms
</UL>
<BR>[Called By]<UL><LI><a href="#[85]">&gt;&gt;</a>&nbsp;&nbsp;&nbsp;DM9000_Initnic
</UL>

<P><STRONG><a name="[84]"></a>dm9k_reset</STRONG> (Thumb, 188 bytes, Stack size 16 bytes, dm9000.o(.text))
<BR><BR>[Stack]<UL><LI>Max Depth = 16<LI>Call Chain = dm9k_reset
</UL>
<BR>[Calls]<UL><LI><a href="#[83]">&gt;&gt;</a>&nbsp;&nbsp;&nbsp;dm9k_ReadReg
<LI><a href="#[81]">&gt;&gt;</a>&nbsp;&nbsp;&nbsp;dm9k_WriteReg
<LI><a href="#[72]">&gt;&gt;</a>&nbsp;&nbsp;&nbsp;GPIO_SetBits
<LI><a href="#[70]">&gt;&gt;</a>&nbsp;&nbsp;&nbsp;GPIO_ResetBits
<LI><a href="#[71]">&gt;&gt;</a>&nbsp;&nbsp;&nbsp;Delay_ms
</UL>
<BR>[Called By]<UL><LI><a href="#[85]">&gt;&gt;</a>&nbsp;&nbsp;&nbsp;DM9000_Initnic
</UL>

<P><STRONG><a name="[85]"></a>DM9000_Initnic</STRONG> (Thumb, 74 bytes, Stack size 8 bytes, dm9000.o(.text))
<BR><BR>[Stack]<UL><LI>Max Depth = 24<LI>Call Chain = DM9000_Initnic &rArr; dm9k_reset
</UL>
<BR>[Calls]<UL><LI><a href="#[84]">&gt;&gt;</a>&nbsp;&nbsp;&nbsp;dm9k_reset
<LI><a href="#[82]">&gt;&gt;</a>&nbsp;&nbsp;&nbsp;dm9k_phy_write
<LI><a href="#[80]">&gt;&gt;</a>&nbsp;&nbsp;&nbsp;dm9k_hash_table
<LI><a href="#[81]">&gt;&gt;</a>&nbsp;&nbsp;&nbsp;dm9k_WriteReg
<LI><a href="#[71]">&gt;&gt;</a>&nbsp;&nbsp;&nbsp;Delay_ms
</UL>
<BR>[Called By]<UL><LI><a href="#[8b]">&gt;&gt;</a>&nbsp;&nbsp;&nbsp;DM9000_Init
</UL>

<P><STRONG><a name="[8b]"></a>DM9000_Init</STRONG> (Thumb, 24 bytes, Stack size 8 bytes, dm9000.o(.text))
<BR><BR>[Stack]<UL><LI>Max Depth = 112<LI>Call Chain = DM9000_Init &rArr; DM9K_FSMCConfig &rArr; FSMC_NORSRAMInit
</UL>
<BR>[Calls]<UL><LI><a href="#[85]">&gt;&gt;</a>&nbsp;&nbsp;&nbsp;DM9000_Initnic
<LI><a href="#[89]">&gt;&gt;</a>&nbsp;&nbsp;&nbsp;DM9K_CtrlLinesConfig
<LI><a href="#[86]">&gt;&gt;</a>&nbsp;&nbsp;&nbsp;DM9K_FSMCConfig
</UL>
<BR>[Called By]<UL><LI><a href="#[5c]">&gt;&gt;</a>&nbsp;&nbsp;&nbsp;main
</UL>

<P><STRONG><a name="[8c]"></a>dm9k_err_reset</STRONG> (Thumb, 124 bytes, Stack size 8 bytes, dm9000.o(.text))
<BR><BR>[Stack]<UL><LI>Max Depth = 8<LI>Call Chain = dm9k_err_reset
</UL>
<BR>[Calls]<UL><LI><a href="#[8d]">&gt;&gt;</a>&nbsp;&nbsp;&nbsp;Delay_us
<LI><a href="#[81]">&gt;&gt;</a>&nbsp;&nbsp;&nbsp;dm9k_WriteReg
</UL>
<BR>[Called By]<UL><LI><a href="#[8e]">&gt;&gt;</a>&nbsp;&nbsp;&nbsp;dm9k_receive_packet
</UL>

<P><STRONG><a name="[8e]"></a>dm9k_receive_packet</STRONG> (Thumb, 252 bytes, Stack size 3216 bytes, dm9000.o(.text))
<BR><BR>[Stack]<UL><LI>Max Depth = 3224<LI>Call Chain = dm9k_receive_packet &rArr; dm9k_err_reset
</UL>
<BR>[Calls]<UL><LI><a href="#[8c]">&gt;&gt;</a>&nbsp;&nbsp;&nbsp;dm9k_err_reset
<LI><a href="#[83]">&gt;&gt;</a>&nbsp;&nbsp;&nbsp;dm9k_ReadReg
<LI><a href="#[81]">&gt;&gt;</a>&nbsp;&nbsp;&nbsp;dm9k_WriteReg
<LI><a href="#[7d]">&gt;&gt;</a>&nbsp;&nbsp;&nbsp;__aeabi_memcpy
</UL>
<BR>[Called By]<UL><LI><a href="#[13c]">&gt;&gt;</a>&nbsp;&nbsp;&nbsp;ecx_inframe
</UL>

<P><STRONG><a name="[8f]"></a>dm9k_send_packet</STRONG> (Thumb, 114 bytes, Stack size 16 bytes, dm9000.o(.text))
<BR><BR>[Stack]<UL><LI>Max Depth = 24<LI>Call Chain = dm9k_send_packet &rArr; bsp_GetTickCount
</UL>
<BR>[Calls]<UL><LI><a href="#[90]">&gt;&gt;</a>&nbsp;&nbsp;&nbsp;bsp_GetTickCount
<LI><a href="#[83]">&gt;&gt;</a>&nbsp;&nbsp;&nbsp;dm9k_ReadReg
<LI><a href="#[81]">&gt;&gt;</a>&nbsp;&nbsp;&nbsp;dm9k_WriteReg
</UL>
<BR>[Called By]<UL><LI><a href="#[13b]">&gt;&gt;</a>&nbsp;&nbsp;&nbsp;ecx_outframe
</UL>

<P><STRONG><a name="[91]"></a>dm9k_interrupt</STRONG> (Thumb, 34 bytes, Stack size 8 bytes, dm9000.o(.text), UNUSED)
<BR><BR>[Calls]<UL><LI><a href="#[83]">&gt;&gt;</a>&nbsp;&nbsp;&nbsp;dm9k_ReadReg
<LI><a href="#[81]">&gt;&gt;</a>&nbsp;&nbsp;&nbsp;dm9k_WriteReg
</UL>

<P><STRONG><a name="[92]"></a>dm9k_ReadID</STRONG> (Thumb, 64 bytes, Stack size 8 bytes, dm9000.o(.text))
<BR><BR>[Stack]<UL><LI>Max Depth = 112<LI>Call Chain = dm9k_ReadID &rArr; DM9K_FSMCConfig &rArr; FSMC_NORSRAMInit
</UL>
<BR>[Calls]<UL><LI><a href="#[83]">&gt;&gt;</a>&nbsp;&nbsp;&nbsp;dm9k_ReadReg
<LI><a href="#[89]">&gt;&gt;</a>&nbsp;&nbsp;&nbsp;DM9K_CtrlLinesConfig
<LI><a href="#[86]">&gt;&gt;</a>&nbsp;&nbsp;&nbsp;DM9K_FSMCConfig
</UL>
<BR>[Called By]<UL><LI><a href="#[5c]">&gt;&gt;</a>&nbsp;&nbsp;&nbsp;main
</UL>

<P><STRONG><a name="[93]"></a>RTC_Set_Time</STRONG> (Thumb, 28 bytes, Stack size 8 bytes, rtc.o(.text), UNUSED)
<BR><BR>[Calls]<UL><LI><a href="#[94]">&gt;&gt;</a>&nbsp;&nbsp;&nbsp;RTC_SetTime
</UL>
<BR>[Called By]<UL><LI><a href="#[97]">&gt;&gt;</a>&nbsp;&nbsp;&nbsp;My_RTC_Init
</UL>

<P><STRONG><a name="[95]"></a>RTC_Set_Date</STRONG> (Thumb, 28 bytes, Stack size 8 bytes, rtc.o(.text), UNUSED)
<BR><BR>[Calls]<UL><LI><a href="#[96]">&gt;&gt;</a>&nbsp;&nbsp;&nbsp;RTC_SetDate
</UL>
<BR>[Called By]<UL><LI><a href="#[97]">&gt;&gt;</a>&nbsp;&nbsp;&nbsp;My_RTC_Init
</UL>

<P><STRONG><a name="[97]"></a>My_RTC_Init</STRONG> (Thumb, 136 bytes, Stack size 24 bytes, rtc.o(.text), UNUSED)
<BR><BR>[Calls]<UL><LI><a href="#[a0]">&gt;&gt;</a>&nbsp;&nbsp;&nbsp;RTC_WriteBackupRegister
<LI><a href="#[9a]">&gt;&gt;</a>&nbsp;&nbsp;&nbsp;RTC_ReadBackupRegister
<LI><a href="#[9f]">&gt;&gt;</a>&nbsp;&nbsp;&nbsp;RTC_Init
<LI><a href="#[9d]">&gt;&gt;</a>&nbsp;&nbsp;&nbsp;RCC_RTCCLKConfig
<LI><a href="#[9e]">&gt;&gt;</a>&nbsp;&nbsp;&nbsp;RCC_RTCCLKCmd
<LI><a href="#[9b]">&gt;&gt;</a>&nbsp;&nbsp;&nbsp;RCC_LSEConfig
<LI><a href="#[9c]">&gt;&gt;</a>&nbsp;&nbsp;&nbsp;RCC_GetFlagStatus
<LI><a href="#[98]">&gt;&gt;</a>&nbsp;&nbsp;&nbsp;RCC_APB1PeriphClockCmd
<LI><a href="#[99]">&gt;&gt;</a>&nbsp;&nbsp;&nbsp;PWR_BackupAccessCmd
<LI><a href="#[95]">&gt;&gt;</a>&nbsp;&nbsp;&nbsp;RTC_Set_Date
<LI><a href="#[93]">&gt;&gt;</a>&nbsp;&nbsp;&nbsp;RTC_Set_Time
<LI><a href="#[71]">&gt;&gt;</a>&nbsp;&nbsp;&nbsp;Delay_ms
</UL>

<P><STRONG><a name="[a1]"></a>RTC_Set_AlarmA</STRONG> (Thumb, 146 bytes, Stack size 56 bytes, rtc.o(.text), UNUSED)
<BR><BR>[Calls]<UL><LI><a href="#[a3]">&gt;&gt;</a>&nbsp;&nbsp;&nbsp;RTC_SetAlarm
<LI><a href="#[a6]">&gt;&gt;</a>&nbsp;&nbsp;&nbsp;RTC_ITConfig
<LI><a href="#[a4]">&gt;&gt;</a>&nbsp;&nbsp;&nbsp;RTC_ClearITPendingBit
<LI><a href="#[a2]">&gt;&gt;</a>&nbsp;&nbsp;&nbsp;RTC_AlarmCmd
<LI><a href="#[a8]">&gt;&gt;</a>&nbsp;&nbsp;&nbsp;NVIC_Init
<LI><a href="#[a7]">&gt;&gt;</a>&nbsp;&nbsp;&nbsp;EXTI_Init
<LI><a href="#[a5]">&gt;&gt;</a>&nbsp;&nbsp;&nbsp;EXTI_ClearITPendingBit
</UL>

<P><STRONG><a name="[a9]"></a>RTC_Set_WakeUp</STRONG> (Thumb, 102 bytes, Stack size 24 bytes, rtc.o(.text), UNUSED)
<BR><BR>[Calls]<UL><LI><a href="#[aa]">&gt;&gt;</a>&nbsp;&nbsp;&nbsp;RTC_WakeUpCmd
<LI><a href="#[ab]">&gt;&gt;</a>&nbsp;&nbsp;&nbsp;RTC_WakeUpClockConfig
<LI><a href="#[ac]">&gt;&gt;</a>&nbsp;&nbsp;&nbsp;RTC_SetWakeUpCounter
<LI><a href="#[a6]">&gt;&gt;</a>&nbsp;&nbsp;&nbsp;RTC_ITConfig
<LI><a href="#[a4]">&gt;&gt;</a>&nbsp;&nbsp;&nbsp;RTC_ClearITPendingBit
<LI><a href="#[a8]">&gt;&gt;</a>&nbsp;&nbsp;&nbsp;NVIC_Init
<LI><a href="#[a7]">&gt;&gt;</a>&nbsp;&nbsp;&nbsp;EXTI_Init
<LI><a href="#[a5]">&gt;&gt;</a>&nbsp;&nbsp;&nbsp;EXTI_ClearITPendingBit
</UL>

<P><STRONG><a name="[33]"></a>RTC_Alarm_IRQHandler</STRONG> (Thumb, 34 bytes, Stack size 8 bytes, rtc.o(.text))
<BR><BR>[Stack]<UL><LI>Max Depth = 8<LI>Call Chain = RTC_Alarm_IRQHandler
</UL>
<BR>[Calls]<UL><LI><a href="#[ad]">&gt;&gt;</a>&nbsp;&nbsp;&nbsp;RTC_GetFlagStatus
<LI><a href="#[ae]">&gt;&gt;</a>&nbsp;&nbsp;&nbsp;RTC_ClearFlag
<LI><a href="#[a5]">&gt;&gt;</a>&nbsp;&nbsp;&nbsp;EXTI_ClearITPendingBit
</UL>
<BR>[Address Reference Count : 1]<UL><LI> startup_stm32f40_41xxx.o(RESET)
</UL>
<P><STRONG><a name="[d]"></a>RTC_WKUP_IRQHandler</STRONG> (Thumb, 52 bytes, Stack size 8 bytes, rtc.o(.text))
<BR><BR>[Stack]<UL><LI>Max Depth = 8<LI>Call Chain = RTC_WKUP_IRQHandler
</UL>
<BR>[Calls]<UL><LI><a href="#[ad]">&gt;&gt;</a>&nbsp;&nbsp;&nbsp;RTC_GetFlagStatus
<LI><a href="#[ae]">&gt;&gt;</a>&nbsp;&nbsp;&nbsp;RTC_ClearFlag
<LI><a href="#[a5]">&gt;&gt;</a>&nbsp;&nbsp;&nbsp;EXTI_ClearITPendingBit
</UL>
<BR>[Address Reference Count : 1]<UL><LI> startup_stm32f40_41xxx.o(RESET)
</UL>
<P><STRONG><a name="[18a]"></a>bsp_InitTimer</STRONG> (Thumb, 42 bytes, Stack size 0 bytes, bsp_timer.o(.text), UNUSED)

<P><STRONG><a name="[90]"></a>bsp_GetTickCount</STRONG> (Thumb, 18 bytes, Stack size 8 bytes, bsp_timer.o(.text))
<BR><BR>[Stack]<UL><LI>Max Depth = 8<LI>Call Chain = bsp_GetTickCount
</UL>
<BR>[Calls]<UL><LI><a href="#[af]">&gt;&gt;</a>&nbsp;&nbsp;&nbsp;TIM_GetCounter
</UL>
<BR>[Called By]<UL><LI><a href="#[101]">&gt;&gt;</a>&nbsp;&nbsp;&nbsp;ecx_statecheck
<LI><a href="#[11e]">&gt;&gt;</a>&nbsp;&nbsp;&nbsp;ecx_mbxreceive
<LI><a href="#[d0]">&gt;&gt;</a>&nbsp;&nbsp;&nbsp;ecx_srconfirm
<LI><a href="#[8f]">&gt;&gt;</a>&nbsp;&nbsp;&nbsp;dm9k_send_packet
<LI><a href="#[13e]">&gt;&gt;</a>&nbsp;&nbsp;&nbsp;ecx_waitinframe_red
<LI><a href="#[121]">&gt;&gt;</a>&nbsp;&nbsp;&nbsp;ecx_eeprom_waitnotbusyAP
<LI><a href="#[11c]">&gt;&gt;</a>&nbsp;&nbsp;&nbsp;ecx_mbxempty
<LI><a href="#[119]">&gt;&gt;</a>&nbsp;&nbsp;&nbsp;ecx_eeprom_waitnotbusyFP
</UL>

<P><STRONG><a name="[b0]"></a>TIM2_Int_Init</STRONG> (Thumb, 52 bytes, Stack size 24 bytes, bsp_timer.o(.text))
<BR><BR>[Stack]<UL><LI>Max Depth = 36<LI>Call Chain = TIM2_Int_Init &rArr; TIM_TimeBaseInit
</UL>
<BR>[Calls]<UL><LI><a href="#[b1]">&gt;&gt;</a>&nbsp;&nbsp;&nbsp;TIM_TimeBaseInit
<LI><a href="#[b2]">&gt;&gt;</a>&nbsp;&nbsp;&nbsp;TIM_Cmd
<LI><a href="#[98]">&gt;&gt;</a>&nbsp;&nbsp;&nbsp;RCC_APB1PeriphClockCmd
</UL>
<BR>[Called By]<UL><LI><a href="#[5c]">&gt;&gt;</a>&nbsp;&nbsp;&nbsp;main
</UL>

<P><STRONG><a name="[8d]"></a>Delay_us</STRONG> (Thumb, 14 bytes, Stack size 0 bytes, bsp_timer.o(.text))
<BR><BR>[Called By]<UL><LI><a href="#[101]">&gt;&gt;</a>&nbsp;&nbsp;&nbsp;ecx_statecheck
<LI><a href="#[11e]">&gt;&gt;</a>&nbsp;&nbsp;&nbsp;ecx_mbxreceive
<LI><a href="#[d0]">&gt;&gt;</a>&nbsp;&nbsp;&nbsp;ecx_srconfirm
<LI><a href="#[8c]">&gt;&gt;</a>&nbsp;&nbsp;&nbsp;dm9k_err_reset
<LI><a href="#[123]">&gt;&gt;</a>&nbsp;&nbsp;&nbsp;ecx_writeeepromAP
<LI><a href="#[122]">&gt;&gt;</a>&nbsp;&nbsp;&nbsp;ecx_readeepromAP
<LI><a href="#[121]">&gt;&gt;</a>&nbsp;&nbsp;&nbsp;ecx_eeprom_waitnotbusyAP
<LI><a href="#[11f]">&gt;&gt;</a>&nbsp;&nbsp;&nbsp;ecx_writeeepromFP
<LI><a href="#[11c]">&gt;&gt;</a>&nbsp;&nbsp;&nbsp;ecx_mbxempty
<LI><a href="#[11a]">&gt;&gt;</a>&nbsp;&nbsp;&nbsp;ecx_readeepromFP
<LI><a href="#[119]">&gt;&gt;</a>&nbsp;&nbsp;&nbsp;ecx_eeprom_waitnotbusyFP
</UL>

<P><STRONG><a name="[71]"></a>Delay_ms</STRONG> (Thumb, 18 bytes, Stack size 0 bytes, bsp_timer.o(.text))
<BR><BR>[Called By]<UL><LI><a href="#[5c]">&gt;&gt;</a>&nbsp;&nbsp;&nbsp;main
<LI><a href="#[97]">&gt;&gt;</a>&nbsp;&nbsp;&nbsp;My_RTC_Init
<LI><a href="#[85]">&gt;&gt;</a>&nbsp;&nbsp;&nbsp;DM9000_Initnic
<LI><a href="#[84]">&gt;&gt;</a>&nbsp;&nbsp;&nbsp;dm9k_reset
<LI><a href="#[82]">&gt;&gt;</a>&nbsp;&nbsp;&nbsp;dm9k_phy_write
<LI><a href="#[89]">&gt;&gt;</a>&nbsp;&nbsp;&nbsp;DM9K_CtrlLinesConfig
<LI><a href="#[6b]">&gt;&gt;</a>&nbsp;&nbsp;&nbsp;ETH_GPIO_Config_RMII
</UL>

<P><STRONG><a name="[18b]"></a>delay</STRONG> (Thumb, 16 bytes, Stack size 8 bytes, bsp_timer.o(.text), UNUSED)

<P><STRONG><a name="[18c]"></a>ST_A1</STRONG> (Thumb, 16 bytes, Stack size 0 bytes, bsp.o(.text), UNUSED)

<P><STRONG><a name="[18d]"></a>ST_A2</STRONG> (Thumb, 16 bytes, Stack size 0 bytes, bsp.o(.text), UNUSED)

<P><STRONG><a name="[18e]"></a>Get_Syn_cmd</STRONG> (Thumb, 16 bytes, Stack size 0 bytes, bsp.o(.text), UNUSED)

<P><STRONG><a name="[18f]"></a>Set_Syn_answer</STRONG> (Thumb, 16 bytes, Stack size 0 bytes, bsp.o(.text), UNUSED)

<P><STRONG><a name="[b4]"></a>bsp_LedOff</STRONG> (Thumb, 24 bytes, Stack size 0 bytes, bsp.o(.text))
<BR><BR>[Called By]<UL><LI><a href="#[5c]">&gt;&gt;</a>&nbsp;&nbsp;&nbsp;main
<LI><a href="#[b3]">&gt;&gt;</a>&nbsp;&nbsp;&nbsp;bsp_InitLed
</UL>

<P><STRONG><a name="[b3]"></a>bsp_InitLed</STRONG> (Thumb, 286 bytes, Stack size 40 bytes, bsp.o(.text))
<BR><BR>[Stack]<UL><LI>Max Depth = 60<LI>Call Chain = bsp_InitLed &rArr; GPIO_Init
</UL>
<BR>[Calls]<UL><LI><a href="#[b4]">&gt;&gt;</a>&nbsp;&nbsp;&nbsp;bsp_LedOff
<LI><a href="#[65]">&gt;&gt;</a>&nbsp;&nbsp;&nbsp;RCC_AHB1PeriphClockCmd
<LI><a href="#[72]">&gt;&gt;</a>&nbsp;&nbsp;&nbsp;GPIO_SetBits
<LI><a href="#[6e]">&gt;&gt;</a>&nbsp;&nbsp;&nbsp;GPIO_Init
</UL>
<BR>[Called By]<UL><LI><a href="#[b5]">&gt;&gt;</a>&nbsp;&nbsp;&nbsp;bsp_Init
</UL>

<P><STRONG><a name="[b5]"></a>bsp_Init</STRONG> (Thumb, 2 bytes, Stack size 0 bytes, bsp.o(.text))
<BR><BR>[Stack]<UL><LI>Max Depth = 60<LI>Call Chain = bsp_Init &rArr; bsp_InitLed &rArr; GPIO_Init
</UL>
<BR>[Calls]<UL><LI><a href="#[b3]">&gt;&gt;</a>&nbsp;&nbsp;&nbsp;bsp_InitLed
</UL>
<BR>[Called By]<UL><LI><a href="#[5c]">&gt;&gt;</a>&nbsp;&nbsp;&nbsp;main
</UL>

<P><STRONG><a name="[bf]"></a>bsp_LedOn</STRONG> (Thumb, 24 bytes, Stack size 0 bytes, bsp.o(.text))
<BR><BR>[Called By]<UL><LI><a href="#[5c]">&gt;&gt;</a>&nbsp;&nbsp;&nbsp;main
</UL>

<P><STRONG><a name="[bd]"></a>bsp_LedToggle</STRONG> (Thumb, 30 bytes, Stack size 0 bytes, bsp.o(.text))
<BR><BR>[Called By]<UL><LI><a href="#[5c]">&gt;&gt;</a>&nbsp;&nbsp;&nbsp;main
</UL>

<P><STRONG><a name="[190]"></a>bsp_IsLedOn</STRONG> (Thumb, 18 bytes, Stack size 0 bytes, bsp.o(.text), UNUSED)

<P><STRONG><a name="[191]"></a>bsp_HWDT_service</STRONG> (Thumb, 14 bytes, Stack size 0 bytes, bsp.o(.text), UNUSED)

<P><STRONG><a name="[5c]"></a>main</STRONG> (Thumb, 942 bytes, Stack size 24 bytes, ethercat_master.o(.text))
<BR><BR>[Stack]<UL><LI>Max Depth = 6968<LI>Call Chain = main &rArr; ec_config_map &rArr; ec_config_map_group &rArr; ecx_config_map_group &rArr; ecx_map_sii &rArr; ecx_siiPDO &rArr; ecx_siifind &rArr; ecx_siigetbyte &rArr; ecx_readeepromFP &rArr; ecx_eeprom_waitnotbusyFP &rArr; ecx_FPRD &rArr; ecx_srconfirm &rArr; ecx_waitinframe_red &rArr; ecx_inframe &rArr; dm9k_receive_packet &rArr; dm9k_err_reset
</UL>
<BR>[Calls]<UL><LI><a href="#[b8]">&gt;&gt;</a>&nbsp;&nbsp;&nbsp;uart_init
<LI><a href="#[c7]">&gt;&gt;</a>&nbsp;&nbsp;&nbsp;ec_writestate
<LI><a href="#[c4]">&gt;&gt;</a>&nbsp;&nbsp;&nbsp;ec_statecheck
<LI><a href="#[c5]">&gt;&gt;</a>&nbsp;&nbsp;&nbsp;ec_send_processdata
<LI><a href="#[c6]">&gt;&gt;</a>&nbsp;&nbsp;&nbsp;ec_receive_processdata
<LI><a href="#[c8]">&gt;&gt;</a>&nbsp;&nbsp;&nbsp;ec_readstate
<LI><a href="#[be]">&gt;&gt;</a>&nbsp;&nbsp;&nbsp;ec_init
<LI><a href="#[c3]">&gt;&gt;</a>&nbsp;&nbsp;&nbsp;ec_dcsync0
<LI><a href="#[c2]">&gt;&gt;</a>&nbsp;&nbsp;&nbsp;ec_configdc
<LI><a href="#[c1]">&gt;&gt;</a>&nbsp;&nbsp;&nbsp;ec_config_map
<LI><a href="#[c0]">&gt;&gt;</a>&nbsp;&nbsp;&nbsp;ec_config_init
<LI><a href="#[bb]">&gt;&gt;</a>&nbsp;&nbsp;&nbsp;TIM_ITConfig
<LI><a href="#[ba]">&gt;&gt;</a>&nbsp;&nbsp;&nbsp;TIM_ClearITPendingBit
<LI><a href="#[b9]">&gt;&gt;</a>&nbsp;&nbsp;&nbsp;RCC_GetClocksFreq
<LI><a href="#[b6]">&gt;&gt;</a>&nbsp;&nbsp;&nbsp;NVIC_PriorityGroupConfig
<LI><a href="#[bd]">&gt;&gt;</a>&nbsp;&nbsp;&nbsp;bsp_LedToggle
<LI><a href="#[bf]">&gt;&gt;</a>&nbsp;&nbsp;&nbsp;bsp_LedOn
<LI><a href="#[b5]">&gt;&gt;</a>&nbsp;&nbsp;&nbsp;bsp_Init
<LI><a href="#[b4]">&gt;&gt;</a>&nbsp;&nbsp;&nbsp;bsp_LedOff
<LI><a href="#[b1]">&gt;&gt;</a>&nbsp;&nbsp;&nbsp;TIM_TimeBaseInit
<LI><a href="#[b2]">&gt;&gt;</a>&nbsp;&nbsp;&nbsp;TIM_Cmd
<LI><a href="#[b0]">&gt;&gt;</a>&nbsp;&nbsp;&nbsp;TIM2_Int_Init
<LI><a href="#[98]">&gt;&gt;</a>&nbsp;&nbsp;&nbsp;RCC_APB1PeriphClockCmd
<LI><a href="#[a8]">&gt;&gt;</a>&nbsp;&nbsp;&nbsp;NVIC_Init
<LI><a href="#[92]">&gt;&gt;</a>&nbsp;&nbsp;&nbsp;dm9k_ReadID
<LI><a href="#[8b]">&gt;&gt;</a>&nbsp;&nbsp;&nbsp;DM9000_Init
<LI><a href="#[83]">&gt;&gt;</a>&nbsp;&nbsp;&nbsp;dm9k_ReadReg
<LI><a href="#[74]">&gt;&gt;</a>&nbsp;&nbsp;&nbsp;ETH_ReadPHYRegister
<LI><a href="#[71]">&gt;&gt;</a>&nbsp;&nbsp;&nbsp;Delay_ms
<LI><a href="#[75]">&gt;&gt;</a>&nbsp;&nbsp;&nbsp;MAC_Init
<LI><a href="#[73]">&gt;&gt;</a>&nbsp;&nbsp;&nbsp;DM9162_Init
<LI><a href="#[b7]">&gt;&gt;</a>&nbsp;&nbsp;&nbsp;SystemCoreClockUpdate
<LI><a href="#[bc]">&gt;&gt;</a>&nbsp;&nbsp;&nbsp;__2printf
</UL>
<BR>[Address Reference Count : 1]<UL><LI> entry9a.o(.ARM.Collect$$$$0000000B)
</UL>
<P><STRONG><a name="[27]"></a>TIM3_IRQHandler</STRONG> (Thumb, 738 bytes, Stack size 8 bytes, ethercat_master.o(.text))
<BR><BR>[Stack]<UL><LI>Max Depth = 3416<LI>Call Chain = TIM3_IRQHandler &rArr; ecat_loop &rArr; ec_receive_processdata &rArr; ec_receive_processdata_group &rArr; ecx_receive_processdata_group &rArr; ecx_waitinframe &rArr; ecx_waitinframe_red &rArr; ecx_inframe &rArr; dm9k_receive_packet &rArr; dm9k_err_reset
</UL>
<BR>[Calls]<UL><LI><a href="#[ca]">&gt;&gt;</a>&nbsp;&nbsp;&nbsp;ecat_loop
<LI><a href="#[c5]">&gt;&gt;</a>&nbsp;&nbsp;&nbsp;ec_send_processdata
<LI><a href="#[c9]">&gt;&gt;</a>&nbsp;&nbsp;&nbsp;TIM_GetITStatus
<LI><a href="#[ba]">&gt;&gt;</a>&nbsp;&nbsp;&nbsp;TIM_ClearITPendingBit
</UL>
<BR>[Address Reference Count : 1]<UL><LI> startup_stm32f40_41xxx.o(RESET)
</UL>
<P><STRONG><a name="[cb]"></a>ecx_setupdatagram</STRONG> (Thumb, 86 bytes, Stack size 24 bytes, ethercatbase.o(.text))
<BR><BR>[Stack]<UL><LI>Max Depth = 24<LI>Call Chain = ecx_setupdatagram
</UL>
<BR>[Calls]<UL><LI><a href="#[cc]">&gt;&gt;</a>&nbsp;&nbsp;&nbsp;ecx_writedatagramdata
</UL>
<BR>[Called By]<UL><LI><a href="#[e1]">&gt;&gt;</a>&nbsp;&nbsp;&nbsp;ec_setupdatagram
<LI><a href="#[e0]">&gt;&gt;</a>&nbsp;&nbsp;&nbsp;ecx_LRWDC
<LI><a href="#[df]">&gt;&gt;</a>&nbsp;&nbsp;&nbsp;ecx_LWR
<LI><a href="#[de]">&gt;&gt;</a>&nbsp;&nbsp;&nbsp;ecx_LRD
<LI><a href="#[dd]">&gt;&gt;</a>&nbsp;&nbsp;&nbsp;ecx_LRW
<LI><a href="#[db]">&gt;&gt;</a>&nbsp;&nbsp;&nbsp;ecx_FPWR
<LI><a href="#[d9]">&gt;&gt;</a>&nbsp;&nbsp;&nbsp;ecx_APWR
<LI><a href="#[d7]">&gt;&gt;</a>&nbsp;&nbsp;&nbsp;ecx_FPRD
<LI><a href="#[d5]">&gt;&gt;</a>&nbsp;&nbsp;&nbsp;ecx_FRMW
<LI><a href="#[d4]">&gt;&gt;</a>&nbsp;&nbsp;&nbsp;ecx_ARMW
<LI><a href="#[d3]">&gt;&gt;</a>&nbsp;&nbsp;&nbsp;ecx_APRD
<LI><a href="#[d2]">&gt;&gt;</a>&nbsp;&nbsp;&nbsp;ecx_BRD
<LI><a href="#[ce]">&gt;&gt;</a>&nbsp;&nbsp;&nbsp;ecx_BWR
<LI><a href="#[12a]">&gt;&gt;</a>&nbsp;&nbsp;&nbsp;ecx_send_processdata_group
<LI><a href="#[124]">&gt;&gt;</a>&nbsp;&nbsp;&nbsp;ecx_FPRD_multi
<LI><a href="#[118]">&gt;&gt;</a>&nbsp;&nbsp;&nbsp;ecx_init_redundant
</UL>

<P><STRONG><a name="[cd]"></a>ecx_adddatagram</STRONG> (Thumb, 124 bytes, Stack size 40 bytes, ethercatbase.o(.text))
<BR><BR>[Stack]<UL><LI>Max Depth = 40<LI>Call Chain = ecx_adddatagram
</UL>
<BR>[Calls]<UL><LI><a href="#[cc]">&gt;&gt;</a>&nbsp;&nbsp;&nbsp;ecx_writedatagramdata
</UL>
<BR>[Called By]<UL><LI><a href="#[e2]">&gt;&gt;</a>&nbsp;&nbsp;&nbsp;ec_adddatagram
<LI><a href="#[e0]">&gt;&gt;</a>&nbsp;&nbsp;&nbsp;ecx_LRWDC
<LI><a href="#[12a]">&gt;&gt;</a>&nbsp;&nbsp;&nbsp;ecx_send_processdata_group
<LI><a href="#[124]">&gt;&gt;</a>&nbsp;&nbsp;&nbsp;ecx_FPRD_multi
</UL>

<P><STRONG><a name="[ce]"></a>ecx_BWR</STRONG> (Thumb, 84 bytes, Stack size 48 bytes, ethercatbase.o(.text))
<BR><BR>[Stack]<UL><LI>Max Depth = 3408<LI>Call Chain = ecx_BWR &rArr; ecx_srconfirm &rArr; ecx_waitinframe_red &rArr; ecx_inframe &rArr; dm9k_receive_packet &rArr; dm9k_err_reset
</UL>
<BR>[Calls]<UL><LI><a href="#[d0]">&gt;&gt;</a>&nbsp;&nbsp;&nbsp;ecx_srconfirm
<LI><a href="#[d1]">&gt;&gt;</a>&nbsp;&nbsp;&nbsp;ecx_setbufstat
<LI><a href="#[cf]">&gt;&gt;</a>&nbsp;&nbsp;&nbsp;ecx_getindex
<LI><a href="#[cb]">&gt;&gt;</a>&nbsp;&nbsp;&nbsp;ecx_setupdatagram
</UL>
<BR>[Called By]<UL><LI><a href="#[f7]">&gt;&gt;</a>&nbsp;&nbsp;&nbsp;ecx_detect_slaves
<LI><a href="#[f8]">&gt;&gt;</a>&nbsp;&nbsp;&nbsp;ecx_set_slaves_to_default
<LI><a href="#[e3]">&gt;&gt;</a>&nbsp;&nbsp;&nbsp;ec_BWR
<LI><a href="#[132]">&gt;&gt;</a>&nbsp;&nbsp;&nbsp;ecx_configdc
<LI><a href="#[129]">&gt;&gt;</a>&nbsp;&nbsp;&nbsp;ecx_writestate
</UL>

<P><STRONG><a name="[d2]"></a>ecx_BRD</STRONG> (Thumb, 98 bytes, Stack size 48 bytes, ethercatbase.o(.text))
<BR><BR>[Stack]<UL><LI>Max Depth = 3408<LI>Call Chain = ecx_BRD &rArr; ecx_srconfirm &rArr; ecx_waitinframe_red &rArr; ecx_inframe &rArr; dm9k_receive_packet &rArr; dm9k_err_reset
</UL>
<BR>[Calls]<UL><LI><a href="#[d0]">&gt;&gt;</a>&nbsp;&nbsp;&nbsp;ecx_srconfirm
<LI><a href="#[d1]">&gt;&gt;</a>&nbsp;&nbsp;&nbsp;ecx_setbufstat
<LI><a href="#[cf]">&gt;&gt;</a>&nbsp;&nbsp;&nbsp;ecx_getindex
<LI><a href="#[cb]">&gt;&gt;</a>&nbsp;&nbsp;&nbsp;ecx_setupdatagram
<LI><a href="#[7d]">&gt;&gt;</a>&nbsp;&nbsp;&nbsp;__aeabi_memcpy
</UL>
<BR>[Called By]<UL><LI><a href="#[101]">&gt;&gt;</a>&nbsp;&nbsp;&nbsp;ecx_statecheck
<LI><a href="#[f7]">&gt;&gt;</a>&nbsp;&nbsp;&nbsp;ecx_detect_slaves
<LI><a href="#[e4]">&gt;&gt;</a>&nbsp;&nbsp;&nbsp;ec_BRD
<LI><a href="#[125]">&gt;&gt;</a>&nbsp;&nbsp;&nbsp;ecx_readstate
</UL>

<P><STRONG><a name="[d3]"></a>ecx_APRD</STRONG> (Thumb, 98 bytes, Stack size 48 bytes, ethercatbase.o(.text))
<BR><BR>[Stack]<UL><LI>Max Depth = 3408<LI>Call Chain = ecx_APRD &rArr; ecx_srconfirm &rArr; ecx_waitinframe_red &rArr; ecx_inframe &rArr; dm9k_receive_packet &rArr; dm9k_err_reset
</UL>
<BR>[Calls]<UL><LI><a href="#[d0]">&gt;&gt;</a>&nbsp;&nbsp;&nbsp;ecx_srconfirm
<LI><a href="#[d1]">&gt;&gt;</a>&nbsp;&nbsp;&nbsp;ecx_setbufstat
<LI><a href="#[cf]">&gt;&gt;</a>&nbsp;&nbsp;&nbsp;ecx_getindex
<LI><a href="#[cb]">&gt;&gt;</a>&nbsp;&nbsp;&nbsp;ecx_setupdatagram
<LI><a href="#[7d]">&gt;&gt;</a>&nbsp;&nbsp;&nbsp;__aeabi_memcpy
</UL>
<BR>[Called By]<UL><LI><a href="#[10d]">&gt;&gt;</a>&nbsp;&nbsp;&nbsp;ecx_recover_slave
<LI><a href="#[e5]">&gt;&gt;</a>&nbsp;&nbsp;&nbsp;ec_APRD
<LI><a href="#[d6]">&gt;&gt;</a>&nbsp;&nbsp;&nbsp;ecx_APRDw
<LI><a href="#[122]">&gt;&gt;</a>&nbsp;&nbsp;&nbsp;ecx_readeepromAP
<LI><a href="#[121]">&gt;&gt;</a>&nbsp;&nbsp;&nbsp;ecx_eeprom_waitnotbusyAP
</UL>

<P><STRONG><a name="[d4]"></a>ecx_ARMW</STRONG> (Thumb, 98 bytes, Stack size 48 bytes, ethercatbase.o(.text), UNUSED)
<BR><BR>[Calls]<UL><LI><a href="#[d0]">&gt;&gt;</a>&nbsp;&nbsp;&nbsp;ecx_srconfirm
<LI><a href="#[d1]">&gt;&gt;</a>&nbsp;&nbsp;&nbsp;ecx_setbufstat
<LI><a href="#[cf]">&gt;&gt;</a>&nbsp;&nbsp;&nbsp;ecx_getindex
<LI><a href="#[cb]">&gt;&gt;</a>&nbsp;&nbsp;&nbsp;ecx_setupdatagram
<LI><a href="#[7d]">&gt;&gt;</a>&nbsp;&nbsp;&nbsp;__aeabi_memcpy
</UL>
<BR>[Called By]<UL><LI><a href="#[e6]">&gt;&gt;</a>&nbsp;&nbsp;&nbsp;ec_ARMW
</UL>

<P><STRONG><a name="[d5]"></a>ecx_FRMW</STRONG> (Thumb, 98 bytes, Stack size 48 bytes, ethercatbase.o(.text), UNUSED)
<BR><BR>[Calls]<UL><LI><a href="#[d0]">&gt;&gt;</a>&nbsp;&nbsp;&nbsp;ecx_srconfirm
<LI><a href="#[d1]">&gt;&gt;</a>&nbsp;&nbsp;&nbsp;ecx_setbufstat
<LI><a href="#[cf]">&gt;&gt;</a>&nbsp;&nbsp;&nbsp;ecx_getindex
<LI><a href="#[cb]">&gt;&gt;</a>&nbsp;&nbsp;&nbsp;ecx_setupdatagram
<LI><a href="#[7d]">&gt;&gt;</a>&nbsp;&nbsp;&nbsp;__aeabi_memcpy
</UL>
<BR>[Called By]<UL><LI><a href="#[e7]">&gt;&gt;</a>&nbsp;&nbsp;&nbsp;ec_FRMW
</UL>

<P><STRONG><a name="[d6]"></a>ecx_APRDw</STRONG> (Thumb, 26 bytes, Stack size 24 bytes, ethercatbase.o(.text))
<BR><BR>[Stack]<UL><LI>Max Depth = 3432<LI>Call Chain = ecx_APRDw &rArr; ecx_APRD &rArr; ecx_srconfirm &rArr; ecx_waitinframe_red &rArr; ecx_inframe &rArr; dm9k_receive_packet &rArr; dm9k_err_reset
</UL>
<BR>[Calls]<UL><LI><a href="#[d3]">&gt;&gt;</a>&nbsp;&nbsp;&nbsp;ecx_APRD
</UL>
<BR>[Called By]<UL><LI><a href="#[fe]">&gt;&gt;</a>&nbsp;&nbsp;&nbsp;ecx_config_init
</UL>

<P><STRONG><a name="[d7]"></a>ecx_FPRD</STRONG> (Thumb, 98 bytes, Stack size 48 bytes, ethercatbase.o(.text))
<BR><BR>[Stack]<UL><LI>Max Depth = 3408<LI>Call Chain = ecx_FPRD &rArr; ecx_srconfirm &rArr; ecx_waitinframe_red &rArr; ecx_inframe &rArr; dm9k_receive_packet &rArr; dm9k_err_reset
</UL>
<BR>[Calls]<UL><LI><a href="#[d0]">&gt;&gt;</a>&nbsp;&nbsp;&nbsp;ecx_srconfirm
<LI><a href="#[d1]">&gt;&gt;</a>&nbsp;&nbsp;&nbsp;ecx_setbufstat
<LI><a href="#[cf]">&gt;&gt;</a>&nbsp;&nbsp;&nbsp;ecx_getindex
<LI><a href="#[cb]">&gt;&gt;</a>&nbsp;&nbsp;&nbsp;ecx_setupdatagram
<LI><a href="#[7d]">&gt;&gt;</a>&nbsp;&nbsp;&nbsp;__aeabi_memcpy
</UL>
<BR>[Called By]<UL><LI><a href="#[101]">&gt;&gt;</a>&nbsp;&nbsp;&nbsp;ecx_statecheck
<LI><a href="#[100]">&gt;&gt;</a>&nbsp;&nbsp;&nbsp;ecx_readeeprom2
<LI><a href="#[fe]">&gt;&gt;</a>&nbsp;&nbsp;&nbsp;ecx_config_init
<LI><a href="#[11e]">&gt;&gt;</a>&nbsp;&nbsp;&nbsp;ecx_mbxreceive
<LI><a href="#[e9]">&gt;&gt;</a>&nbsp;&nbsp;&nbsp;ec_FPRD
<LI><a href="#[d8]">&gt;&gt;</a>&nbsp;&nbsp;&nbsp;ecx_FPRDw
<LI><a href="#[132]">&gt;&gt;</a>&nbsp;&nbsp;&nbsp;ecx_configdc
<LI><a href="#[131]">&gt;&gt;</a>&nbsp;&nbsp;&nbsp;ecx_dcsync01
<LI><a href="#[12f]">&gt;&gt;</a>&nbsp;&nbsp;&nbsp;ecx_dcsync0
<LI><a href="#[11c]">&gt;&gt;</a>&nbsp;&nbsp;&nbsp;ecx_mbxempty
<LI><a href="#[11a]">&gt;&gt;</a>&nbsp;&nbsp;&nbsp;ecx_readeepromFP
<LI><a href="#[119]">&gt;&gt;</a>&nbsp;&nbsp;&nbsp;ecx_eeprom_waitnotbusyFP
</UL>

<P><STRONG><a name="[d8]"></a>ecx_FPRDw</STRONG> (Thumb, 26 bytes, Stack size 24 bytes, ethercatbase.o(.text))
<BR><BR>[Stack]<UL><LI>Max Depth = 3432<LI>Call Chain = ecx_FPRDw &rArr; ecx_FPRD &rArr; ecx_srconfirm &rArr; ecx_waitinframe_red &rArr; ecx_inframe &rArr; dm9k_receive_packet &rArr; dm9k_err_reset
</UL>
<BR>[Calls]<UL><LI><a href="#[d7]">&gt;&gt;</a>&nbsp;&nbsp;&nbsp;ecx_FPRD
</UL>
<BR>[Called By]<UL><LI><a href="#[10d]">&gt;&gt;</a>&nbsp;&nbsp;&nbsp;ecx_recover_slave
<LI><a href="#[fe]">&gt;&gt;</a>&nbsp;&nbsp;&nbsp;ecx_config_init
</UL>

<P><STRONG><a name="[d9]"></a>ecx_APWR</STRONG> (Thumb, 80 bytes, Stack size 48 bytes, ethercatbase.o(.text))
<BR><BR>[Stack]<UL><LI>Max Depth = 3408<LI>Call Chain = ecx_APWR &rArr; ecx_srconfirm &rArr; ecx_waitinframe_red &rArr; ecx_inframe &rArr; dm9k_receive_packet &rArr; dm9k_err_reset
</UL>
<BR>[Calls]<UL><LI><a href="#[d0]">&gt;&gt;</a>&nbsp;&nbsp;&nbsp;ecx_srconfirm
<LI><a href="#[d1]">&gt;&gt;</a>&nbsp;&nbsp;&nbsp;ecx_setbufstat
<LI><a href="#[cf]">&gt;&gt;</a>&nbsp;&nbsp;&nbsp;ecx_getindex
<LI><a href="#[cb]">&gt;&gt;</a>&nbsp;&nbsp;&nbsp;ecx_setupdatagram
</UL>
<BR>[Called By]<UL><LI><a href="#[eb]">&gt;&gt;</a>&nbsp;&nbsp;&nbsp;ec_APWR
<LI><a href="#[da]">&gt;&gt;</a>&nbsp;&nbsp;&nbsp;ecx_APWRw
<LI><a href="#[123]">&gt;&gt;</a>&nbsp;&nbsp;&nbsp;ecx_writeeepromAP
<LI><a href="#[122]">&gt;&gt;</a>&nbsp;&nbsp;&nbsp;ecx_readeepromAP
</UL>

<P><STRONG><a name="[da]"></a>ecx_APWRw</STRONG> (Thumb, 22 bytes, Stack size 32 bytes, ethercatbase.o(.text))
<BR><BR>[Stack]<UL><LI>Max Depth = 3440<LI>Call Chain = ecx_APWRw &rArr; ecx_APWR &rArr; ecx_srconfirm &rArr; ecx_waitinframe_red &rArr; ecx_inframe &rArr; dm9k_receive_packet &rArr; dm9k_err_reset
</UL>
<BR>[Calls]<UL><LI><a href="#[d9]">&gt;&gt;</a>&nbsp;&nbsp;&nbsp;ecx_APWR
</UL>
<BR>[Called By]<UL><LI><a href="#[10d]">&gt;&gt;</a>&nbsp;&nbsp;&nbsp;ecx_recover_slave
<LI><a href="#[fe]">&gt;&gt;</a>&nbsp;&nbsp;&nbsp;ecx_config_init
</UL>

<P><STRONG><a name="[db]"></a>ecx_FPWR</STRONG> (Thumb, 80 bytes, Stack size 48 bytes, ethercatbase.o(.text))
<BR><BR>[Stack]<UL><LI>Max Depth = 3408<LI>Call Chain = ecx_FPWR &rArr; ecx_srconfirm &rArr; ecx_waitinframe_red &rArr; ecx_inframe &rArr; dm9k_receive_packet &rArr; dm9k_err_reset
</UL>
<BR>[Calls]<UL><LI><a href="#[d0]">&gt;&gt;</a>&nbsp;&nbsp;&nbsp;ecx_srconfirm
<LI><a href="#[d1]">&gt;&gt;</a>&nbsp;&nbsp;&nbsp;ecx_setbufstat
<LI><a href="#[cf]">&gt;&gt;</a>&nbsp;&nbsp;&nbsp;ecx_getindex
<LI><a href="#[cb]">&gt;&gt;</a>&nbsp;&nbsp;&nbsp;ecx_setupdatagram
</UL>
<BR>[Called By]<UL><LI><a href="#[ff]">&gt;&gt;</a>&nbsp;&nbsp;&nbsp;ecx_readeeprom1
<LI><a href="#[108]">&gt;&gt;</a>&nbsp;&nbsp;&nbsp;ecx_eeprom2pdi
<LI><a href="#[10e]">&gt;&gt;</a>&nbsp;&nbsp;&nbsp;ecx_eeprom2master
<LI><a href="#[110]">&gt;&gt;</a>&nbsp;&nbsp;&nbsp;ecx_config_map_group
<LI><a href="#[fe]">&gt;&gt;</a>&nbsp;&nbsp;&nbsp;ecx_config_init
<LI><a href="#[10c]">&gt;&gt;</a>&nbsp;&nbsp;&nbsp;ecx_map_sm
<LI><a href="#[11d]">&gt;&gt;</a>&nbsp;&nbsp;&nbsp;ecx_mbxsend
<LI><a href="#[11e]">&gt;&gt;</a>&nbsp;&nbsp;&nbsp;ecx_mbxreceive
<LI><a href="#[ed]">&gt;&gt;</a>&nbsp;&nbsp;&nbsp;ec_FPWR
<LI><a href="#[dc]">&gt;&gt;</a>&nbsp;&nbsp;&nbsp;ecx_FPWRw
<LI><a href="#[132]">&gt;&gt;</a>&nbsp;&nbsp;&nbsp;ecx_configdc
<LI><a href="#[131]">&gt;&gt;</a>&nbsp;&nbsp;&nbsp;ecx_dcsync01
<LI><a href="#[12f]">&gt;&gt;</a>&nbsp;&nbsp;&nbsp;ecx_dcsync0
<LI><a href="#[11f]">&gt;&gt;</a>&nbsp;&nbsp;&nbsp;ecx_writeeepromFP
<LI><a href="#[11a]">&gt;&gt;</a>&nbsp;&nbsp;&nbsp;ecx_readeepromFP
</UL>

<P><STRONG><a name="[dc]"></a>ecx_FPWRw</STRONG> (Thumb, 20 bytes, Stack size 32 bytes, ethercatbase.o(.text))
<BR><BR>[Stack]<UL><LI>Max Depth = 3440<LI>Call Chain = ecx_FPWRw &rArr; ecx_FPWR &rArr; ecx_srconfirm &rArr; ecx_waitinframe_red &rArr; ecx_inframe &rArr; dm9k_receive_packet &rArr; dm9k_err_reset
</UL>
<BR>[Calls]<UL><LI><a href="#[db]">&gt;&gt;</a>&nbsp;&nbsp;&nbsp;ecx_FPWR
</UL>
<BR>[Called By]<UL><LI><a href="#[110]">&gt;&gt;</a>&nbsp;&nbsp;&nbsp;ecx_config_map_group
<LI><a href="#[10d]">&gt;&gt;</a>&nbsp;&nbsp;&nbsp;ecx_recover_slave
<LI><a href="#[fe]">&gt;&gt;</a>&nbsp;&nbsp;&nbsp;ecx_config_init
<LI><a href="#[129]">&gt;&gt;</a>&nbsp;&nbsp;&nbsp;ecx_writestate
</UL>

<P><STRONG><a name="[dd]"></a>ecx_LRW</STRONG> (Thumb, 106 bytes, Stack size 48 bytes, ethercatbase.o(.text), UNUSED)
<BR><BR>[Calls]<UL><LI><a href="#[d0]">&gt;&gt;</a>&nbsp;&nbsp;&nbsp;ecx_srconfirm
<LI><a href="#[d1]">&gt;&gt;</a>&nbsp;&nbsp;&nbsp;ecx_setbufstat
<LI><a href="#[cf]">&gt;&gt;</a>&nbsp;&nbsp;&nbsp;ecx_getindex
<LI><a href="#[cb]">&gt;&gt;</a>&nbsp;&nbsp;&nbsp;ecx_setupdatagram
<LI><a href="#[7d]">&gt;&gt;</a>&nbsp;&nbsp;&nbsp;__aeabi_memcpy
</UL>
<BR>[Called By]<UL><LI><a href="#[ef]">&gt;&gt;</a>&nbsp;&nbsp;&nbsp;ec_LRW
</UL>

<P><STRONG><a name="[de]"></a>ecx_LRD</STRONG> (Thumb, 106 bytes, Stack size 48 bytes, ethercatbase.o(.text), UNUSED)
<BR><BR>[Calls]<UL><LI><a href="#[d0]">&gt;&gt;</a>&nbsp;&nbsp;&nbsp;ecx_srconfirm
<LI><a href="#[d1]">&gt;&gt;</a>&nbsp;&nbsp;&nbsp;ecx_setbufstat
<LI><a href="#[cf]">&gt;&gt;</a>&nbsp;&nbsp;&nbsp;ecx_getindex
<LI><a href="#[cb]">&gt;&gt;</a>&nbsp;&nbsp;&nbsp;ecx_setupdatagram
<LI><a href="#[7d]">&gt;&gt;</a>&nbsp;&nbsp;&nbsp;__aeabi_memcpy
</UL>
<BR>[Called By]<UL><LI><a href="#[f0]">&gt;&gt;</a>&nbsp;&nbsp;&nbsp;ec_LRD
</UL>

<P><STRONG><a name="[df]"></a>ecx_LWR</STRONG> (Thumb, 88 bytes, Stack size 48 bytes, ethercatbase.o(.text), UNUSED)
<BR><BR>[Calls]<UL><LI><a href="#[d0]">&gt;&gt;</a>&nbsp;&nbsp;&nbsp;ecx_srconfirm
<LI><a href="#[d1]">&gt;&gt;</a>&nbsp;&nbsp;&nbsp;ecx_setbufstat
<LI><a href="#[cf]">&gt;&gt;</a>&nbsp;&nbsp;&nbsp;ecx_getindex
<LI><a href="#[cb]">&gt;&gt;</a>&nbsp;&nbsp;&nbsp;ecx_setupdatagram
</UL>
<BR>[Called By]<UL><LI><a href="#[f1]">&gt;&gt;</a>&nbsp;&nbsp;&nbsp;ec_LWR
</UL>

<P><STRONG><a name="[e0]"></a>ecx_LRWDC</STRONG> (Thumb, 184 bytes, Stack size 72 bytes, ethercatbase.o(.text), UNUSED)
<BR><BR>[Calls]<UL><LI><a href="#[d0]">&gt;&gt;</a>&nbsp;&nbsp;&nbsp;ecx_srconfirm
<LI><a href="#[d1]">&gt;&gt;</a>&nbsp;&nbsp;&nbsp;ecx_setbufstat
<LI><a href="#[cf]">&gt;&gt;</a>&nbsp;&nbsp;&nbsp;ecx_getindex
<LI><a href="#[cd]">&gt;&gt;</a>&nbsp;&nbsp;&nbsp;ecx_adddatagram
<LI><a href="#[cb]">&gt;&gt;</a>&nbsp;&nbsp;&nbsp;ecx_setupdatagram
<LI><a href="#[7d]">&gt;&gt;</a>&nbsp;&nbsp;&nbsp;__aeabi_memcpy
</UL>
<BR>[Called By]<UL><LI><a href="#[f2]">&gt;&gt;</a>&nbsp;&nbsp;&nbsp;ec_LRWDC
</UL>

<P><STRONG><a name="[e1]"></a>ec_setupdatagram</STRONG> (Thumb, 42 bytes, Stack size 32 bytes, ethercatbase.o(.text), UNUSED)
<BR><BR>[Calls]<UL><LI><a href="#[cb]">&gt;&gt;</a>&nbsp;&nbsp;&nbsp;ecx_setupdatagram
</UL>

<P><STRONG><a name="[e2]"></a>ec_adddatagram</STRONG> (Thumb, 44 bytes, Stack size 40 bytes, ethercatbase.o(.text), UNUSED)
<BR><BR>[Calls]<UL><LI><a href="#[cd]">&gt;&gt;</a>&nbsp;&nbsp;&nbsp;ecx_adddatagram
</UL>

<P><STRONG><a name="[e3]"></a>ec_BWR</STRONG> (Thumb, 24 bytes, Stack size 16 bytes, ethercatbase.o(.text), UNUSED)
<BR><BR>[Calls]<UL><LI><a href="#[ce]">&gt;&gt;</a>&nbsp;&nbsp;&nbsp;ecx_BWR
</UL>

<P><STRONG><a name="[e4]"></a>ec_BRD</STRONG> (Thumb, 24 bytes, Stack size 16 bytes, ethercatbase.o(.text), UNUSED)
<BR><BR>[Calls]<UL><LI><a href="#[d2]">&gt;&gt;</a>&nbsp;&nbsp;&nbsp;ecx_BRD
</UL>

<P><STRONG><a name="[e5]"></a>ec_APRD</STRONG> (Thumb, 24 bytes, Stack size 16 bytes, ethercatbase.o(.text), UNUSED)
<BR><BR>[Calls]<UL><LI><a href="#[d3]">&gt;&gt;</a>&nbsp;&nbsp;&nbsp;ecx_APRD
</UL>
<BR>[Called By]<UL><LI><a href="#[e8]">&gt;&gt;</a>&nbsp;&nbsp;&nbsp;ec_APRDw
</UL>

<P><STRONG><a name="[e6]"></a>ec_ARMW</STRONG> (Thumb, 24 bytes, Stack size 16 bytes, ethercatbase.o(.text), UNUSED)
<BR><BR>[Calls]<UL><LI><a href="#[d4]">&gt;&gt;</a>&nbsp;&nbsp;&nbsp;ecx_ARMW
</UL>

<P><STRONG><a name="[e7]"></a>ec_FRMW</STRONG> (Thumb, 24 bytes, Stack size 16 bytes, ethercatbase.o(.text), UNUSED)
<BR><BR>[Calls]<UL><LI><a href="#[d5]">&gt;&gt;</a>&nbsp;&nbsp;&nbsp;ecx_FRMW
</UL>

<P><STRONG><a name="[e8]"></a>ec_APRDw</STRONG> (Thumb, 24 bytes, Stack size 16 bytes, ethercatbase.o(.text), UNUSED)
<BR><BR>[Calls]<UL><LI><a href="#[e5]">&gt;&gt;</a>&nbsp;&nbsp;&nbsp;ec_APRD
</UL>

<P><STRONG><a name="[e9]"></a>ec_FPRD</STRONG> (Thumb, 24 bytes, Stack size 16 bytes, ethercatbase.o(.text), UNUSED)
<BR><BR>[Calls]<UL><LI><a href="#[d7]">&gt;&gt;</a>&nbsp;&nbsp;&nbsp;ecx_FPRD
</UL>
<BR>[Called By]<UL><LI><a href="#[ea]">&gt;&gt;</a>&nbsp;&nbsp;&nbsp;ec_FPRDw
</UL>

<P><STRONG><a name="[ea]"></a>ec_FPRDw</STRONG> (Thumb, 24 bytes, Stack size 16 bytes, ethercatbase.o(.text), UNUSED)
<BR><BR>[Calls]<UL><LI><a href="#[e9]">&gt;&gt;</a>&nbsp;&nbsp;&nbsp;ec_FPRD
</UL>

<P><STRONG><a name="[eb]"></a>ec_APWR</STRONG> (Thumb, 24 bytes, Stack size 16 bytes, ethercatbase.o(.text), UNUSED)
<BR><BR>[Calls]<UL><LI><a href="#[d9]">&gt;&gt;</a>&nbsp;&nbsp;&nbsp;ecx_APWR
</UL>
<BR>[Called By]<UL><LI><a href="#[ec]">&gt;&gt;</a>&nbsp;&nbsp;&nbsp;ec_APWRw
</UL>

<P><STRONG><a name="[ec]"></a>ec_APWRw</STRONG> (Thumb, 18 bytes, Stack size 24 bytes, ethercatbase.o(.text), UNUSED)
<BR><BR>[Calls]<UL><LI><a href="#[eb]">&gt;&gt;</a>&nbsp;&nbsp;&nbsp;ec_APWR
</UL>

<P><STRONG><a name="[ed]"></a>ec_FPWR</STRONG> (Thumb, 24 bytes, Stack size 16 bytes, ethercatbase.o(.text), UNUSED)
<BR><BR>[Calls]<UL><LI><a href="#[db]">&gt;&gt;</a>&nbsp;&nbsp;&nbsp;ecx_FPWR
</UL>
<BR>[Called By]<UL><LI><a href="#[ee]">&gt;&gt;</a>&nbsp;&nbsp;&nbsp;ec_FPWRw
</UL>

<P><STRONG><a name="[ee]"></a>ec_FPWRw</STRONG> (Thumb, 16 bytes, Stack size 24 bytes, ethercatbase.o(.text), UNUSED)
<BR><BR>[Calls]<UL><LI><a href="#[ed]">&gt;&gt;</a>&nbsp;&nbsp;&nbsp;ec_FPWR
</UL>

<P><STRONG><a name="[ef]"></a>ec_LRW</STRONG> (Thumb, 18 bytes, Stack size 8 bytes, ethercatbase.o(.text), UNUSED)
<BR><BR>[Calls]<UL><LI><a href="#[dd]">&gt;&gt;</a>&nbsp;&nbsp;&nbsp;ecx_LRW
</UL>

<P><STRONG><a name="[f0]"></a>ec_LRD</STRONG> (Thumb, 18 bytes, Stack size 8 bytes, ethercatbase.o(.text), UNUSED)
<BR><BR>[Calls]<UL><LI><a href="#[de]">&gt;&gt;</a>&nbsp;&nbsp;&nbsp;ecx_LRD
</UL>

<P><STRONG><a name="[f1]"></a>ec_LWR</STRONG> (Thumb, 18 bytes, Stack size 8 bytes, ethercatbase.o(.text), UNUSED)
<BR><BR>[Calls]<UL><LI><a href="#[df]">&gt;&gt;</a>&nbsp;&nbsp;&nbsp;ecx_LWR
</UL>

<P><STRONG><a name="[f2]"></a>ec_LRWDC</STRONG> (Thumb, 30 bytes, Stack size 24 bytes, ethercatbase.o(.text), UNUSED)
<BR><BR>[Calls]<UL><LI><a href="#[e0]">&gt;&gt;</a>&nbsp;&nbsp;&nbsp;ecx_LRWDC
</UL>

<P><STRONG><a name="[fa]"></a>ec_findconfig</STRONG> (Thumb, 46 bytes, Stack size 16 bytes, ethercatconfig.o(.text))
<BR><BR>[Stack]<UL><LI>Max Depth = 16<LI>Call Chain = ec_findconfig
</UL>
<BR>[Called By]<UL><LI><a href="#[f9]">&gt;&gt;</a>&nbsp;&nbsp;&nbsp;ecx_config_from_table
</UL>

<P><STRONG><a name="[f4]"></a>ecx_init_context</STRONG> (Thumb, 80 bytes, Stack size 8 bytes, ethercatconfig.o(.text))
<BR><BR>[Stack]<UL><LI>Max Depth = 3600<LI>Call Chain = ecx_init_context &rArr; ecx_siigetbyte &rArr; ecx_readeepromFP &rArr; ecx_eeprom_waitnotbusyFP &rArr; ecx_FPRD &rArr; ecx_srconfirm &rArr; ecx_waitinframe_red &rArr; ecx_inframe &rArr; dm9k_receive_packet &rArr; dm9k_err_reset
</UL>
<BR>[Calls]<UL><LI><a href="#[f6]">&gt;&gt;</a>&nbsp;&nbsp;&nbsp;ecx_siigetbyte
<LI><a href="#[f5]">&gt;&gt;</a>&nbsp;&nbsp;&nbsp;__aeabi_memclr4
</UL>
<BR>[Called By]<UL><LI><a href="#[fe]">&gt;&gt;</a>&nbsp;&nbsp;&nbsp;ecx_config_init
</UL>

<P><STRONG><a name="[f7]"></a>ecx_detect_slaves</STRONG> (Thumb, 134 bytes, Stack size 40 bytes, ethercatconfig.o(.text))
<BR><BR>[Stack]<UL><LI>Max Depth = 3448<LI>Call Chain = ecx_detect_slaves &rArr; ecx_BRD &rArr; ecx_srconfirm &rArr; ecx_waitinframe_red &rArr; ecx_inframe &rArr; dm9k_receive_packet &rArr; dm9k_err_reset
</UL>
<BR>[Calls]<UL><LI><a href="#[d2]">&gt;&gt;</a>&nbsp;&nbsp;&nbsp;ecx_BRD
<LI><a href="#[ce]">&gt;&gt;</a>&nbsp;&nbsp;&nbsp;ecx_BWR
<LI><a href="#[bc]">&gt;&gt;</a>&nbsp;&nbsp;&nbsp;__2printf
</UL>
<BR>[Called By]<UL><LI><a href="#[fe]">&gt;&gt;</a>&nbsp;&nbsp;&nbsp;ecx_config_init
</UL>

<P><STRONG><a name="[fe]"></a>ecx_config_init</STRONG> (Thumb, 1830 bytes, Stack size 72 bytes, ethercatconfig.o(.text))
<BR><BR>[Stack]<UL><LI>Max Depth = 3752<LI>Call Chain = ecx_config_init &rArr; ecx_siistring &rArr; ecx_siifind &rArr; ecx_siigetbyte &rArr; ecx_readeepromFP &rArr; ecx_eeprom_waitnotbusyFP &rArr; ecx_FPRD &rArr; ecx_srconfirm &rArr; ecx_waitinframe_red &rArr; ecx_inframe &rArr; dm9k_receive_packet &rArr; dm9k_err_reset
</UL>
<BR>[Calls]<UL><LI><a href="#[101]">&gt;&gt;</a>&nbsp;&nbsp;&nbsp;ecx_statecheck
<LI><a href="#[103]">&gt;&gt;</a>&nbsp;&nbsp;&nbsp;ecx_siistring
<LI><a href="#[f6]">&gt;&gt;</a>&nbsp;&nbsp;&nbsp;ecx_siigetbyte
<LI><a href="#[102]">&gt;&gt;</a>&nbsp;&nbsp;&nbsp;ecx_siifind
<LI><a href="#[106]">&gt;&gt;</a>&nbsp;&nbsp;&nbsp;ecx_siiSMnext
<LI><a href="#[105]">&gt;&gt;</a>&nbsp;&nbsp;&nbsp;ecx_siiSM
<LI><a href="#[107]">&gt;&gt;</a>&nbsp;&nbsp;&nbsp;ecx_siiFMMU
<LI><a href="#[100]">&gt;&gt;</a>&nbsp;&nbsp;&nbsp;ecx_readeeprom2
<LI><a href="#[ff]">&gt;&gt;</a>&nbsp;&nbsp;&nbsp;ecx_readeeprom1
<LI><a href="#[108]">&gt;&gt;</a>&nbsp;&nbsp;&nbsp;ecx_eeprom2pdi
<LI><a href="#[f7]">&gt;&gt;</a>&nbsp;&nbsp;&nbsp;ecx_detect_slaves
<LI><a href="#[f4]">&gt;&gt;</a>&nbsp;&nbsp;&nbsp;ecx_init_context
<LI><a href="#[fc]">&gt;&gt;</a>&nbsp;&nbsp;&nbsp;ecx_lookup_prev_sii
<LI><a href="#[f9]">&gt;&gt;</a>&nbsp;&nbsp;&nbsp;ecx_config_from_table
<LI><a href="#[f8]">&gt;&gt;</a>&nbsp;&nbsp;&nbsp;ecx_set_slaves_to_default
<LI><a href="#[dc]">&gt;&gt;</a>&nbsp;&nbsp;&nbsp;ecx_FPWRw
<LI><a href="#[db]">&gt;&gt;</a>&nbsp;&nbsp;&nbsp;ecx_FPWR
<LI><a href="#[da]">&gt;&gt;</a>&nbsp;&nbsp;&nbsp;ecx_APWRw
<LI><a href="#[d8]">&gt;&gt;</a>&nbsp;&nbsp;&nbsp;ecx_FPRDw
<LI><a href="#[d7]">&gt;&gt;</a>&nbsp;&nbsp;&nbsp;ecx_FPRD
<LI><a href="#[d6]">&gt;&gt;</a>&nbsp;&nbsp;&nbsp;ecx_APRDw
<LI><a href="#[104]">&gt;&gt;</a>&nbsp;&nbsp;&nbsp;__2sprintf
</UL>
<BR>[Called By]<UL><LI><a href="#[c0]">&gt;&gt;</a>&nbsp;&nbsp;&nbsp;ec_config_init
</UL>

<P><STRONG><a name="[10d]"></a>ecx_recover_slave</STRONG> (Thumb, 380 bytes, Stack size 56 bytes, ethercatconfig.o(.text), UNUSED)
<BR><BR>[Calls]<UL><LI><a href="#[10f]">&gt;&gt;</a>&nbsp;&nbsp;&nbsp;ecx_readeeprom
<LI><a href="#[10e]">&gt;&gt;</a>&nbsp;&nbsp;&nbsp;ecx_eeprom2master
<LI><a href="#[dc]">&gt;&gt;</a>&nbsp;&nbsp;&nbsp;ecx_FPWRw
<LI><a href="#[da]">&gt;&gt;</a>&nbsp;&nbsp;&nbsp;ecx_APWRw
<LI><a href="#[d8]">&gt;&gt;</a>&nbsp;&nbsp;&nbsp;ecx_FPRDw
<LI><a href="#[d3]">&gt;&gt;</a>&nbsp;&nbsp;&nbsp;ecx_APRD
</UL>
<BR>[Called By]<UL><LI><a href="#[113]">&gt;&gt;</a>&nbsp;&nbsp;&nbsp;ec_recover_slave
</UL>

<P><STRONG><a name="[c0]"></a>ec_config_init</STRONG> (Thumb, 8 bytes, Stack size 0 bytes, ethercatconfig.o(.text))
<BR><BR>[Stack]<UL><LI>Max Depth = 3752<LI>Call Chain = ec_config_init &rArr; ecx_config_init &rArr; ecx_siistring &rArr; ecx_siifind &rArr; ecx_siigetbyte &rArr; ecx_readeepromFP &rArr; ecx_eeprom_waitnotbusyFP &rArr; ecx_FPRD &rArr; ecx_srconfirm &rArr; ecx_waitinframe_red &rArr; ecx_inframe &rArr; dm9k_receive_packet &rArr; dm9k_err_reset
</UL>
<BR>[Calls]<UL><LI><a href="#[fe]">&gt;&gt;</a>&nbsp;&nbsp;&nbsp;ecx_config_init
</UL>
<BR>[Called By]<UL><LI><a href="#[112]">&gt;&gt;</a>&nbsp;&nbsp;&nbsp;ec_config
<LI><a href="#[5c]">&gt;&gt;</a>&nbsp;&nbsp;&nbsp;main
</UL>

<P><STRONG><a name="[110]"></a>ecx_config_map_group</STRONG> (Thumb, 2676 bytes, Stack size 112 bytes, ethercatconfig.o(.text))
<BR><BR>[Stack]<UL><LI>Max Depth = 6944<LI>Call Chain = ecx_config_map_group &rArr; ecx_map_sii &rArr; ecx_siiPDO &rArr; ecx_siifind &rArr; ecx_siigetbyte &rArr; ecx_readeepromFP &rArr; ecx_eeprom_waitnotbusyFP &rArr; ecx_FPRD &rArr; ecx_srconfirm &rArr; ecx_waitinframe_red &rArr; ecx_inframe &rArr; dm9k_receive_packet &rArr; dm9k_err_reset
</UL>
<BR>[Calls]<UL><LI><a href="#[108]">&gt;&gt;</a>&nbsp;&nbsp;&nbsp;ecx_eeprom2pdi
<LI><a href="#[10c]">&gt;&gt;</a>&nbsp;&nbsp;&nbsp;ecx_map_sm
<LI><a href="#[10a]">&gt;&gt;</a>&nbsp;&nbsp;&nbsp;ecx_map_sii
<LI><a href="#[dc]">&gt;&gt;</a>&nbsp;&nbsp;&nbsp;ecx_FPWRw
<LI><a href="#[db]">&gt;&gt;</a>&nbsp;&nbsp;&nbsp;ecx_FPWR
<LI><a href="#[c4]">&gt;&gt;</a>&nbsp;&nbsp;&nbsp;ec_statecheck
<LI><a href="#[bc]">&gt;&gt;</a>&nbsp;&nbsp;&nbsp;__2printf
</UL>
<BR>[Called By]<UL><LI><a href="#[111]">&gt;&gt;</a>&nbsp;&nbsp;&nbsp;ec_config_map_group
</UL>

<P><STRONG><a name="[111]"></a>ec_config_map_group</STRONG> (Thumb, 10 bytes, Stack size 0 bytes, ethercatconfig.o(.text))
<BR><BR>[Stack]<UL><LI>Max Depth = 6944<LI>Call Chain = ec_config_map_group &rArr; ecx_config_map_group &rArr; ecx_map_sii &rArr; ecx_siiPDO &rArr; ecx_siifind &rArr; ecx_siigetbyte &rArr; ecx_readeepromFP &rArr; ecx_eeprom_waitnotbusyFP &rArr; ecx_FPRD &rArr; ecx_srconfirm &rArr; ecx_waitinframe_red &rArr; ecx_inframe &rArr; dm9k_receive_packet &rArr; dm9k_err_reset
</UL>
<BR>[Calls]<UL><LI><a href="#[110]">&gt;&gt;</a>&nbsp;&nbsp;&nbsp;ecx_config_map_group
</UL>
<BR>[Called By]<UL><LI><a href="#[c1]">&gt;&gt;</a>&nbsp;&nbsp;&nbsp;ec_config_map
</UL>

<P><STRONG><a name="[c1]"></a>ec_config_map</STRONG> (Thumb, 4 bytes, Stack size 0 bytes, ethercatconfig.o(.text))
<BR><BR>[Stack]<UL><LI>Max Depth = 6944<LI>Call Chain = ec_config_map &rArr; ec_config_map_group &rArr; ecx_config_map_group &rArr; ecx_map_sii &rArr; ecx_siiPDO &rArr; ecx_siifind &rArr; ecx_siigetbyte &rArr; ecx_readeepromFP &rArr; ecx_eeprom_waitnotbusyFP &rArr; ecx_FPRD &rArr; ecx_srconfirm &rArr; ecx_waitinframe_red &rArr; ecx_inframe &rArr; dm9k_receive_packet &rArr; dm9k_err_reset
</UL>
<BR>[Calls]<UL><LI><a href="#[111]">&gt;&gt;</a>&nbsp;&nbsp;&nbsp;ec_config_map_group
</UL>
<BR>[Called By]<UL><LI><a href="#[5c]">&gt;&gt;</a>&nbsp;&nbsp;&nbsp;main
</UL>

<P><STRONG><a name="[112]"></a>ec_config</STRONG> (Thumb, 22 bytes, Stack size 8 bytes, ethercatconfig.o(.text), UNUSED)
<BR><BR>[Calls]<UL><LI><a href="#[c0]">&gt;&gt;</a>&nbsp;&nbsp;&nbsp;ec_config_init
<LI><a href="#[bc]">&gt;&gt;</a>&nbsp;&nbsp;&nbsp;__2printf
</UL>

<P><STRONG><a name="[113]"></a>ec_recover_slave</STRONG> (Thumb, 10 bytes, Stack size 0 bytes, ethercatconfig.o(.text), UNUSED)
<BR><BR>[Calls]<UL><LI><a href="#[10d]">&gt;&gt;</a>&nbsp;&nbsp;&nbsp;ecx_recover_slave
</UL>

<P><STRONG><a name="[ca]"></a>ecat_loop</STRONG> (Thumb, 54 bytes, Stack size 8 bytes, ethercatconfig.o(.text))
<BR><BR>[Stack]<UL><LI>Max Depth = 3408<LI>Call Chain = ecat_loop &rArr; ec_receive_processdata &rArr; ec_receive_processdata_group &rArr; ecx_receive_processdata_group &rArr; ecx_waitinframe &rArr; ecx_waitinframe_red &rArr; ecx_inframe &rArr; dm9k_receive_packet &rArr; dm9k_err_reset
</UL>
<BR>[Calls]<UL><LI><a href="#[c5]">&gt;&gt;</a>&nbsp;&nbsp;&nbsp;ec_send_processdata
<LI><a href="#[c6]">&gt;&gt;</a>&nbsp;&nbsp;&nbsp;ec_receive_processdata
</UL>
<BR>[Called By]<UL><LI><a href="#[27]">&gt;&gt;</a>&nbsp;&nbsp;&nbsp;TIM3_IRQHandler
</UL>

<P><STRONG><a name="[115]"></a>ecx_pusherror</STRONG> (Thumb, 92 bytes, Stack size 16 bytes, ethercatmain.o(.text), UNUSED)
<BR><BR>[Called By]<UL><LI><a href="#[114]">&gt;&gt;</a>&nbsp;&nbsp;&nbsp;ecx_packeterror
<LI><a href="#[11e]">&gt;&gt;</a>&nbsp;&nbsp;&nbsp;ecx_mbxreceive
</UL>

<P><STRONG><a name="[192]"></a>ecx_poperror</STRONG> (Thumb, 80 bytes, Stack size 20 bytes, ethercatmain.o(.text), UNUSED)

<P><STRONG><a name="[114]"></a>ecx_packeterror</STRONG> (Thumb, 50 bytes, Stack size 28 bytes, ethercatmain.o(.text), UNUSED)
<BR><BR>[Calls]<UL><LI><a href="#[115]">&gt;&gt;</a>&nbsp;&nbsp;&nbsp;ecx_pusherror
</UL>

<P><STRONG><a name="[116]"></a>ecx_init</STRONG> (Thumb, 8 bytes, Stack size 0 bytes, ethercatmain.o(.text))
<BR><BR>[Stack]<UL><LI>Max Depth = 32<LI>Call Chain = ecx_init &rArr; ecx_setupnic
</UL>
<BR>[Calls]<UL><LI><a href="#[117]">&gt;&gt;</a>&nbsp;&nbsp;&nbsp;ecx_setupnic
</UL>
<BR>[Called By]<UL><LI><a href="#[be]">&gt;&gt;</a>&nbsp;&nbsp;&nbsp;ec_init
</UL>

<P><STRONG><a name="[118]"></a>ecx_init_redundant</STRONG> (Thumb, 98 bytes, Stack size 32 bytes, ethercatmain.o(.text))
<BR><BR>[Stack]<UL><LI>Max Depth = 64<LI>Call Chain = ecx_init_redundant &rArr; ecx_setupnic
</UL>
<BR>[Calls]<UL><LI><a href="#[cb]">&gt;&gt;</a>&nbsp;&nbsp;&nbsp;ecx_setupdatagram
<LI><a href="#[117]">&gt;&gt;</a>&nbsp;&nbsp;&nbsp;ecx_setupnic
</UL>
<BR>[Called By]<UL><LI><a href="#[be]">&gt;&gt;</a>&nbsp;&nbsp;&nbsp;ec_init
</UL>

<P><STRONG><a name="[119]"></a>ecx_eeprom_waitnotbusyFP</STRONG> (Thumb, 102 bytes, Stack size 64 bytes, ethercatmain.o(.text))
<BR><BR>[Stack]<UL><LI>Max Depth = 3472<LI>Call Chain = ecx_eeprom_waitnotbusyFP &rArr; ecx_FPRD &rArr; ecx_srconfirm &rArr; ecx_waitinframe_red &rArr; ecx_inframe &rArr; dm9k_receive_packet &rArr; dm9k_err_reset
</UL>
<BR>[Calls]<UL><LI><a href="#[d7]">&gt;&gt;</a>&nbsp;&nbsp;&nbsp;ecx_FPRD
<LI><a href="#[90]">&gt;&gt;</a>&nbsp;&nbsp;&nbsp;bsp_GetTickCount
<LI><a href="#[8d]">&gt;&gt;</a>&nbsp;&nbsp;&nbsp;Delay_us
</UL>
<BR>[Called By]<UL><LI><a href="#[100]">&gt;&gt;</a>&nbsp;&nbsp;&nbsp;ecx_readeeprom2
<LI><a href="#[ff]">&gt;&gt;</a>&nbsp;&nbsp;&nbsp;ecx_readeeprom1
<LI><a href="#[11f]">&gt;&gt;</a>&nbsp;&nbsp;&nbsp;ecx_writeeepromFP
<LI><a href="#[11a]">&gt;&gt;</a>&nbsp;&nbsp;&nbsp;ecx_readeepromFP
</UL>

<P><STRONG><a name="[11a]"></a>ecx_readeepromFP</STRONG> (Thumb, 278 bytes, Stack size 88 bytes, ethercatmain.o(.text))
<BR><BR>[Stack]<UL><LI>Max Depth = 3560<LI>Call Chain = ecx_readeepromFP &rArr; ecx_eeprom_waitnotbusyFP &rArr; ecx_FPRD &rArr; ecx_srconfirm &rArr; ecx_waitinframe_red &rArr; ecx_inframe &rArr; dm9k_receive_packet &rArr; dm9k_err_reset
</UL>
<BR>[Calls]<UL><LI><a href="#[db]">&gt;&gt;</a>&nbsp;&nbsp;&nbsp;ecx_FPWR
<LI><a href="#[d7]">&gt;&gt;</a>&nbsp;&nbsp;&nbsp;ecx_FPRD
<LI><a href="#[8d]">&gt;&gt;</a>&nbsp;&nbsp;&nbsp;Delay_us
<LI><a href="#[119]">&gt;&gt;</a>&nbsp;&nbsp;&nbsp;ecx_eeprom_waitnotbusyFP
</UL>
<BR>[Called By]<UL><LI><a href="#[f6]">&gt;&gt;</a>&nbsp;&nbsp;&nbsp;ecx_siigetbyte
<LI><a href="#[10f]">&gt;&gt;</a>&nbsp;&nbsp;&nbsp;ecx_readeeprom
</UL>

<P><STRONG><a name="[10e]"></a>ecx_eeprom2master</STRONG> (Thumb, 136 bytes, Stack size 48 bytes, ethercatmain.o(.text))
<BR><BR>[Stack]<UL><LI>Max Depth = 3456<LI>Call Chain = ecx_eeprom2master &rArr; ecx_FPWR &rArr; ecx_srconfirm &rArr; ecx_waitinframe_red &rArr; ecx_inframe &rArr; dm9k_receive_packet &rArr; dm9k_err_reset
</UL>
<BR>[Calls]<UL><LI><a href="#[db]">&gt;&gt;</a>&nbsp;&nbsp;&nbsp;ecx_FPWR
</UL>
<BR>[Called By]<UL><LI><a href="#[f6]">&gt;&gt;</a>&nbsp;&nbsp;&nbsp;ecx_siigetbyte
<LI><a href="#[ff]">&gt;&gt;</a>&nbsp;&nbsp;&nbsp;ecx_readeeprom1
<LI><a href="#[10f]">&gt;&gt;</a>&nbsp;&nbsp;&nbsp;ecx_readeeprom
<LI><a href="#[10d]">&gt;&gt;</a>&nbsp;&nbsp;&nbsp;ecx_recover_slave
<LI><a href="#[120]">&gt;&gt;</a>&nbsp;&nbsp;&nbsp;ecx_writeeeprom
</UL>

<P><STRONG><a name="[f6]"></a>ecx_siigetbyte</STRONG> (Thumb, 206 bytes, Stack size 32 bytes, ethercatmain.o(.text))
<BR><BR>[Stack]<UL><LI>Max Depth = 3592<LI>Call Chain = ecx_siigetbyte &rArr; ecx_readeepromFP &rArr; ecx_eeprom_waitnotbusyFP &rArr; ecx_FPRD &rArr; ecx_srconfirm &rArr; ecx_waitinframe_red &rArr; ecx_inframe &rArr; dm9k_receive_packet &rArr; dm9k_err_reset
</UL>
<BR>[Calls]<UL><LI><a href="#[10e]">&gt;&gt;</a>&nbsp;&nbsp;&nbsp;ecx_eeprom2master
<LI><a href="#[11a]">&gt;&gt;</a>&nbsp;&nbsp;&nbsp;ecx_readeepromFP
<LI><a href="#[f5]">&gt;&gt;</a>&nbsp;&nbsp;&nbsp;__aeabi_memclr4
</UL>
<BR>[Called By]<UL><LI><a href="#[103]">&gt;&gt;</a>&nbsp;&nbsp;&nbsp;ecx_siistring
<LI><a href="#[102]">&gt;&gt;</a>&nbsp;&nbsp;&nbsp;ecx_siifind
<LI><a href="#[106]">&gt;&gt;</a>&nbsp;&nbsp;&nbsp;ecx_siiSMnext
<LI><a href="#[105]">&gt;&gt;</a>&nbsp;&nbsp;&nbsp;ecx_siiSM
<LI><a href="#[10b]">&gt;&gt;</a>&nbsp;&nbsp;&nbsp;ecx_siiPDO
<LI><a href="#[107]">&gt;&gt;</a>&nbsp;&nbsp;&nbsp;ecx_siiFMMU
<LI><a href="#[fe]">&gt;&gt;</a>&nbsp;&nbsp;&nbsp;ecx_config_init
<LI><a href="#[f4]">&gt;&gt;</a>&nbsp;&nbsp;&nbsp;ecx_init_context
</UL>

<P><STRONG><a name="[108]"></a>ecx_eeprom2pdi</STRONG> (Thumb, 92 bytes, Stack size 48 bytes, ethercatmain.o(.text))
<BR><BR>[Stack]<UL><LI>Max Depth = 3456<LI>Call Chain = ecx_eeprom2pdi &rArr; ecx_FPWR &rArr; ecx_srconfirm &rArr; ecx_waitinframe_red &rArr; ecx_inframe &rArr; dm9k_receive_packet &rArr; dm9k_err_reset
</UL>
<BR>[Calls]<UL><LI><a href="#[db]">&gt;&gt;</a>&nbsp;&nbsp;&nbsp;ecx_FPWR
</UL>
<BR>[Called By]<UL><LI><a href="#[103]">&gt;&gt;</a>&nbsp;&nbsp;&nbsp;ecx_siistring
<LI><a href="#[102]">&gt;&gt;</a>&nbsp;&nbsp;&nbsp;ecx_siifind
<LI><a href="#[106]">&gt;&gt;</a>&nbsp;&nbsp;&nbsp;ecx_siiSMnext
<LI><a href="#[105]">&gt;&gt;</a>&nbsp;&nbsp;&nbsp;ecx_siiSM
<LI><a href="#[10b]">&gt;&gt;</a>&nbsp;&nbsp;&nbsp;ecx_siiPDO
<LI><a href="#[107]">&gt;&gt;</a>&nbsp;&nbsp;&nbsp;ecx_siiFMMU
<LI><a href="#[110]">&gt;&gt;</a>&nbsp;&nbsp;&nbsp;ecx_config_map_group
<LI><a href="#[fe]">&gt;&gt;</a>&nbsp;&nbsp;&nbsp;ecx_config_init
</UL>

<P><STRONG><a name="[102]"></a>ecx_siifind</STRONG> (Thumb, 166 bytes, Stack size 32 bytes, ethercatmain.o(.text))
<BR><BR>[Stack]<UL><LI>Max Depth = 3624<LI>Call Chain = ecx_siifind &rArr; ecx_siigetbyte &rArr; ecx_readeepromFP &rArr; ecx_eeprom_waitnotbusyFP &rArr; ecx_FPRD &rArr; ecx_srconfirm &rArr; ecx_waitinframe_red &rArr; ecx_inframe &rArr; dm9k_receive_packet &rArr; dm9k_err_reset
</UL>
<BR>[Calls]<UL><LI><a href="#[f6]">&gt;&gt;</a>&nbsp;&nbsp;&nbsp;ecx_siigetbyte
<LI><a href="#[108]">&gt;&gt;</a>&nbsp;&nbsp;&nbsp;ecx_eeprom2pdi
</UL>
<BR>[Called By]<UL><LI><a href="#[103]">&gt;&gt;</a>&nbsp;&nbsp;&nbsp;ecx_siistring
<LI><a href="#[105]">&gt;&gt;</a>&nbsp;&nbsp;&nbsp;ecx_siiSM
<LI><a href="#[10b]">&gt;&gt;</a>&nbsp;&nbsp;&nbsp;ecx_siiPDO
<LI><a href="#[107]">&gt;&gt;</a>&nbsp;&nbsp;&nbsp;ecx_siiFMMU
<LI><a href="#[fe]">&gt;&gt;</a>&nbsp;&nbsp;&nbsp;ecx_config_init
</UL>

<P><STRONG><a name="[103]"></a>ecx_siistring</STRONG> (Thumb, 178 bytes, Stack size 56 bytes, ethercatmain.o(.text))
<BR><BR>[Stack]<UL><LI>Max Depth = 3680<LI>Call Chain = ecx_siistring &rArr; ecx_siifind &rArr; ecx_siigetbyte &rArr; ecx_readeepromFP &rArr; ecx_eeprom_waitnotbusyFP &rArr; ecx_FPRD &rArr; ecx_srconfirm &rArr; ecx_waitinframe_red &rArr; ecx_inframe &rArr; dm9k_receive_packet &rArr; dm9k_err_reset
</UL>
<BR>[Calls]<UL><LI><a href="#[f6]">&gt;&gt;</a>&nbsp;&nbsp;&nbsp;ecx_siigetbyte
<LI><a href="#[102]">&gt;&gt;</a>&nbsp;&nbsp;&nbsp;ecx_siifind
<LI><a href="#[108]">&gt;&gt;</a>&nbsp;&nbsp;&nbsp;ecx_eeprom2pdi
</UL>
<BR>[Called By]<UL><LI><a href="#[fe]">&gt;&gt;</a>&nbsp;&nbsp;&nbsp;ecx_config_init
</UL>

<P><STRONG><a name="[107]"></a>ecx_siiFMMU</STRONG> (Thumb, 186 bytes, Stack size 32 bytes, ethercatmain.o(.text))
<BR><BR>[Stack]<UL><LI>Max Depth = 3656<LI>Call Chain = ecx_siiFMMU &rArr; ecx_siifind &rArr; ecx_siigetbyte &rArr; ecx_readeepromFP &rArr; ecx_eeprom_waitnotbusyFP &rArr; ecx_FPRD &rArr; ecx_srconfirm &rArr; ecx_waitinframe_red &rArr; ecx_inframe &rArr; dm9k_receive_packet &rArr; dm9k_err_reset
</UL>
<BR>[Calls]<UL><LI><a href="#[f6]">&gt;&gt;</a>&nbsp;&nbsp;&nbsp;ecx_siigetbyte
<LI><a href="#[102]">&gt;&gt;</a>&nbsp;&nbsp;&nbsp;ecx_siifind
<LI><a href="#[108]">&gt;&gt;</a>&nbsp;&nbsp;&nbsp;ecx_eeprom2pdi
</UL>
<BR>[Called By]<UL><LI><a href="#[fe]">&gt;&gt;</a>&nbsp;&nbsp;&nbsp;ecx_config_init
</UL>

<P><STRONG><a name="[105]"></a>ecx_siiSM</STRONG> (Thumb, 240 bytes, Stack size 32 bytes, ethercatmain.o(.text))
<BR><BR>[Stack]<UL><LI>Max Depth = 3656<LI>Call Chain = ecx_siiSM &rArr; ecx_siifind &rArr; ecx_siigetbyte &rArr; ecx_readeepromFP &rArr; ecx_eeprom_waitnotbusyFP &rArr; ecx_FPRD &rArr; ecx_srconfirm &rArr; ecx_waitinframe_red &rArr; ecx_inframe &rArr; dm9k_receive_packet &rArr; dm9k_err_reset
</UL>
<BR>[Calls]<UL><LI><a href="#[f6]">&gt;&gt;</a>&nbsp;&nbsp;&nbsp;ecx_siigetbyte
<LI><a href="#[102]">&gt;&gt;</a>&nbsp;&nbsp;&nbsp;ecx_siifind
<LI><a href="#[108]">&gt;&gt;</a>&nbsp;&nbsp;&nbsp;ecx_eeprom2pdi
</UL>
<BR>[Called By]<UL><LI><a href="#[fe]">&gt;&gt;</a>&nbsp;&nbsp;&nbsp;ecx_config_init
</UL>

<P><STRONG><a name="[106]"></a>ecx_siiSMnext</STRONG> (Thumb, 208 bytes, Stack size 32 bytes, ethercatmain.o(.text))
<BR><BR>[Stack]<UL><LI>Max Depth = 3624<LI>Call Chain = ecx_siiSMnext &rArr; ecx_siigetbyte &rArr; ecx_readeepromFP &rArr; ecx_eeprom_waitnotbusyFP &rArr; ecx_FPRD &rArr; ecx_srconfirm &rArr; ecx_waitinframe_red &rArr; ecx_inframe &rArr; dm9k_receive_packet &rArr; dm9k_err_reset
</UL>
<BR>[Calls]<UL><LI><a href="#[f6]">&gt;&gt;</a>&nbsp;&nbsp;&nbsp;ecx_siigetbyte
<LI><a href="#[108]">&gt;&gt;</a>&nbsp;&nbsp;&nbsp;ecx_eeprom2pdi
</UL>
<BR>[Called By]<UL><LI><a href="#[fe]">&gt;&gt;</a>&nbsp;&nbsp;&nbsp;ecx_config_init
</UL>

<P><STRONG><a name="[10b]"></a>ecx_siiPDO</STRONG> (Thumb, 406 bytes, Stack size 56 bytes, ethercatmain.o(.text))
<BR><BR>[Stack]<UL><LI>Max Depth = 3680<LI>Call Chain = ecx_siiPDO &rArr; ecx_siifind &rArr; ecx_siigetbyte &rArr; ecx_readeepromFP &rArr; ecx_eeprom_waitnotbusyFP &rArr; ecx_FPRD &rArr; ecx_srconfirm &rArr; ecx_waitinframe_red &rArr; ecx_inframe &rArr; dm9k_receive_packet &rArr; dm9k_err_reset
</UL>
<BR>[Calls]<UL><LI><a href="#[f6]">&gt;&gt;</a>&nbsp;&nbsp;&nbsp;ecx_siigetbyte
<LI><a href="#[102]">&gt;&gt;</a>&nbsp;&nbsp;&nbsp;ecx_siifind
<LI><a href="#[108]">&gt;&gt;</a>&nbsp;&nbsp;&nbsp;ecx_eeprom2pdi
</UL>
<BR>[Called By]<UL><LI><a href="#[10a]">&gt;&gt;</a>&nbsp;&nbsp;&nbsp;ecx_map_sii
</UL>

<P><STRONG><a name="[101]"></a>ecx_statecheck</STRONG> (Thumb, 202 bytes, Stack size 80 bytes, ethercatmain.o(.text))
<BR><BR>[Stack]<UL><LI>Max Depth = 3488<LI>Call Chain = ecx_statecheck &rArr; ecx_FPRD &rArr; ecx_srconfirm &rArr; ecx_waitinframe_red &rArr; ecx_inframe &rArr; dm9k_receive_packet &rArr; dm9k_err_reset
</UL>
<BR>[Calls]<UL><LI><a href="#[d7]">&gt;&gt;</a>&nbsp;&nbsp;&nbsp;ecx_FPRD
<LI><a href="#[d2]">&gt;&gt;</a>&nbsp;&nbsp;&nbsp;ecx_BRD
<LI><a href="#[90]">&gt;&gt;</a>&nbsp;&nbsp;&nbsp;bsp_GetTickCount
<LI><a href="#[8d]">&gt;&gt;</a>&nbsp;&nbsp;&nbsp;Delay_us
</UL>
<BR>[Called By]<UL><LI><a href="#[fe]">&gt;&gt;</a>&nbsp;&nbsp;&nbsp;ecx_config_init
<LI><a href="#[c4]">&gt;&gt;</a>&nbsp;&nbsp;&nbsp;ec_statecheck
</UL>

<P><STRONG><a name="[193]"></a>ec_nextmbxcnt</STRONG> (Thumb, 12 bytes, Stack size 0 bytes, ethercatmain.o(.text), UNUSED)

<P><STRONG><a name="[11b]"></a>ec_clearmbx</STRONG> (Thumb, 8 bytes, Stack size 0 bytes, ethercatmain.o(.text), UNUSED)
<BR><BR>[Calls]<UL><LI><a href="#[f3]">&gt;&gt;</a>&nbsp;&nbsp;&nbsp;__aeabi_memclr
</UL>

<P><STRONG><a name="[11c]"></a>ecx_mbxempty</STRONG> (Thumb, 136 bytes, Stack size 48 bytes, ethercatmain.o(.text), UNUSED)
<BR><BR>[Calls]<UL><LI><a href="#[d7]">&gt;&gt;</a>&nbsp;&nbsp;&nbsp;ecx_FPRD
<LI><a href="#[90]">&gt;&gt;</a>&nbsp;&nbsp;&nbsp;bsp_GetTickCount
<LI><a href="#[8d]">&gt;&gt;</a>&nbsp;&nbsp;&nbsp;Delay_us
</UL>
<BR>[Called By]<UL><LI><a href="#[11d]">&gt;&gt;</a>&nbsp;&nbsp;&nbsp;ecx_mbxsend
</UL>

<P><STRONG><a name="[11d]"></a>ecx_mbxsend</STRONG> (Thumb, 94 bytes, Stack size 40 bytes, ethercatmain.o(.text), UNUSED)
<BR><BR>[Calls]<UL><LI><a href="#[db]">&gt;&gt;</a>&nbsp;&nbsp;&nbsp;ecx_FPWR
<LI><a href="#[11c]">&gt;&gt;</a>&nbsp;&nbsp;&nbsp;ecx_mbxempty
</UL>

<P><STRONG><a name="[11e]"></a>ecx_mbxreceive</STRONG> (Thumb, 576 bytes, Stack size 88 bytes, ethercatmain.o(.text), UNUSED)
<BR><BR>[Calls]<UL><LI><a href="#[115]">&gt;&gt;</a>&nbsp;&nbsp;&nbsp;ecx_pusherror
<LI><a href="#[db]">&gt;&gt;</a>&nbsp;&nbsp;&nbsp;ecx_FPWR
<LI><a href="#[d7]">&gt;&gt;</a>&nbsp;&nbsp;&nbsp;ecx_FPRD
<LI><a href="#[90]">&gt;&gt;</a>&nbsp;&nbsp;&nbsp;bsp_GetTickCount
<LI><a href="#[8d]">&gt;&gt;</a>&nbsp;&nbsp;&nbsp;Delay_us
</UL>

<P><STRONG><a name="[10f]"></a>ecx_readeeprom</STRONG> (Thumb, 48 bytes, Stack size 24 bytes, ethercatmain.o(.text), UNUSED)
<BR><BR>[Calls]<UL><LI><a href="#[10e]">&gt;&gt;</a>&nbsp;&nbsp;&nbsp;ecx_eeprom2master
<LI><a href="#[11a]">&gt;&gt;</a>&nbsp;&nbsp;&nbsp;ecx_readeepromFP
</UL>
[...]
<BR>[Address Reference Count : 1]<UL><LI> printf8.o(i.__0printf$8)
</UL>
<P><STRONG><a name="[b8]"></a>uart_init</STRONG> (Thumb, 164 bytes, Stack size 48 bytes, usart.o(.text))
<BR><BR>[Stack]<UL><LI>Max Depth = 96<LI>Call Chain = uart_init &rArr; USART_Init &rArr; RCC_GetClocksFreq
</UL>
<BR>[Calls]<UL><LI><a href="#[a8]">&gt;&gt;</a>&nbsp;&nbsp;&nbsp;NVIC_Init
<LI><a href="#[6c]">&gt;&gt;</a>&nbsp;&nbsp;&nbsp;RCC_APB2PeriphClockCmd
<LI><a href="#[65]">&gt;&gt;</a>&nbsp;&nbsp;&nbsp;RCC_AHB1PeriphClockCmd
<LI><a href="#[6f]">&gt;&gt;</a>&nbsp;&nbsp;&nbsp;GPIO_PinAFConfig
<LI><a href="#[6e]">&gt;&gt;</a>&nbsp;&nbsp;&nbsp;GPIO_Init
<LI><a href="#[173]">&gt;&gt;</a>&nbsp;&nbsp;&nbsp;USART_ITConfig
<LI><a href="#[172]">&gt;&gt;</a>&nbsp;&nbsp;&nbsp;USART_Cmd
<LI><a href="#[15b]">&gt;&gt;</a>&nbsp;&nbsp;&nbsp;USART_Init
</UL>
<BR>[Called By]<UL><LI><a href="#[5c]">&gt;&gt;</a>&nbsp;&nbsp;&nbsp;main
</UL>

<P><STRONG><a name="[2f]"></a>USART1_IRQHandler</STRONG> (Thumb, 88 bytes, Stack size 16 bytes, usart.o(.text))
<BR><BR>[Stack]<UL><LI>Max Depth = 32<LI>Call Chain = USART1_IRQHandler &rArr; USART_GetITStatus
</UL>
<BR>[Calls]<UL><LI><a href="#[174]">&gt;&gt;</a>&nbsp;&nbsp;&nbsp;USART_GetITStatus
<LI><a href="#[175]">&gt;&gt;</a>&nbsp;&nbsp;&nbsp;USART_ReceiveData
</UL>
<BR>[Address Reference Count : 1]<UL><LI> startup_stm32f40_41xxx.o(RESET)
</UL>
<P><STRONG><a name="[130]"></a>__aeabi_ldivmod</STRONG> (Thumb, 98 bytes, Stack size 24 bytes, ldiv.o(.text))
<BR><BR>[Stack]<UL><LI>Max Depth = 64<LI>Call Chain = __aeabi_ldivmod &rArr; __aeabi_uldivmod
</UL>
<BR>[Calls]<UL><LI><a href="#[176]">&gt;&gt;</a>&nbsp;&nbsp;&nbsp;__aeabi_uldivmod
</UL>
<BR>[Called By]<UL><LI><a href="#[131]">&gt;&gt;</a>&nbsp;&nbsp;&nbsp;ecx_dcsync01
<LI><a href="#[12f]">&gt;&gt;</a>&nbsp;&nbsp;&nbsp;ecx_dcsync0
</UL>

<P><STRONG><a name="[7d]"></a>__aeabi_memcpy</STRONG> (Thumb, 36 bytes, Stack size 0 bytes, memcpya.o(.text))
<BR><BR>[Called By]<UL><LI><a href="#[e0]">&gt;&gt;</a>&nbsp;&nbsp;&nbsp;ecx_LRWDC
<LI><a href="#[de]">&gt;&gt;</a>&nbsp;&nbsp;&nbsp;ecx_LRD
<LI><a href="#[dd]">&gt;&gt;</a>&nbsp;&nbsp;&nbsp;ecx_LRW
<LI><a href="#[d7]">&gt;&gt;</a>&nbsp;&nbsp;&nbsp;ecx_FPRD
<LI><a href="#[d5]">&gt;&gt;</a>&nbsp;&nbsp;&nbsp;ecx_FRMW
<LI><a href="#[d4]">&gt;&gt;</a>&nbsp;&nbsp;&nbsp;ecx_ARMW
<LI><a href="#[d3]">&gt;&gt;</a>&nbsp;&nbsp;&nbsp;ecx_APRD
<LI><a href="#[d2]">&gt;&gt;</a>&nbsp;&nbsp;&nbsp;ecx_BRD
<LI><a href="#[cc]">&gt;&gt;</a>&nbsp;&nbsp;&nbsp;ecx_writedatagramdata
<LI><a href="#[8e]">&gt;&gt;</a>&nbsp;&nbsp;&nbsp;dm9k_receive_packet
<LI><a href="#[7b]">&gt;&gt;</a>&nbsp;&nbsp;&nbsp;lwip_pkt_handle
<LI><a href="#[13e]">&gt;&gt;</a>&nbsp;&nbsp;&nbsp;ecx_waitinframe_red
<LI><a href="#[13c]">&gt;&gt;</a>&nbsp;&nbsp;&nbsp;ecx_inframe
<LI><a href="#[137]">&gt;&gt;</a>&nbsp;&nbsp;&nbsp;MAC_Send
<LI><a href="#[126]">&gt;&gt;</a>&nbsp;&nbsp;&nbsp;ecx_receive_processdata_group
</UL>

<P><STRONG><a name="[fd]"></a>__aeabi_memcpy4</STRONG> (Thumb, 0 bytes, Stack size 0 bytes, memcpya.o(.text))
<BR><BR>[Called By]<UL><LI><a href="#[fc]">&gt;&gt;</a>&nbsp;&nbsp;&nbsp;ecx_lookup_prev_sii
</UL>

<P><STRONG><a name="[2ab]"></a>__aeabi_memcpy8</STRONG> (Thumb, 0 bytes, Stack size 0 bytes, memcpya.o(.text), UNUSED)

<P><STRONG><a name="[177]"></a>__aeabi_memset</STRONG> (Thumb, 14 bytes, Stack size 0 bytes, memseta.o(.text))
<BR><BR>[Called By]<UL><LI><a href="#[178]">&gt;&gt;</a>&nbsp;&nbsp;&nbsp;_memset$wrapper
<LI><a href="#[f3]">&gt;&gt;</a>&nbsp;&nbsp;&nbsp;__aeabi_memclr
</UL>

<P><STRONG><a name="[2ac]"></a>__aeabi_memset4</STRONG> (Thumb, 0 bytes, Stack size 0 bytes, memseta.o(.text), UNUSED)

<P><STRONG><a name="[2ad]"></a>__aeabi_memset8</STRONG> (Thumb, 0 bytes, Stack size 0 bytes, memseta.o(.text), UNUSED)

<P><STRONG><a name="[f3]"></a>__aeabi_memclr</STRONG> (Thumb, 4 bytes, Stack size 0 bytes, memseta.o(.text))
<BR><BR>[Calls]<UL><LI><a href="#[177]">&gt;&gt;</a>&nbsp;&nbsp;&nbsp;__aeabi_memset
</UL>
<BR>[Called By]<UL><LI><a href="#[11b]">&gt;&gt;</a>&nbsp;&nbsp;&nbsp;ec_clearmbx
<LI><a href="#[cc]">&gt;&gt;</a>&nbsp;&nbsp;&nbsp;ecx_writedatagramdata
<LI><a href="#[13c]">&gt;&gt;</a>&nbsp;&nbsp;&nbsp;ecx_inframe
</UL>

<P><STRONG><a name="[f5]"></a>__aeabi_memclr4</STRONG> (Thumb, 0 bytes, Stack size 0 bytes, memseta.o(.text))
<BR><BR>[Called By]<UL><LI><a href="#[f6]">&gt;&gt;</a>&nbsp;&nbsp;&nbsp;ecx_siigetbyte
<LI><a href="#[f4]">&gt;&gt;</a>&nbsp;&nbsp;&nbsp;ecx_init_context
<LI><a href="#[10a]">&gt;&gt;</a>&nbsp;&nbsp;&nbsp;ecx_map_sii
<LI><a href="#[f8]">&gt;&gt;</a>&nbsp;&nbsp;&nbsp;ecx_set_slaves_to_default
</UL>

<P><STRONG><a name="[2ae]"></a>__aeabi_memclr8</STRONG> (Thumb, 0 bytes, Stack size 0 bytes, memseta.o(.text), UNUSED)

<P><STRONG><a name="[178]"></a>_memset$wrapper</STRONG> (Thumb, 18 bytes, Stack size 8 bytes, memseta.o(.text), UNUSED)
<BR><BR>[Calls]<UL><LI><a href="#[177]">&gt;&gt;</a>&nbsp;&nbsp;&nbsp;__aeabi_memset
</UL>

<P><STRONG><a name="[fb]"></a>strcpy</STRONG> (Thumb, 18 bytes, Stack size 0 bytes, strcpy.o(.text))
<BR><BR>[Called By]<UL><LI><a href="#[f9]">&gt;&gt;</a>&nbsp;&nbsp;&nbsp;ecx_config_from_table
</UL>

<P><STRONG><a name="[176]"></a>__aeabi_uldivmod</STRONG> (Thumb, 98 bytes, Stack size 40 bytes, uldiv.o(.text))
<BR><BR>[Stack]<UL><LI>Max Depth = 40<LI>Call Chain = __aeabi_uldivmod
</UL>
<BR>[Calls]<UL><LI><a href="#[179]">&gt;&gt;</a>&nbsp;&nbsp;&nbsp;__aeabi_llsr
<LI><a href="#[17a]">&gt;&gt;</a>&nbsp;&nbsp;&nbsp;__aeabi_llsl
</UL>
<BR>[Called By]<UL><LI><a href="#[17d]">&gt;&gt;</a>&nbsp;&nbsp;&nbsp;_printf_core
<LI><a href="#[130]">&gt;&gt;</a>&nbsp;&nbsp;&nbsp;__aeabi_ldivmod
</UL>

<P><STRONG><a name="[62]"></a>__scatterload</STRONG> (Thumb, 28 bytes, Stack size 0 bytes, init.o(.text))
<BR><BR>[Calls]<UL><LI><a href="#[17b]">&gt;&gt;</a>&nbsp;&nbsp;&nbsp;__main_after_scatterload
</UL>
<BR>[Called By]<UL><LI><a href="#[61]">&gt;&gt;</a>&nbsp;&nbsp;&nbsp;_main_scatterload
</UL>

<P><STRONG><a name="[2af]"></a>__scatterload_rt2</STRONG> (Thumb, 0 bytes, Stack size 0 bytes, init.o(.text), UNUSED)

<P><STRONG><a name="[17a]"></a>__aeabi_llsl</STRONG> (Thumb, 30 bytes, Stack size 0 bytes, llshl.o(.text))
<BR><BR>[Called By]<UL><LI><a href="#[176]">&gt;&gt;</a>&nbsp;&nbsp;&nbsp;__aeabi_uldivmod
</UL>

<P><STRONG><a name="[2b0]"></a>_ll_shift_l</STRONG> (Thumb, 0 bytes, Stack size 0 bytes, llshl.o(.text), UNUSED)

<P><STRONG><a name="[179]"></a>__aeabi_llsr</STRONG> (Thumb, 32 bytes, Stack size 0 bytes, llushr.o(.text))
<BR><BR>[Called By]<UL><LI><a href="#[176]">&gt;&gt;</a>&nbsp;&nbsp;&nbsp;__aeabi_uldivmod
</UL>

<P><STRONG><a name="[2b1]"></a>_ll_ushift_r</STRONG> (Thumb, 0 bytes, Stack size 0 bytes, llushr.o(.text), UNUSED)

<P><STRONG><a name="[17c]"></a>__0printf$8</STRONG> (Thumb, 22 bytes, Stack size 24 bytes, printf8.o(i.__0printf$8), UNUSED)
<BR><BR>[Calls]<UL><LI><a href="#[17d]">&gt;&gt;</a>&nbsp;&nbsp;&nbsp;_printf_core
</UL>

<P><STRONG><a name="[2b2]"></a>__1printf$8</STRONG> (Thumb, 0 bytes, Stack size 24 bytes, printf8.o(i.__0printf$8), UNUSED)

<P><STRONG><a name="[bc]"></a>__2printf</STRONG> (Thumb, 0 bytes, Stack size 24 bytes, printf8.o(i.__0printf$8))
<BR><BR>[Stack]<UL><LI>Max Depth = 24<LI>Call Chain = __2printf
</UL>
<BR>[Called By]<UL><LI><a href="#[112]">&gt;&gt;</a>&nbsp;&nbsp;&nbsp;ec_config
<LI><a href="#[110]">&gt;&gt;</a>&nbsp;&nbsp;&nbsp;ecx_config_map_group
<LI><a href="#[f7]">&gt;&gt;</a>&nbsp;&nbsp;&nbsp;ecx_detect_slaves
<LI><a href="#[10c]">&gt;&gt;</a>&nbsp;&nbsp;&nbsp;ecx_map_sm
<LI><a href="#[10a]">&gt;&gt;</a>&nbsp;&nbsp;&nbsp;ecx_map_sii
<LI><a href="#[109]">&gt;&gt;</a>&nbsp;&nbsp;&nbsp;ecx_lookup_mapping
<LI><a href="#[fc]">&gt;&gt;</a>&nbsp;&nbsp;&nbsp;ecx_lookup_prev_sii
<LI><a href="#[5c]">&gt;&gt;</a>&nbsp;&nbsp;&nbsp;main
</UL>

<P><STRONG><a name="[17e]"></a>__0sprintf$8</STRONG> (Thumb, 34 bytes, Stack size 24 bytes, printf8.o(i.__0sprintf$8), UNUSED)
<BR><BR>[Calls]<UL><LI><a href="#[60]">&gt;&gt;</a>&nbsp;&nbsp;&nbsp;_sputc
<LI><a href="#[17d]">&gt;&gt;</a>&nbsp;&nbsp;&nbsp;_printf_core
</UL>

<P><STRONG><a name="[2b3]"></a>__1sprintf$8</STRONG> (Thumb, 0 bytes, Stack size 24 bytes, printf8.o(i.__0sprintf$8), UNUSED)

<P><STRONG><a name="[104]"></a>__2sprintf</STRONG> (Thumb, 0 bytes, Stack size 24 bytes, printf8.o(i.__0sprintf$8))
<BR><BR>[Stack]<UL><LI>Max Depth = 24<LI>Call Chain = __2sprintf
</UL>
<BR>[Called By]<UL><LI><a href="#[fe]">&gt;&gt;</a>&nbsp;&nbsp;&nbsp;ecx_config_init
</UL>

<P><STRONG><a name="[2b4]"></a>__scatterload_copy</STRONG> (Thumb, 14 bytes, Stack size unknown bytes, handlers.o(i.__scatterload_copy), UNUSED)

<P><STRONG><a name="[2b5]"></a>__scatterload_null</STRONG> (Thumb, 2 bytes, Stack size unknown bytes, handlers.o(i.__scatterload_null), UNUSED)

<P><STRONG><a name="[2b6]"></a>__scatterload_zeroinit</STRONG> (Thumb, 14 bytes, Stack size unknown bytes, handlers.o(i.__scatterload_zeroinit), UNUSED)
<P>
<H3>
Local Symbols
</H3>
<P><STRONG><a name="[63]"></a>SetSysClock</STRONG> (Thumb, 162 bytes, Stack size 12 bytes, system_stm32f4xx.o(.text))
<BR><BR>[Stack]<UL><LI>Max Depth = 12<LI>Call Chain = SetSysClock
</UL>
<BR>[Called By]<UL><LI><a href="#[5d]">&gt;&gt;</a>&nbsp;&nbsp;&nbsp;SystemInit
</UL>

<P><STRONG><a name="[6b]"></a>ETH_GPIO_Config_RMII</STRONG> (Thumb, 250 bytes, Stack size 24 bytes, dm9162.o(.text))
<BR><BR>[Stack]<UL><LI>Max Depth = 44<LI>Call Chain = ETH_GPIO_Config_RMII &rArr; GPIO_Init
</UL>
<BR>[Calls]<UL><LI><a href="#[6d]">&gt;&gt;</a>&nbsp;&nbsp;&nbsp;SYSCFG_ETH_MediaInterfaceConfig
<LI><a href="#[6c]">&gt;&gt;</a>&nbsp;&nbsp;&nbsp;RCC_APB2PeriphClockCmd
<LI><a href="#[65]">&gt;&gt;</a>&nbsp;&nbsp;&nbsp;RCC_AHB1PeriphClockCmd
<LI><a href="#[72]">&gt;&gt;</a>&nbsp;&nbsp;&nbsp;GPIO_SetBits
<LI><a href="#[70]">&gt;&gt;</a>&nbsp;&nbsp;&nbsp;GPIO_ResetBits
<LI><a href="#[6f]">&gt;&gt;</a>&nbsp;&nbsp;&nbsp;GPIO_PinAFConfig
<LI><a href="#[6e]">&gt;&gt;</a>&nbsp;&nbsp;&nbsp;GPIO_Init
<LI><a href="#[71]">&gt;&gt;</a>&nbsp;&nbsp;&nbsp;Delay_ms
</UL>
<BR>[Called By]<UL><LI><a href="#[73]">&gt;&gt;</a>&nbsp;&nbsp;&nbsp;DM9162_Init
</UL>

<P><STRONG><a name="[86]"></a>DM9K_FSMCConfig</STRONG> (Thumb, 80 bytes, Stack size 96 bytes, dm9000.o(.text))
<BR><BR>[Stack]<UL><LI>Max Depth = 104<LI>Call Chain = DM9K_FSMCConfig &rArr; FSMC_NORSRAMInit
</UL>
<BR>[Calls]<UL><LI><a href="#[87]">&gt;&gt;</a>&nbsp;&nbsp;&nbsp;FSMC_NORSRAMInit
<LI><a href="#[88]">&gt;&gt;</a>&nbsp;&nbsp;&nbsp;FSMC_NORSRAMCmd
</UL>
<BR>[Called By]<UL><LI><a href="#[92]">&gt;&gt;</a>&nbsp;&nbsp;&nbsp;dm9k_ReadID
<LI><a href="#[8b]">&gt;&gt;</a>&nbsp;&nbsp;&nbsp;DM9000_Init
</UL>

<P><STRONG><a name="[89]"></a>DM9K_CtrlLinesConfig</STRONG> (Thumb, 394 bytes, Stack size 32 bytes, dm9000.o(.text))
<BR><BR>[Stack]<UL><LI>Max Depth = 52<LI>Call Chain = DM9K_CtrlLinesConfig &rArr; GPIO_Init
</UL>
<BR>[Calls]<UL><LI><a href="#[8a]">&gt;&gt;</a>&nbsp;&nbsp;&nbsp;RCC_AHB3PeriphClockCmd
<LI><a href="#[6c]">&gt;&gt;</a>&nbsp;&nbsp;&nbsp;RCC_APB2PeriphClockCmd
<LI><a href="#[65]">&gt;&gt;</a>&nbsp;&nbsp;&nbsp;RCC_AHB1PeriphClockCmd
<LI><a href="#[72]">&gt;&gt;</a>&nbsp;&nbsp;&nbsp;GPIO_SetBits
<LI><a href="#[70]">&gt;&gt;</a>&nbsp;&nbsp;&nbsp;GPIO_ResetBits
<LI><a href="#[6f]">&gt;&gt;</a>&nbsp;&nbsp;&nbsp;GPIO_PinAFConfig
<LI><a href="#[6e]">&gt;&gt;</a>&nbsp;&nbsp;&nbsp;GPIO_Init
<LI><a href="#[71]">&gt;&gt;</a>&nbsp;&nbsp;&nbsp;Delay_ms
</UL>
<BR>[Called By]<UL><LI><a href="#[92]">&gt;&gt;</a>&nbsp;&nbsp;&nbsp;dm9k_ReadID
<LI><a href="#[8b]">&gt;&gt;</a>&nbsp;&nbsp;&nbsp;DM9000_Init
</UL>

<P><STRONG><a name="[cc]"></a>ecx_writedatagramdata</STRONG> (Thumb, 40 bytes, Stack size 0 bytes, ethercatbase.o(.text))
<BR><BR>[Calls]<UL><LI><a href="#[f3]">&gt;&gt;</a>&nbsp;&nbsp;&nbsp;__aeabi_memclr
<LI><a href="#[7d]">&gt;&gt;</a>&nbsp;&nbsp;&nbsp;__aeabi_memcpy
</UL>
<BR>[Called By]<UL><LI><a href="#[cd]">&gt;&gt;</a>&nbsp;&nbsp;&nbsp;ecx_adddatagram
<LI><a href="#[cb]">&gt;&gt;</a>&nbsp;&nbsp;&nbsp;ecx_setupdatagram
</UL>

<P><STRONG><a name="[f8]"></a>ecx_set_slaves_to_default</STRONG> (Thumb, 294 bytes, Stack size 112 bytes, ethercatconfig.o(.text))
<BR><BR>[Stack]<UL><LI>Max Depth = 3520<LI>Call Chain = ecx_set_slaves_to_default &rArr; ecx_BWR &rArr; ecx_srconfirm &rArr; ecx_waitinframe_red &rArr; ecx_inframe &rArr; dm9k_receive_packet &rArr; dm9k_err_reset
</UL>
<BR>[Calls]<UL><LI><a href="#[ce]">&gt;&gt;</a>&nbsp;&nbsp;&nbsp;ecx_BWR
<LI><a href="#[f5]">&gt;&gt;</a>&nbsp;&nbsp;&nbsp;__aeabi_memclr4
</UL>
<BR>[Called By]<UL><LI><a href="#[fe]">&gt;&gt;</a>&nbsp;&nbsp;&nbsp;ecx_config_init
</UL>

<P><STRONG><a name="[f9]"></a>ecx_config_from_table</STRONG> (Thumb, 232 bytes, Stack size 24 bytes, ethercatconfig.o(.text))
<BR><BR>[Stack]<UL><LI>Max Depth = 40<LI>Call Chain = ecx_config_from_table &rArr; ec_findconfig
</UL>
<BR>[Calls]<UL><LI><a href="#[fa]">&gt;&gt;</a>&nbsp;&nbsp;&nbsp;ec_findconfig
<LI><a href="#[fb]">&gt;&gt;</a>&nbsp;&nbsp;&nbsp;strcpy
</UL>
<BR>[Called By]<UL><LI><a href="#[fe]">&gt;&gt;</a>&nbsp;&nbsp;&nbsp;ecx_config_init
</UL>

<P><STRONG><a name="[fc]"></a>ecx_lookup_prev_sii</STRONG> (Thumb, 440 bytes, Stack size 32 bytes, ethercatconfig.o(.text))
<BR><BR>[Stack]<UL><LI>Max Depth = 56<LI>Call Chain = ecx_lookup_prev_sii &rArr; __2printf
</UL>
<BR>[Calls]<UL><LI><a href="#[bc]">&gt;&gt;</a>&nbsp;&nbsp;&nbsp;__2printf
<LI><a href="#[fd]">&gt;&gt;</a>&nbsp;&nbsp;&nbsp;__aeabi_memcpy4
</UL>
<BR>[Called By]<UL><LI><a href="#[fe]">&gt;&gt;</a>&nbsp;&nbsp;&nbsp;ecx_config_init
</UL>

<P><STRONG><a name="[109]"></a>ecx_lookup_mapping</STRONG> (Thumb, 234 bytes, Stack size 32 bytes, ethercatconfig.o(.text))
<BR><BR>[Stack]<UL><LI>Max Depth = 56<LI>Call Chain = ecx_lookup_mapping &rArr; __2printf
</UL>
<BR>[Calls]<UL><LI><a href="#[bc]">&gt;&gt;</a>&nbsp;&nbsp;&nbsp;__2printf
</UL>
<BR>[Called By]<UL><LI><a href="#[10a]">&gt;&gt;</a>&nbsp;&nbsp;&nbsp;ecx_map_sii
</UL>

<P><STRONG><a name="[10a]"></a>ecx_map_sii</STRONG> (Thumb, 470 bytes, Stack size 3152 bytes, ethercatconfig.o(.text))
<BR><BR>[Stack]<UL><LI>Max Depth = 6832<LI>Call Chain = ecx_map_sii &rArr; ecx_siiPDO &rArr; ecx_siifind &rArr; ecx_siigetbyte &rArr; ecx_readeepromFP &rArr; ecx_eeprom_waitnotbusyFP &rArr; ecx_FPRD &rArr; ecx_srconfirm &rArr; ecx_waitinframe_red &rArr; ecx_inframe &rArr; dm9k_receive_packet &rArr; dm9k_err_reset
</UL>
<BR>[Calls]<UL><LI><a href="#[10b]">&gt;&gt;</a>&nbsp;&nbsp;&nbsp;ecx_siiPDO
<LI><a href="#[109]">&gt;&gt;</a>&nbsp;&nbsp;&nbsp;ecx_lookup_mapping
<LI><a href="#[bc]">&gt;&gt;</a>&nbsp;&nbsp;&nbsp;__2printf
<LI><a href="#[f5]">&gt;&gt;</a>&nbsp;&nbsp;&nbsp;__aeabi_memclr4
</UL>
<BR>[Called By]<UL><LI><a href="#[110]">&gt;&gt;</a>&nbsp;&nbsp;&nbsp;ecx_config_map_group
</UL>

<P><STRONG><a name="[10c]"></a>ecx_map_sm</STRONG> (Thumb, 344 bytes, Stack size 48 bytes, ethercatconfig.o(.text))
<BR><BR>[Stack]<UL><LI>Max Depth = 3456<LI>Call Chain = ecx_map_sm &rArr; ecx_FPWR &rArr; ecx_srconfirm &rArr; ecx_waitinframe_red &rArr; ecx_inframe &rArr; dm9k_receive_packet &rArr; dm9k_err_reset
</UL>
<BR>[Calls]<UL><LI><a href="#[db]">&gt;&gt;</a>&nbsp;&nbsp;&nbsp;ecx_FPWR
<LI><a href="#[bc]">&gt;&gt;</a>&nbsp;&nbsp;&nbsp;__2printf
</UL>
<BR>[Called By]<UL><LI><a href="#[110]">&gt;&gt;</a>&nbsp;&nbsp;&nbsp;ecx_config_map_group
</UL>

<P><STRONG><a name="[12c]"></a>ecx_pushindex</STRONG> (Thumb, 48 bytes, Stack size 12 bytes, ethercatmain.o(.text))
<BR><BR>[Stack]<UL><LI>Max Depth = 12<LI>Call Chain = ecx_pushindex
</UL>
<BR>[Called By]<UL><LI><a href="#[12a]">&gt;&gt;</a>&nbsp;&nbsp;&nbsp;ecx_send_processdata_group
</UL>

<P><STRONG><a name="[127]"></a>ecx_pullindex</STRONG> (Thumb, 24 bytes, Stack size 0 bytes, ethercatmain.o(.text))
<BR><BR>[Called By]<UL><LI><a href="#[126]">&gt;&gt;</a>&nbsp;&nbsp;&nbsp;ecx_receive_processdata_group
</UL>

<P><STRONG><a name="[134]"></a>ecx_porttime</STRONG> (Thumb, 56 bytes, Stack size 0 bytes, ethercatdc.o(.text))
<BR><BR>[Called By]<UL><LI><a href="#[132]">&gt;&gt;</a>&nbsp;&nbsp;&nbsp;ecx_configdc
</UL>

<P><STRONG><a name="[135]"></a>ecx_prevport</STRONG> (Thumb, 112 bytes, Stack size 8 bytes, ethercatdc.o(.text))
<BR><BR>[Stack]<UL><LI>Max Depth = 8<LI>Call Chain = ecx_prevport
</UL>
<BR>[Called By]<UL><LI><a href="#[132]">&gt;&gt;</a>&nbsp;&nbsp;&nbsp;ecx_configdc
</UL>

<P><STRONG><a name="[133]"></a>ecx_parentport</STRONG> (Thumb, 72 bytes, Stack size 8 bytes, ethercatdc.o(.text))
<BR><BR>[Stack]<UL><LI>Max Depth = 8<LI>Call Chain = ecx_parentport
</UL>
<BR>[Called By]<UL><LI><a href="#[132]">&gt;&gt;</a>&nbsp;&nbsp;&nbsp;ecx_configdc
</UL>

<P><STRONG><a name="[139]"></a>ecx_clear_rxbufstat</STRONG> (Thumb, 16 bytes, Stack size 0 bytes, nicdrv.o(.text))
<BR><BR>[Called By]<UL><LI><a href="#[117]">&gt;&gt;</a>&nbsp;&nbsp;&nbsp;ecx_setupnic
</UL>

<P><STRONG><a name="[150]"></a>TI2_Config</STRONG> (Thumb, 54 bytes, Stack size 20 bytes, stm32f4xx_tim.o(.text), UNUSED)
<BR><BR>[Called By]<UL><LI><a href="#[156]">&gt;&gt;</a>&nbsp;&nbsp;&nbsp;TIM_TIxExternalClockConfig
<LI><a href="#[153]">&gt;&gt;</a>&nbsp;&nbsp;&nbsp;TIM_PWMIConfig
<LI><a href="#[14c]">&gt;&gt;</a>&nbsp;&nbsp;&nbsp;TIM_ICInit
</UL>

<P><STRONG><a name="[14e]"></a>TI1_Config</STRONG> (Thumb, 46 bytes, Stack size 16 bytes, stm32f4xx_tim.o(.text), UNUSED)
<BR><BR>[Called By]<UL><LI><a href="#[156]">&gt;&gt;</a>&nbsp;&nbsp;&nbsp;TIM_TIxExternalClockConfig
<LI><a href="#[153]">&gt;&gt;</a>&nbsp;&nbsp;&nbsp;TIM_PWMIConfig
<LI><a href="#[14c]">&gt;&gt;</a>&nbsp;&nbsp;&nbsp;TIM_ICInit
</UL>

<P><STRONG><a name="[15c]"></a>ETH_Delay</STRONG> (Thumb, 18 bytes, Stack size 12 bytes, stm32f4x7_eth.o(.text))
<BR><BR>[Stack]<UL><LI>Max Depth = 12<LI>Call Chain = ETH_Delay
</UL>
<BR>[Called By]<UL><LI><a href="#[6a]">&gt;&gt;</a>&nbsp;&nbsp;&nbsp;ETH_Init
</UL>

<P><STRONG><a name="[169]"></a>RTC_ByteToBcd2</STRONG> (Thumb, 24 bytes, Stack size 0 bytes, stm32f4xx_rtc.o(.text), UNUSED)
<BR><BR>[Called By]<UL><LI><a href="#[94]">&gt;&gt;</a>&nbsp;&nbsp;&nbsp;RTC_SetTime
<LI><a href="#[96]">&gt;&gt;</a>&nbsp;&nbsp;&nbsp;RTC_SetDate
<LI><a href="#[a3]">&gt;&gt;</a>&nbsp;&nbsp;&nbsp;RTC_SetAlarm
</UL>

<P><STRONG><a name="[168]"></a>RTC_Bcd2ToByte</STRONG> (Thumb, 18 bytes, Stack size 0 bytes, stm32f4xx_rtc.o(.text), UNUSED)
<BR><BR>[Called By]<UL><LI><a href="#[94]">&gt;&gt;</a>&nbsp;&nbsp;&nbsp;RTC_SetTime
<LI><a href="#[96]">&gt;&gt;</a>&nbsp;&nbsp;&nbsp;RTC_SetDate
<LI><a href="#[a3]">&gt;&gt;</a>&nbsp;&nbsp;&nbsp;RTC_SetAlarm
<LI><a href="#[16f]">&gt;&gt;</a>&nbsp;&nbsp;&nbsp;RTC_GetTimeStamp
<LI><a href="#[16c]">&gt;&gt;</a>&nbsp;&nbsp;&nbsp;RTC_GetAlarm
<LI><a href="#[16b]">&gt;&gt;</a>&nbsp;&nbsp;&nbsp;RTC_GetDate
<LI><a href="#[16a]">&gt;&gt;</a>&nbsp;&nbsp;&nbsp;RTC_GetTime
</UL>

<P><STRONG><a name="[17d]"></a>_printf_core</STRONG> (Thumb, 996 bytes, Stack size 104 bytes, printf8.o(i._printf_core), UNUSED)
<BR><BR>[Calls]<UL><LI><a href="#[176]">&gt;&gt;</a>&nbsp;&nbsp;&nbsp;__aeabi_uldivmod
<LI><a href="#[17f]">&gt;&gt;</a>&nbsp;&nbsp;&nbsp;_printf_pre_padding
<LI><a href="#[180]">&gt;&gt;</a>&nbsp;&nbsp;&nbsp;_printf_post_padding
</UL>
<BR>[Called By]<UL><LI><a href="#[17e]">&gt;&gt;</a>&nbsp;&nbsp;&nbsp;__0sprintf$8
<LI><a href="#[17c]">&gt;&gt;</a>&nbsp;&nbsp;&nbsp;__0printf$8
</UL>

<P><STRONG><a name="[180]"></a>_printf_post_padding</STRONG> (Thumb, 36 bytes, Stack size 24 bytes, printf8.o(i._printf_post_padding), UNUSED)
<BR><BR>[Called By]<UL><LI><a href="#[17d]">&gt;&gt;</a>&nbsp;&nbsp;&nbsp;_printf_core
</UL>

<P><STRONG><a name="[17f]"></a>_printf_pre_padding</STRONG> (Thumb, 46 bytes, Stack size 24 bytes, printf8.o(i._printf_pre_padding), UNUSED)
<BR><BR>[Called By]<UL><LI><a href="#[17d]">&gt;&gt;</a>&nbsp;&nbsp;&nbsp;_printf_core
</UL>

<P><STRONG><a name="[60]"></a>_sputc</STRONG> (Thumb, 10 bytes, Stack size 0 bytes, printf8.o(i._sputc))
<BR><BR>[Called By]<UL><LI><a href="#[17e]">&gt;&gt;</a>&nbsp;&nbsp;&nbsp;__0sprintf$8
</UL>
<BR>[Address Reference Count : 1]<UL><LI> printf8.o(i.__0sprintf$8)
</UL><P>
<H3>
Undefined Global Symbols
</H3><HR></body></html>
